Archive member included to satisfy reference by file (symbol)

/Applications/STM32CubeIDE.app/Contents/Eclipse/plugins/com.st.stm32cube.ide.mcu.externaltools.gnu-tools-for-stm32.12.3.rel1.macos64_1.0.200.202406191456/tools/bin/../lib/gcc/arm-none-eabi/12.3.1/../../../../arm-none-eabi/lib/thumb/v7e-m+fp/hard/libc_nano.a(libc_a-exit.o)
                              /Applications/STM32CubeIDE.app/Contents/Eclipse/plugins/com.st.stm32cube.ide.mcu.externaltools.gnu-tools-for-stm32.12.3.rel1.macos64_1.0.200.202406191456/tools/bin/../lib/gcc/arm-none-eabi/12.3.1/../../../../arm-none-eabi/lib/thumb/v7e-m+fp/hard/crt0.o (exit)
/Applications/STM32CubeIDE.app/Contents/Eclipse/plugins/com.st.stm32cube.ide.mcu.externaltools.gnu-tools-for-stm32.12.3.rel1.macos64_1.0.200.202406191456/tools/bin/../lib/gcc/arm-none-eabi/12.3.1/../../../../arm-none-eabi/lib/thumb/v7e-m+fp/hard/libc_nano.a(libc_a-findfp.o)
                              /Applications/STM32CubeIDE.app/Contents/Eclipse/plugins/com.st.stm32cube.ide.mcu.externaltools.gnu-tools-for-stm32.12.3.rel1.macos64_1.0.200.202406191456/tools/bin/../lib/gcc/arm-none-eabi/12.3.1/../../../../arm-none-eabi/lib/thumb/v7e-m+fp/hard/libc_nano.a(libc_a-exit.o) (__stdio_exit_handler)
/Applications/STM32CubeIDE.app/Contents/Eclipse/plugins/com.st.stm32cube.ide.mcu.externaltools.gnu-tools-for-stm32.12.3.rel1.macos64_1.0.200.202406191456/tools/bin/../lib/gcc/arm-none-eabi/12.3.1/../../../../arm-none-eabi/lib/thumb/v7e-m+fp/hard/libc_nano.a(libc_a-fwalk.o)
                              /Applications/STM32CubeIDE.app/Contents/Eclipse/plugins/com.st.stm32cube.ide.mcu.externaltools.gnu-tools-for-stm32.12.3.rel1.macos64_1.0.200.202406191456/tools/bin/../lib/gcc/arm-none-eabi/12.3.1/../../../../arm-none-eabi/lib/thumb/v7e-m+fp/hard/libc_nano.a(libc_a-findfp.o) (_fwalk_sglue)
/Applications/STM32CubeIDE.app/Contents/Eclipse/plugins/com.st.stm32cube.ide.mcu.externaltools.gnu-tools-for-stm32.12.3.rel1.macos64_1.0.200.202406191456/tools/bin/../lib/gcc/arm-none-eabi/12.3.1/../../../../arm-none-eabi/lib/thumb/v7e-m+fp/hard/libc_nano.a(libc_a-memset.o)
                              /Applications/STM32CubeIDE.app/Contents/Eclipse/plugins/com.st.stm32cube.ide.mcu.externaltools.gnu-tools-for-stm32.12.3.rel1.macos64_1.0.200.202406191456/tools/bin/../lib/gcc/arm-none-eabi/12.3.1/../../../../arm-none-eabi/lib/thumb/v7e-m+fp/hard/crt0.o (memset)
/Applications/STM32CubeIDE.app/Contents/Eclipse/plugins/com.st.stm32cube.ide.mcu.externaltools.gnu-tools-for-stm32.12.3.rel1.macos64_1.0.200.202406191456/tools/bin/../lib/gcc/arm-none-eabi/12.3.1/../../../../arm-none-eabi/lib/thumb/v7e-m+fp/hard/libc_nano.a(libc_a-impure.o)
                              /Applications/STM32CubeIDE.app/Contents/Eclipse/plugins/com.st.stm32cube.ide.mcu.externaltools.gnu-tools-for-stm32.12.3.rel1.macos64_1.0.200.202406191456/tools/bin/../lib/gcc/arm-none-eabi/12.3.1/../../../../arm-none-eabi/lib/thumb/v7e-m+fp/hard/libc_nano.a(libc_a-findfp.o) (_impure_data)
/Applications/STM32CubeIDE.app/Contents/Eclipse/plugins/com.st.stm32cube.ide.mcu.externaltools.gnu-tools-for-stm32.12.3.rel1.macos64_1.0.200.202406191456/tools/bin/../lib/gcc/arm-none-eabi/12.3.1/../../../../arm-none-eabi/lib/thumb/v7e-m+fp/hard/libc_nano.a(libc_a-errno.o)
                              ./Core/Src/syscalls.o (__errno)
/Applications/STM32CubeIDE.app/Contents/Eclipse/plugins/com.st.stm32cube.ide.mcu.externaltools.gnu-tools-for-stm32.12.3.rel1.macos64_1.0.200.202406191456/tools/bin/../lib/gcc/arm-none-eabi/12.3.1/../../../../arm-none-eabi/lib/thumb/v7e-m+fp/hard/libc_nano.a(libc_a-init.o)
                              /Applications/STM32CubeIDE.app/Contents/Eclipse/plugins/com.st.stm32cube.ide.mcu.externaltools.gnu-tools-for-stm32.12.3.rel1.macos64_1.0.200.202406191456/tools/bin/../lib/gcc/arm-none-eabi/12.3.1/../../../../arm-none-eabi/lib/thumb/v7e-m+fp/hard/crt0.o (__libc_init_array)
/Applications/STM32CubeIDE.app/Contents/Eclipse/plugins/com.st.stm32cube.ide.mcu.externaltools.gnu-tools-for-stm32.12.3.rel1.macos64_1.0.200.202406191456/tools/bin/../lib/gcc/arm-none-eabi/12.3.1/../../../../arm-none-eabi/lib/thumb/v7e-m+fp/hard/libc_nano.a(libc_a-lock.o)
                              /Applications/STM32CubeIDE.app/Contents/Eclipse/plugins/com.st.stm32cube.ide.mcu.externaltools.gnu-tools-for-stm32.12.3.rel1.macos64_1.0.200.202406191456/tools/bin/../lib/gcc/arm-none-eabi/12.3.1/../../../../arm-none-eabi/lib/thumb/v7e-m+fp/hard/libc_nano.a(libc_a-findfp.o) (__retarget_lock_init_recursive)
/Applications/STM32CubeIDE.app/Contents/Eclipse/plugins/com.st.stm32cube.ide.mcu.externaltools.gnu-tools-for-stm32.12.3.rel1.macos64_1.0.200.202406191456/tools/bin/../lib/gcc/arm-none-eabi/12.3.1/../../../../arm-none-eabi/lib/thumb/v7e-m+fp/hard/libc_nano.a(libc_a-mallocr.o)
[...]
Memory Configuration

Name             Origin             Length             Attributes
RAM              0x20000000         0x00010000         xrw
FLASH            0x08000000         0x0000c000         xr
*default*        0x00000000         0xffffffff

Linker script and memory map

LOAD /Applications/STM32CubeIDE.app/Contents/Eclipse/plugins/com.st.stm32cube.ide.mcu.externaltools.gnu-tools-for-stm32.12.3.rel1.macos64_1.0.200.202406191456/tools/bin/../lib/gcc/arm-none-eabi/12.3.1/thumb/v7e-m+fp/hard/crti.o
LOAD /Applications/STM32CubeIDE.app/Contents/Eclipse/plugins/com.st.stm32cube.ide.mcu.externaltools.gnu-tools-for-stm32.12.3.rel1.macos64_1.0.200.202406191456/tools/bin/../lib/gcc/arm-none-eabi/12.3.1/thumb/v7e-m+fp/hard/crtbegin.o
LOAD /Applications/STM32CubeIDE.app/Contents/Eclipse/plugins/com.st.stm32cube.ide.mcu.externaltools.gnu-tools-for-stm32.12.3.rel1.macos64_1.0.200.202406191456/tools/bin/../lib/gcc/arm-none-eabi/12.3.1/../../../../arm-none-eabi/lib/thumb/v7e-m+fp/hard/crt0.o
LOAD ./Core/Src/dma.o
LOAD ./Core/Src/gpio.o
LOAD ./Core/Src/main.o
LOAD ./Core/Src/rtc.o
LOAD ./Core/Src/sdio.o
LOAD ./Core/Src/stm32f4xx_hal_msp.o
LOAD ./Core/Src/stm32f4xx_it.o
LOAD ./Core/Src/syscalls.o
LOAD ./Core/Src/sysmem.o
LOAD ./Core/Src/system_stm32f4xx.o
LOAD ./Core/Startup/startup_stm32f401rctx.o
LOAD ./Drivers/STM32F4xx_HAL_Driver/Src/stm32f4xx_hal.o
LOAD ./Drivers/STM32F4xx_HAL_Driver/Src/stm32f4xx_hal_cortex.o
LOAD ./Drivers/STM32F4xx_HAL_Driver/Src/stm32f4xx_hal_dma.o
LOAD ./Drivers/STM32F4xx_HAL_Driver/Src/stm32f4xx_hal_dma_ex.o
LOAD ./Drivers/STM32F4xx_HAL_Driver/Src/stm32f4xx_hal_exti.o
LOAD ./Drivers/STM32F4xx_HAL_Driver/Src/stm32f4xx_hal_flash.o
LOAD ./Drivers/STM32F4xx_HAL_Driver/Src/stm32f4xx_hal_flash_ex.o
LOAD ./Drivers/STM32F4xx_HAL_Driver/Src/stm32f4xx_hal_flash_ramfunc.o
LOAD ./Drivers/STM32F4xx_HAL_Driver/Src/stm32f4xx_hal_gpio.o
LOAD ./Drivers/STM32F4xx_HAL_Driver/Src/stm32f4xx_hal_pwr.o
LOAD ./Drivers/STM32F4xx_HAL_Driver/Src/stm32f4xx_hal_pwr_ex.o
LOAD ./Drivers/STM32F4xx_HAL_Driver/Src/stm32f4xx_hal_rcc.o
LOAD ./Drivers/STM32F4xx_HAL_Driver/Src/stm32f4xx_hal_rcc_ex.o
LOAD ./Drivers/STM32F4xx_HAL_Driver/Src/stm32f4xx_hal_rtc.o
LOAD ./Drivers/STM32F4xx_HAL_Driver/Src/stm32f4xx_hal_rtc_ex.o
LOAD ./Drivers/STM32F4xx_HAL_Driver/Src/stm32f4xx_hal_sd.o
LOAD ./Drivers/STM32F4xx_HAL_Driver/Src/stm32f4xx_hal_tim.o
LOAD ./Drivers/STM32F4xx_HAL_Driver/Src/stm32f4xx_hal_tim_ex.o
LOAD ./Drivers/STM32F4xx_HAL_Driver/Src/stm32f4xx_ll_sdmmc.o
LOAD ./FATFS/App/fatfs.o
LOAD ./FATFS/Target/bsp_driver_sd.o
LOAD ./FATFS/Target/fatfs_platform.o
LOAD ./FATFS/Target/sd_diskio.o
LOAD ./Middlewares/Third_Party/FatFs/src/diskio.o
LOAD ./Middlewares/Third_Party/FatFs/src/ff.o
LOAD ./Middlewares/Third_Party/FatFs/src/ff_gen_drv.o
LOAD ./Middlewares/Third_Party/FatFs/src/option/ccsbcs.o
LOAD ./Middlewares/Third_Party/FatFs/src/option/syscall.o
START GROUP
LOAD /Applications/STM32CubeIDE.app/Contents/Eclipse/plugins/com.st.stm32cube.ide.mcu.externaltools.gnu-tools-for-stm32.12.3.rel1.macos64_1.0.200.202406191456/tools/bin/../lib/gcc/arm-none-eabi/12.3.1/../../../../arm-none-eabi/lib/thumb/v7e-m+fp/hard/libc_nano.a
LOAD /Applications/STM32CubeIDE.app/Contents/Eclipse/plugins/com.st.stm32cube.ide.mcu.externaltools.gnu-tools-for-stm32.12.3.rel1.macos64_1.0.200.202406191456/tools/bin/../lib/gcc/arm-none-eabi/12.3.1/../../../../arm-none-eabi/lib/thumb/v7e-m+fp/hard/libm.a
END GROUP
START GROUP
LOAD /Applications/STM32CubeIDE.app/Contents/Eclipse/plugins/com.st.stm32cube.ide.mcu.externaltools.gnu-tools-for-stm32.12.3.rel1.macos64_1.0.200.202406191456/tools/bin/../lib/gcc/arm-none-eabi/12.3.1/thumb/v7e-m+fp/hard/libgcc.a
LOAD /Applications/STM32CubeIDE.app/Contents/Eclipse/plugins/com.st.stm32cube.ide.mcu.externaltools.gnu-tools-for-stm32.12.3.rel1.macos64_1.0.200.202406191456/tools/bin/../lib/gcc/arm-none-eabi/12.3.1/../../../../arm-none-eabi/lib/thumb/v7e-m+fp/hard/libc_nano.a
END GROUP
START GROUP
LOAD /Applications/STM32CubeIDE.app/Contents/Eclipse/plugins/com.st.stm32cube.ide.mcu.externaltools.gnu-tools-for-stm32.12.3.rel1.macos64_1.0.200.202406191456/tools/bin/../lib/gcc/arm-none-eabi/12.3.1/thumb/v7e-m+fp/hard/libgcc.a
LOAD /Applications/STM32CubeIDE.app/Contents/Eclipse/plugins/com.st.stm32cube.ide.mcu.externaltools.gnu-tools-for-stm32.12.3.rel1.macos64_1.0.200.202406191456/tools/bin/../lib/gcc/arm-none-eabi/12.3.1/../../../../arm-none-eabi/lib/thumb/v7e-m+fp/hard/libc_nano.a
LOAD /Applications/STM32CubeIDE.app/Contents/Eclipse/plugins/com.st.stm32cube.ide.mcu.externaltools.gnu-tools-for-stm32.12.3.rel1.macos64_1.0.200.202406191456/tools/bin/../lib/gcc/arm-none-eabi/12.3.1/../../../../arm-none-eabi/lib/thumb/v7e-m+fp/hard/libnosys.a
END GROUP
START GROUP
LOAD /Applications/STM32CubeIDE.app/Contents/Eclipse/plugins/com.st.stm32cube.ide.mcu.externaltools.gnu-tools-for-stm32.12.3.rel1.macos64_1.0.200.202406191456/tools/bin/../lib/gcc/arm-none-eabi/12.3.1/thumb/v7e-m+fp/hard/libgcc.a
LOAD /Applications/STM32CubeIDE.app/Contents/Eclipse/plugins/com.st.stm32cube.ide.mcu.externaltools.gnu-tools-for-stm32.12.3.rel1.macos64_1.0.200.202406191456/tools/bin/../lib/gcc/arm-none-eabi/12.3.1/../../../../arm-none-eabi/lib/thumb/v7e-m+fp/hard/libc_nano.a
LOAD /Applications/STM32CubeIDE.app/Contents/Eclipse/plugins/com.st.stm32cube.ide.mcu.externaltools.gnu-tools-for-stm32.12.3.rel1.macos64_1.0.200.202406191456/tools/bin/../lib/gcc/arm-none-eabi/12.3.1/../../../../arm-none-eabi/lib/thumb/v7e-m+fp/hard/libnosys.a
END GROUP
LOAD /Applications/STM32CubeIDE.app/Contents/Eclipse/plugins/com.st.stm32cube.ide.mcu.externaltools.gnu-tools-for-stm32.12.3.rel1.macos64_1.0.200.202406191456/tools/bin/../lib/gcc/arm-none-eabi/12.3.1/thumb/v7e-m+fp/hard/crtend.o
LOAD /Applications/STM32CubeIDE.app/Contents/Eclipse/plugins/com.st.stm32cube.ide.mcu.externaltools.gnu-tools-for-stm32.12.3.rel1.macos64_1.0.200.202406191456/tools/bin/../lib/gcc/arm-none-eabi/12.3.1/thumb/v7e-m+fp/hard/crtn.o
                0x20010000                        _estack = (ORIGIN (RAM) + LENGTH (RAM))
                0x00000400                        _Min_Heap_Size = 0x400
                0x00000800                        _Min_Stack_Size = 0x800

.isr_vector     0x08000000      0x194
                0x08000000                        . = ALIGN (0x4)
 *(.isr_vector)
 .isr_vector    0x08000000      0x194 ./Core/Startup/startup_stm32f401rctx.o
                0x08000000                g_pfnVectors
                0x08000194                        . = ALIGN (0x4)

.text           0x08000194     0x8784
                0x08000194                        . = ALIGN (0x4)
 *(.text)
 .text          0x08000194       0x40 /Applications/STM32CubeIDE.app/Contents/Eclipse/plugins/com.st.stm32cube.ide.mcu.externaltools.gnu-tools-for-stm32.12.3.rel1.macos64_1.0.200.202406191456/tools/bin/../lib/gcc/arm-none-eabi/12.3.1/thumb/v7e-m+fp/hard/crtbegin.o
 .text          0x080001d4       0x30 /Applications/STM32CubeIDE.app/Contents/Eclipse/plugins/com.st.stm32cube.ide.mcu.externaltools.gnu-tools-for-stm32.12.3.rel1.macos64_1.0.200.202406191456/tools/bin/../lib/gcc/arm-none-eabi/12.3.1/thumb/v7e-m+fp/hard/libgcc.a(_aeabi_uldivmod.o)
                0x080001d4                __aeabi_uldivmod
 .text          0x08000204      0x2bc /Applications/STM32CubeIDE.app/Contents/Eclipse/plugins/com.st.stm32cube.ide.mcu.externaltools.gnu-tools-for-stm32.12.3.rel1.macos64_1.0.200.202406191456/tools/bin/../lib/gcc/arm-none-eabi/12.3.1/thumb/v7e-m+fp/hard/libgcc.a(_udivmoddi4.o)
                0x08000204                __udivmoddi4
 .text          0x080004c0        0x4 /Applications/STM32CubeIDE.app/Contents/Eclipse/plugins/com.st.stm32cube.ide.mcu.externaltools.gnu-tools-for-stm32.12.3.rel1.macos64_1.0.200.202406191456/tools/bin/../lib/gcc/arm-none-eabi/12.3.1/thumb/v7e-m+fp/hard/libgcc.a(_dvmd_tls.o)
                0x080004c0                __aeabi_ldiv0
                0x080004c0                __aeabi_idiv0
 *(.text*)
 .text.MX_DMA_Init
                0x080004c4       0x50 ./Core/Src/dma.o
                0x080004c4                MX_DMA_Init
 .text.MX_GPIO_Init
                0x08000514      0x114 ./Core/Src/gpio.o
                0x08000514                MX_GPIO_Init
 .text.isBoot1High
                0x08000628       0x20 ./Core/Src/main.o
                0x08000628                isBoot1High
 .text.toggleIndicator
                0x08000648       0x78 ./Core/Src/main.o
                0x08000648                toggleIndicator
 .text.flashFirmwareInChunks
                0x080006c0      0x164 ./Core/Src/main.o
                0x080006c0                flashFirmwareInChunks
 .text.jumpToApplication
                0x08000824       0x40 ./Core/Src/main.o
                0x08000824                jumpToApplication
 .text.main     0x08000864      0x180 ./Core/Src/main.o
                0x08000864                main
 .text.SystemClock_Config
                0x080009e4       0xdc ./Core/Src/main.o
                0x080009e4                SystemClock_Config
 .text.Error_Handler
                0x08000ac0        0xc ./Core/Src/main.o
                0x08000ac0                Error_Handler
 .text.MX_RTC_Init
                0x08000acc       0x4c ./Core/Src/rtc.o
                0x08000acc                MX_RTC_Init
 .text.HAL_RTC_MspInit
                0x08000b18       0x58 ./Core/Src/rtc.o
                0x08000b18                HAL_RTC_MspInit
 .text.MX_SDIO_SD_Init
                0x08000b70       0x50 ./Core/Src/sdio.o
                0x08000b70                MX_SDIO_SD_Init
 .text.HAL_SD_MspInit
                0x08000bc0      0x1e0 ./Core/Src/sdio.o
                0x08000bc0                HAL_SD_MspInit
 .text.HAL_MspInit
                0x08000da0       0x50 ./Core/Src/stm32f4xx_hal_msp.o
                0x08000da0                HAL_MspInit
 .text.NMI_Handler
                0x08000df0        0xc ./Core/Src/stm32f4xx_it.o
                0x08000df0                NMI_Handler
 .text.HardFault_Handler
                0x08000dfc        0x8 ./Core/Src/stm32f4xx_it.o
                0x08000dfc                HardFault_Handler
 .text.MemManage_Handler
                0x08000e04        0x8 ./Core/Src/stm32f4xx_it.o
                0x08000e04                MemManage_Handler
 .text.BusFault_Handler
                0x08000e0c        0x8 ./Core/Src/stm32f4xx_it.o
                0x08000e0c                BusFault_Handler
 .text.UsageFault_Handler
                0x08000e14        0x8 ./Core/Src/stm32f4xx_it.o
                0x08000e14                UsageFault_Handler
 .text.SVC_Handler
                0x08000e1c        0xe ./Core/Src/stm32f4xx_it.o
                0x08000e1c                SVC_Handler
 .text.DebugMon_Handler
                0x08000e2a        0xe ./Core/Src/stm32f4xx_it.o
                0x08000e2a                DebugMon_Handler
 .text.PendSV_Handler
                0x08000e38        0xe ./Core/Src/stm32f4xx_it.o
                0x08000e38                PendSV_Handler
 .text.SysTick_Handler
                0x08000e46        0xc ./Core/Src/stm32f4xx_it.o
                0x08000e46                SysTick_Handler
 *fill*         0x08000e52        0x2 
 .text.SDIO_IRQHandler
                0x08000e54       0x14 ./Core/Src/stm32f4xx_it.o
                0x08000e54                SDIO_IRQHandler
 .text.DMA2_Stream3_IRQHandler
                0x08000e68       0x14 ./Core/Src/stm32f4xx_it.o
                0x08000e68                DMA2_Stream3_IRQHandler
 .text.DMA2_Stream6_IRQHandler
                0x08000e7c       0x14 ./Core/Src/stm32f4xx_it.o
                0x08000e7c                DMA2_Stream6_IRQHandler
 .text.SystemInit
                0x08000e90       0x24 ./Core/Src/system_stm32f4xx.o
                0x08000e90                SystemInit
 .text.Reset_Handler
                0x08000eb4       0x50 ./Core/Startup/startup_stm32f401rctx.o
                0x08000eb4                Reset_Handler
 .text.Default_Handler
                0x08000f04        0x2 ./Core/Startup/startup_stm32f401rctx.o
                0x08000f04                DMA1_Stream3_IRQHandler
                0x08000f04                EXTI2_IRQHandler
                0x08000f04                SPI4_IRQHandler
                0x08000f04                TIM1_CC_IRQHandler
                0x08000f04                DMA2_Stream5_IRQHandler
                0x08000f04                DMA1_Stream5_IRQHandler
                0x08000f04                PVD_IRQHandler
                0x08000f04                TAMP_STAMP_IRQHandler
                0x08000f04                EXTI3_IRQHandler
                0x08000f04                TIM1_UP_TIM10_IRQHandler
                0x08000f04                I2C3_ER_IRQHandler
                0x08000f04                EXTI0_IRQHandler
                0x08000f04                I2C2_EV_IRQHandler
                0x08000f04                DMA1_Stream2_IRQHandler
                0x08000f04                FPU_IRQHandler
                0x08000f04                DMA2_Stream2_IRQHandler
                0x08000f04                SPI1_IRQHandler
                0x08000f04                TIM1_BRK_TIM9_IRQHandler
                0x08000f04                USART6_IRQHandler
                0x08000f04                DMA2_Stream0_IRQHandler
                0x08000f04                TIM4_IRQHandler
                0x08000f04                I2C1_EV_IRQHandler
                0x08000f04                DMA1_Stream6_IRQHandler
                0x08000f04                DMA1_Stream1_IRQHandler
                0x08000f04                TIM3_IRQHandler
                0x08000f04                RCC_IRQHandler
                0x08000f04                Default_Handler
                0x08000f04                EXTI15_10_IRQHandler
                0x08000f04                ADC_IRQHandler
                0x08000f04                DMA1_Stream7_IRQHandler
                0x08000f04                TIM5_IRQHandler
                0x08000f04                DMA2_Stream7_IRQHandler
                0x08000f04                I2C3_EV_IRQHandler
                0x08000f04                EXTI9_5_IRQHandler
                0x08000f04                RTC_WKUP_IRQHandler
                0x08000f04                SPI2_IRQHandler
                0x08000f04                DMA1_Stream0_IRQHandler
                0x08000f04                EXTI4_IRQHandler
                0x08000f04                WWDG_IRQHandler
                0x08000f04                TIM2_IRQHandler
                0x08000f04                OTG_FS_WKUP_IRQHandler
                0x08000f04                TIM1_TRG_COM_TIM11_IRQHandler
                0x08000f04                EXTI1_IRQHandler
                0x08000f04                USART2_IRQHandler
                0x08000f04                I2C2_ER_IRQHandler
                0x08000f04                DMA2_Stream1_IRQHandler
                0x08000f04                FLASH_IRQHandler
                0x08000f04                DMA2_Stream4_IRQHandler
                0x08000f04                USART1_IRQHandler
                0x08000f04                OTG_FS_IRQHandler
                0x08000f04                SPI3_IRQHandler
                0x08000f04                DMA1_Stream4_IRQHandler
                0x08000f04                I2C1_ER_IRQHandler
                0x08000f04                RTC_Alarm_IRQHandler
 *fill*         0x08000f06        0x2 
 .text.HAL_Init
                0x08000f08       0x44 ./Drivers/STM32F4xx_HAL_Driver/Src/stm32f4xx_hal.o
                0x08000f08                HAL_Init
 .text.HAL_DeInit
                0x08000f4c       0x5c ./Drivers/STM32F4xx_HAL_Driver/Src/stm32f4xx_hal.o
                0x08000f4c                HAL_DeInit
 .text.HAL_MspDeInit
                0x08000fa8        0xe ./Drivers/STM32F4xx_HAL_Driver/Src/stm32f4xx_hal.o
                0x08000fa8                HAL_MspDeInit
 *fill*         0x08000fb6        0x2 
 .text.HAL_InitTick
                0x08000fb8       0x60 ./Drivers/STM32F4xx_HAL_Driver/Src/stm32f4xx_hal.o
                0x08000fb8                HAL_InitTick
 .text.HAL_IncTick
                0x08001018       0x28 ./Drivers/STM32F4xx_HAL_Driver/Src/stm32f4xx_hal.o
                0x08001018                HAL_IncTick
 .text.HAL_GetTick
                0x08001040       0x18 ./Drivers/STM32F4xx_HAL_Driver/Src/stm32f4xx_hal.o
                0x08001040                HAL_GetTick
 .text.HAL_Delay
                0x08001058       0x48 ./Drivers/STM32F4xx_HAL_Driver/Src/stm32f4xx_hal.o
                0x08001058                HAL_Delay
 .text.__NVIC_SetPriorityGrouping
                0x080010a0       0x48 ./Drivers/STM32F4xx_HAL_Driver/Src/stm32f4xx_hal_cortex.o
 .text.__NVIC_GetPriorityGrouping
                0x080010e8       0x1c ./Drivers/STM32F4xx_HAL_Driver/Src/stm32f4xx_hal_cortex.o
 .text.__NVIC_EnableIRQ
                0x08001104       0x3c ./Drivers/STM32F4xx_HAL_Driver/Src/stm32f4xx_hal_cortex.o
 .text.__NVIC_SetPriority
                0x08001140       0x54 ./Drivers/STM32F4xx_HAL_Driver/Src/stm32f4xx_hal_cortex.o
 .text.NVIC_EncodePriority
                0x08001194       0x66 ./Drivers/STM32F4xx_HAL_Driver/Src/stm32f4xx_hal_cortex.o
 *fill*         0x080011fa        0x2 
 .text.SysTick_Config
                0x080011fc       0x44 ./Drivers/STM32F4xx_HAL_Driver/Src/stm32f4xx_hal_cortex.o
 .text.HAL_NVIC_SetPriorityGrouping
                0x08001240       0x16 ./Drivers/STM32F4xx_HAL_Driver/Src/stm32f4xx_hal_cortex.o
                0x08001240                HAL_NVIC_SetPriorityGrouping
 .text.HAL_NVIC_SetPriority
                0x08001256       0x38 ./Drivers/STM32F4xx_HAL_Driver/Src/stm32f4xx_hal_cortex.o
                0x08001256                HAL_NVIC_SetPriority
 .text.HAL_NVIC_EnableIRQ
                0x0800128e       0x1c ./Drivers/STM32F4xx_HAL_Driver/Src/stm32f4xx_hal_cortex.o
                0x0800128e                HAL_NVIC_EnableIRQ
 .text.HAL_SYSTICK_Config
                0x080012aa       0x18 ./Drivers/STM32F4xx_HAL_Driver/Src/stm32f4xx_hal_cortex.o
                0x080012aa                HAL_SYSTICK_Config
 *fill*         0x080012c2        0x2 
 .text.HAL_DMA_Init
                0x080012c4      0x15c ./Drivers/STM32F4xx_HAL_Driver/Src/stm32f4xx_hal_dma.o
                0x080012c4                HAL_DMA_Init
 .text.HAL_DMA_Start_IT
                0x08001420       0xb0 ./Drivers/STM32F4xx_HAL_Driver/Src/stm32f4xx_hal_dma.o
                0x08001420                HAL_DMA_Start_IT
 .text.HAL_DMA_Abort_IT
                0x080014d0       0x44 ./Drivers/STM32F4xx_HAL_Driver/Src/stm32f4xx_hal_dma.o
                0x080014d0                HAL_DMA_Abort_IT
 .text.HAL_DMA_IRQHandler
                0x08001514      0x314 ./Drivers/STM32F4xx_HAL_Driver/Src/stm32f4xx_hal_dma.o
                0x08001514                HAL_DMA_IRQHandler
 .text.HAL_DMA_GetError
                0x08001828       0x18 ./Drivers/STM32F4xx_HAL_Driver/Src/stm32f4xx_hal_dma.o
                0x08001828                HAL_DMA_GetError
 .text.DMA_SetConfig
                0x08001840       0x5c ./Drivers/STM32F4xx_HAL_Driver/Src/stm32f4xx_hal_dma.o
 .text.DMA_CalcBaseAndBitshift
                0x0800189c       0x6c ./Drivers/STM32F4xx_HAL_Driver/Src/stm32f4xx_hal_dma.o
 .text.DMA_CheckFifoParam
                0x08001908       0xf8 ./Drivers/STM32F4xx_HAL_Driver/Src/stm32f4xx_hal_dma.o
 .text.HAL_FLASH_Program
                0x08001a00       0xa8 ./Drivers/STM32F4xx_HAL_Driver/Src/stm32f4xx_hal_flash.o
                0x08001a00                HAL_FLASH_Program
 .text.HAL_FLASH_Unlock
                0x08001aa8       0x44 ./Drivers/STM32F4xx_HAL_Driver/Src/stm32f4xx_hal_flash.o
                0x08001aa8                HAL_FLASH_Unlock
 .text.HAL_FLASH_Lock
                0x08001aec       0x20 ./Drivers/STM32F4xx_HAL_Driver/Src/stm32f4xx_hal_flash.o
                0x08001aec                HAL_FLASH_Lock
 .text.FLASH_WaitForLastOperation
                0x08001b0c       0x80 ./Drivers/STM32F4xx_HAL_Driver/Src/stm32f4xx_hal_flash.o
                0x08001b0c                FLASH_WaitForLastOperation
 .text.FLASH_Program_DoubleWord
                0x08001b8c       0x64 ./Drivers/STM32F4xx_HAL_Driver/Src/stm32f4xx_hal_flash.o
 .text.FLASH_Program_Word
                0x08001bf0       0x44 ./Drivers/STM32F4xx_HAL_Driver/Src/stm32f4xx_hal_flash.o
 .text.FLASH_Program_HalfWord
                0x08001c34       0x48 ./Drivers/STM32F4xx_HAL_Driver/Src/stm32f4xx_hal_flash.o
 .text.FLASH_Program_Byte
                0x08001c7c       0x44 ./Drivers/STM32F4xx_HAL_Driver/Src/stm32f4xx_hal_flash.o
 .text.FLASH_SetErrorCode
                0x08001cc0       0xcc ./Drivers/STM32F4xx_HAL_Driver/Src/stm32f4xx_hal_flash.o
 .text.HAL_FLASHEx_Erase
                0x08001d8c       0xe0 ./Drivers/STM32F4xx_HAL_Driver/Src/stm32f4xx_hal_flash_ex.o
                0x08001d8c                HAL_FLASHEx_Erase
 .text.FLASH_MassErase
                0x08001e6c       0x48 ./Drivers/STM32F4xx_HAL_Driver/Src/stm32f4xx_hal_flash_ex.o
 .text.FLASH_Erase_Sector
                0x08001eb4       0x90 ./Drivers/STM32F4xx_HAL_Driver/Src/stm32f4xx_hal_flash_ex.o
                0x08001eb4                FLASH_Erase_Sector
 .text.FLASH_FlushCaches
                0x08001f44       0x8c ./Drivers/STM32F4xx_HAL_Driver/Src/stm32f4xx_hal_flash_ex.o
                0x08001f44                FLASH_FlushCaches
 .text.HAL_GPIO_Init
                0x08001fd0      0x308 ./Drivers/STM32F4xx_HAL_Driver/Src/stm32f4xx_hal_gpio.o
                0x08001fd0                HAL_GPIO_Init
 .text.HAL_GPIO_ReadPin
                0x080022d8       0x30 ./Drivers/STM32F4xx_HAL_Driver/Src/stm32f4xx_hal_gpio.o
                0x080022d8                HAL_GPIO_ReadPin
 .text.HAL_GPIO_WritePin
                0x08002308       0x32 ./Drivers/STM32F4xx_HAL_Driver/Src/stm32f4xx_hal_gpio.o
                0x08002308                HAL_GPIO_WritePin
 .text.HAL_GPIO_TogglePin
                0x0800233a       0x34 ./Drivers/STM32F4xx_HAL_Driver/Src/stm32f4xx_hal_gpio.o
                0x0800233a                HAL_GPIO_TogglePin
 *fill*         0x0800236e        0x2 
 .text.HAL_RCC_OscConfig
                0x08002370      0x4f0 ./Drivers/STM32F4xx_HAL_Driver/Src/stm32f4xx_hal_rcc.o
                0x08002370                HAL_RCC_OscConfig
 .text.HAL_RCC_ClockConfig
                0x08002860      0x1cc ./Drivers/STM32F4xx_HAL_Driver/Src/stm32f4xx_hal_rcc.o
                0x08002860                HAL_RCC_ClockConfig
 .text.HAL_RCC_EnableCSS
                0x08002a2c       0x18 ./Drivers/STM32F4xx_HAL_Driver/Src/stm32f4xx_hal_rcc.o
                0x08002a2c                HAL_RCC_EnableCSS
 .text.HAL_RCC_GetSysClockFreq
                0x08002a44      0x208 ./Drivers/STM32F4xx_HAL_Driver/Src/stm32f4xx_hal_rcc.o
                0x08002a44                HAL_RCC_GetSysClockFreq
 .text.HAL_RCC_NMI_IRQHandler
                0x08002c4c       0x28 ./Drivers/STM32F4xx_HAL_Driver/Src/stm32f4xx_hal_rcc.o
                0x08002c4c                HAL_RCC_NMI_IRQHandler
 .text.HAL_RCC_CSSCallback
                0x08002c74        0xe ./Drivers/STM32F4xx_HAL_Driver/Src/stm32f4xx_hal_rcc.o
                0x08002c74                HAL_RCC_CSSCallback
 *fill*         0x08002c82        0x2 
 .text.HAL_RCCEx_PeriphCLKConfig
                0x08002c84      0x1dc ./Drivers/STM32F4xx_HAL_Driver/Src/stm32f4xx_hal_rcc_ex.o
                0x08002c84                HAL_RCCEx_PeriphCLKConfig
 .text.HAL_RTC_Init
                0x08002e60      0x106 ./Drivers/STM32F4xx_HAL_Driver/Src/stm32f4xx_hal_rtc.o
                0x08002e60                HAL_RTC_Init
 *fill*         0x08002f66        0x2 
 .text.HAL_RTC_WaitForSynchro
                0x08002f68       0x4c ./Drivers/STM32F4xx_HAL_Driver/Src/stm32f4xx_hal_rtc.o
                0x08002f68                HAL_RTC_WaitForSynchro
 .text.RTC_EnterInitMode
                0x08002fb4       0x6e ./Drivers/STM32F4xx_HAL_Driver/Src/stm32f4xx_hal_rtc.o
                0x08002fb4                RTC_EnterInitMode
 .text.RTC_ExitInitMode
                0x08003022       0x4a ./Drivers/STM32F4xx_HAL_Driver/Src/stm32f4xx_hal_rtc.o
                0x08003022                RTC_ExitInitMode
 .text.HAL_SD_Init
                0x0800306c       0x60 ./Drivers/STM32F4xx_HAL_Driver/Src/stm32f4xx_hal_sd.o
                0x0800306c                HAL_SD_Init
 .text.HAL_SD_InitCard
                0x080030cc      0x100 ./Drivers/STM32F4xx_HAL_Driver/Src/stm32f4xx_hal_sd.o
                0x080030cc                HAL_SD_InitCard
 .text.HAL_SD_ReadBlocks_DMA
                0x080031cc      0x1c4 ./Drivers/STM32F4xx_HAL_Driver/Src/stm32f4xx_hal_sd.o
                0x080031cc                HAL_SD_ReadBlocks_DMA
 .text.HAL_SD_WriteBlocks_DMA
                0x08003390      0x1cc ./Drivers/STM32F4xx_HAL_Driver/Src/stm32f4xx_hal_sd.o
                0x08003390                HAL_SD_WriteBlocks_DMA
 .text.HAL_SD_IRQHandler
                0x0800355c      0x30c ./Drivers/STM32F4xx_HAL_Driver/Src/stm32f4xx_hal_sd.o
                0x0800355c                HAL_SD_IRQHandler
 .text.HAL_SD_ErrorCallback
                0x08003868       0x14 ./Drivers/STM32F4xx_HAL_Driver/Src/stm32f4xx_hal_sd.o
                0x08003868                HAL_SD_ErrorCallback
 .text.HAL_SD_GetCardCSD
                0x0800387c      0x348 ./Drivers/STM32F4xx_HAL_Driver/Src/stm32f4xx_hal_sd.o
                0x0800387c                HAL_SD_GetCardCSD
 .text.HAL_SD_GetCardInfo
                0x08003bc4       0x58 ./Drivers/STM32F4xx_HAL_Driver/Src/stm32f4xx_hal_sd.o
                0x08003bc4                HAL_SD_GetCardInfo
 .text.HAL_SD_ConfigWideBusOperation
                0x08003c1c      0x134 ./Drivers/STM32F4xx_HAL_Driver/Src/stm32f4xx_hal_sd.o
                0x08003c1c                HAL_SD_ConfigWideBusOperation
 .text.HAL_SD_GetCardState
                0x08003d50       0x40 ./Drivers/STM32F4xx_HAL_Driver/Src/stm32f4xx_hal_sd.o
                0x08003d50                HAL_SD_GetCardState
 .text.SD_DMATransmitCplt
                0x08003d90       0x2a ./Drivers/STM32F4xx_HAL_Driver/Src/stm32f4xx_hal_sd.o
 .text.SD_DMAReceiveCplt
                0x08003dba       0x70 ./Drivers/STM32F4xx_HAL_Driver/Src/stm32f4xx_hal_sd.o
 *fill*         0x08003e2a        0x2 
 .text.SD_DMAError
                0x08003e2c       0xa4 ./Drivers/STM32F4xx_HAL_Driver/Src/stm32f4xx_hal_sd.o
 .text.SD_DMATxAbort
                0x08003ed0       0x6e ./Drivers/STM32F4xx_HAL_Driver/Src/stm32f4xx_hal_sd.o
 .text.SD_DMARxAbort
                0x08003f3e       0x6e ./Drivers/STM32F4xx_HAL_Driver/Src/stm32f4xx_hal_sd.o
 .text.SD_InitCard
                0x08003fac      0x19c ./Drivers/STM32F4xx_HAL_Driver/Src/stm32f4xx_hal_sd.o
 .text.SD_PowerON
                0x08004148      0x11c ./Drivers/STM32F4xx_HAL_Driver/Src/stm32f4xx_hal_sd.o
 .text.SD_SendStatus
                0x08004264       0x50 ./Drivers/STM32F4xx_HAL_Driver/Src/stm32f4xx_hal_sd.o
 .text.SD_WideBus_Enable
                0x080042b4       0x96 ./Drivers/STM32F4xx_HAL_Driver/Src/stm32f4xx_hal_sd.o
 .text.SD_WideBus_Disable
                0x0800434a       0x96 ./Drivers/STM32F4xx_HAL_Driver/Src/stm32f4xx_hal_sd.o
 .text.SD_FindSCR
                0x080043e0      0x1b4 ./Drivers/STM32F4xx_HAL_Driver/Src/stm32f4xx_hal_sd.o
 .text.SD_Read_IT
                0x08004594       0xa2 ./Drivers/STM32F4xx_HAL_Driver/Src/stm32f4xx_hal_sd.o
 .text.SD_Write_IT
                0x08004636       0xaa ./Drivers/STM32F4xx_HAL_Driver/Src/stm32f4xx_hal_sd.o
 .text.SDIO_Init
                0x080046e0       0x56 ./Drivers/STM32F4xx_HAL_Driver/Src/stm32f4xx_ll_sdmmc.o
                0x080046e0                SDIO_Init
 .text.SDIO_ReadFIFO
                0x08004736       0x1a ./Drivers/STM32F4xx_HAL_Driver/Src/stm32f4xx_ll_sdmmc.o
                0x08004736                SDIO_ReadFIFO
 .text.SDIO_WriteFIFO
                0x08004750       0x22 ./Drivers/STM32F4xx_HAL_Driver/Src/stm32f4xx_ll_sdmmc.o
                0x08004750                SDIO_WriteFIFO
 .text.SDIO_PowerState_ON
                0x08004772       0x1c ./Drivers/STM32F4xx_HAL_Driver/Src/stm32f4xx_ll_sdmmc.o
                0x08004772                SDIO_PowerState_ON
 .text.SDIO_GetPowerState
                0x0800478e       0x1c ./Drivers/STM32F4xx_HAL_Driver/Src/stm32f4xx_ll_sdmmc.o
                0x0800478e                SDIO_GetPowerState
 .text.SDIO_SendCommand
                0x080047aa       0x54 ./Drivers/STM32F4xx_HAL_Driver/Src/stm32f4xx_ll_sdmmc.o
                0x080047aa                SDIO_SendCommand
 .text.SDIO_GetCommandResponse
                0x080047fe       0x1a ./Drivers/STM32F4xx_HAL_Driver/Src/stm32f4xx_ll_sdmmc.o
                0x080047fe                SDIO_GetCommandResponse
 .text.SDIO_GetResponse
                0x08004818       0x26 ./Drivers/STM32F4xx_HAL_Driver/Src/stm32f4xx_ll_sdmmc.o
                0x08004818                SDIO_GetResponse
 .text.SDIO_ConfigData
                0x0800483e       0x58 ./Drivers/STM32F4xx_HAL_Driver/Src/stm32f4xx_ll_sdmmc.o
                0x0800483e                SDIO_ConfigData
 .text.SDMMC_CmdBlockLength
                0x08004896       0x44 ./Drivers/STM32F4xx_HAL_Driver/Src/stm32f4xx_ll_sdmmc.o
                0x08004896                SDMMC_CmdBlockLength
 .text.SDMMC_CmdReadSingleBlock
                0x080048da       0x44 ./Drivers/STM32F4xx_HAL_Driver/Src/stm32f4xx_ll_sdmmc.o
                0x080048da                SDMMC_CmdReadSingleBlock
 .text.SDMMC_CmdReadMultiBlock
                0x0800491e       0x44 ./Drivers/STM32F4xx_HAL_Driver/Src/stm32f4xx_ll_sdmmc.o
                0x0800491e                SDMMC_CmdReadMultiBlock
 .text.SDMMC_CmdWriteSingleBlock
                0x08004962       0x44 ./Drivers/STM32F4xx_HAL_Driver/Src/stm32f4xx_ll_sdmmc.o
                0x08004962                SDMMC_CmdWriteSingleBlock
 .text.SDMMC_CmdWriteMultiBlock
                0x080049a6       0x44 ./Drivers/STM32F4xx_HAL_Driver/Src/stm32f4xx_ll_sdmmc.o
                0x080049a6                SDMMC_CmdWriteMultiBlock
 *fill*         0x080049ea        0x2 
 .text.SDMMC_CmdStopTransfer
                0x080049ec       0x44 ./Drivers/STM32F4xx_HAL_Driver/Src/stm32f4xx_ll_sdmmc.o
                0x080049ec                SDMMC_CmdStopTransfer
 .text.SDMMC_CmdSelDesel
                0x08004a30       0x46 ./Drivers/STM32F4xx_HAL_Driver/Src/stm32f4xx_ll_sdmmc.o
                0x08004a30                SDMMC_CmdSelDesel
 .text.SDMMC_CmdGoIdleState
                0x08004a76       0x3c ./Drivers/STM32F4xx_HAL_Driver/Src/stm32f4xx_ll_sdmmc.o
                0x08004a76                SDMMC_CmdGoIdleState
 .text.SDMMC_CmdOperCond
                0x08004ab2       0x3e ./Drivers/STM32F4xx_HAL_Driver/Src/stm32f4xx_ll_sdmmc.o
                0x08004ab2                SDMMC_CmdOperCond
 .text.SDMMC_CmdAppCommand
                0x08004af0       0x44 ./Drivers/STM32F4xx_HAL_Driver/Src/stm32f4xx_ll_sdmmc.o
                0x08004af0                SDMMC_CmdAppCommand
 .text.SDMMC_CmdAppOperCommand
                0x08004b34       0x46 ./Drivers/STM32F4xx_HAL_Driver/Src/stm32f4xx_ll_sdmmc.o
                0x08004b34                SDMMC_CmdAppOperCommand
 .text.SDMMC_CmdBusWidth
                0x08004b7a       0x44 ./Drivers/STM32F4xx_HAL_Driver/Src/stm32f4xx_ll_sdmmc.o
                0x08004b7a                SDMMC_CmdBusWidth
 .text.SDMMC_CmdSendSCR
                0x08004bbe       0x42 ./Drivers/STM32F4xx_HAL_Driver/Src/stm32f4xx_ll_sdmmc.o
                0x08004bbe                SDMMC_CmdSendSCR
 .text.SDMMC_CmdSendCID
                0x08004c00       0x3c ./Drivers/STM32F4xx_HAL_Driver/Src/stm32f4xx_ll_sdmmc.o
                0x08004c00                SDMMC_CmdSendCID
 .text.SDMMC_CmdSendCSD
                0x08004c3c       0x3e ./Drivers/STM32F4xx_HAL_Driver/Src/stm32f4xx_ll_sdmmc.o
                0x08004c3c                SDMMC_CmdSendCSD
 .text.SDMMC_CmdSetRelAdd
                0x08004c7a       0x42 ./Drivers/STM32F4xx_HAL_Driver/Src/stm32f4xx_ll_sdmmc.o
                0x08004c7a                SDMMC_CmdSetRelAdd
 .text.SDMMC_CmdSendStatus
                0x08004cbc       0x44 ./Drivers/STM32F4xx_HAL_Driver/Src/stm32f4xx_ll_sdmmc.o
                0x08004cbc                SDMMC_CmdSendStatus
 .text.SDMMC_GetCmdResp1
                0x08004d00      0x1dc ./Drivers/STM32F4xx_HAL_Driver/Src/stm32f4xx_ll_sdmmc.o
                0x08004d00                SDMMC_GetCmdResp1
 .text.SDMMC_GetCmdResp2
                0x08004edc       0x90 ./Drivers/STM32F4xx_HAL_Driver/Src/stm32f4xx_ll_sdmmc.o
                0x08004edc                SDMMC_GetCmdResp2
 .text.SDMMC_GetCmdResp3
                0x08004f6c       0x7c ./Drivers/STM32F4xx_HAL_Driver/Src/stm32f4xx_ll_sdmmc.o
                0x08004f6c                SDMMC_GetCmdResp3
 .text.SDMMC_GetCmdResp6
                0x08004fe8       0xec ./Drivers/STM32F4xx_HAL_Driver/Src/stm32f4xx_ll_sdmmc.o
                0x08004fe8                SDMMC_GetCmdResp6
 .text.SDMMC_GetCmdResp7
                0x080050d4       0x9c ./Drivers/STM32F4xx_HAL_Driver/Src/stm32f4xx_ll_sdmmc.o
                0x080050d4                SDMMC_GetCmdResp7
 .text.SDMMC_GetCmdError
                0x08005170       0x58 ./Drivers/STM32F4xx_HAL_Driver/Src/stm32f4xx_ll_sdmmc.o
 .text.MX_FATFS_Init
                0x080051c8       0x24 ./FATFS/App/fatfs.o
                0x080051c8                MX_FATFS_Init
 .text.get_fattime
                0x080051ec       0x10 ./FATFS/App/fatfs.o
                0x080051ec                get_fattime
 .text.BSP_SD_Init
                0x080051fc       0x4c ./FATFS/Target/bsp_driver_sd.o
                0x080051fc                BSP_SD_Init
 .text.BSP_SD_ReadBlocks_DMA
                0x08005248       0x34 ./FATFS/Target/bsp_driver_sd.o
                0x08005248                BSP_SD_ReadBlocks_DMA
 .text.BSP_SD_WriteBlocks_DMA
                0x0800527c       0x34 ./FATFS/Target/bsp_driver_sd.o
                0x0800527c                BSP_SD_WriteBlocks_DMA
 .text.BSP_SD_GetCardState
                0x080052b0       0x20 ./FATFS/Target/bsp_driver_sd.o
                0x080052b0                BSP_SD_GetCardState
 .text.BSP_SD_GetCardInfo
                0x080052d0       0x1c ./FATFS/Target/bsp_driver_sd.o
                0x080052d0                BSP_SD_GetCardInfo
 .text.HAL_SD_AbortCallback
                0x080052ec       0x14 ./FATFS/Target/bsp_driver_sd.o
                0x080052ec                HAL_SD_AbortCallback
 .text.HAL_SD_TxCpltCallback
                0x08005300       0x14 ./FATFS/Target/bsp_driver_sd.o
                0x08005300                HAL_SD_TxCpltCallback
 .text.HAL_SD_RxCpltCallback
                0x08005314       0x14 ./FATFS/Target/bsp_driver_sd.o
                0x08005314                HAL_SD_RxCpltCallback
 .text.BSP_SD_AbortCallback
                0x08005328        0xe ./FATFS/Target/bsp_driver_sd.o
                0x08005328                BSP_SD_AbortCallback
 .text.BSP_SD_IsDetected
                0x08005336       0x24 ./FATFS/Target/bsp_driver_sd.o
                0x08005336                BSP_SD_IsDetected
 *fill*         0x0800535a        0x2 
 .text.BSP_PlatformIsDetected
                0x0800535c       0x2c ./FATFS/Target/fatfs_platform.o
                0x0800535c                BSP_PlatformIsDetected
 .text.SD_CheckStatusWithTimeout
                0x08005388       0x3a ./FATFS/Target/sd_diskio.o
 *fill*         0x080053c2        0x2 
 .text.SD_CheckStatus
                0x080053c4       0x3c ./FATFS/Target/sd_diskio.o
 .text.SD_initialize
                0x08005400       0x38 ./FATFS/Target/sd_diskio.o
                0x08005400                SD_initialize
 .text.SD_status
                0x08005438       0x1c ./FATFS/Target/sd_diskio.o
                0x08005438                SD_status
 .text.SD_read  0x08005454       0xac ./FATFS/Target/sd_diskio.o
                0x08005454                SD_read
 .text.SD_write
                0x08005500       0xac ./FATFS/Target/sd_diskio.o
                0x08005500                SD_write
 .text.SD_ioctl
                0x080055ac       0xb0 ./FATFS/Target/sd_diskio.o
                0x080055ac                SD_ioctl
 .text.BSP_SD_WriteCpltCallback
                0x0800565c       0x18 ./FATFS/Target/sd_diskio.o
                0x0800565c                BSP_SD_WriteCpltCallback
 .text.BSP_SD_ReadCpltCallback
                0x08005674       0x18 ./FATFS/Target/sd_diskio.o
                0x08005674                BSP_SD_ReadCpltCallback
 .text.disk_status
                0x0800568c       0x34 ./Middlewares/Third_Party/FatFs/src/diskio.o
                0x0800568c                disk_status
 .text.disk_initialize
                0x080056c0       0x50 ./Middlewares/Third_Party/FatFs/src/diskio.o
                0x080056c0                disk_initialize
 .text.disk_read
                0x08005710       0x40 ./Middlewares/Third_Party/FatFs/src/diskio.o
                0x08005710                disk_read
 .text.disk_write
                0x08005750       0x40 ./Middlewares/Third_Party/FatFs/src/diskio.o
                0x08005750                disk_write
 .text.disk_ioctl
                0x08005790       0x3c ./Middlewares/Third_Party/FatFs/src/diskio.o
                0x08005790                disk_ioctl
 .text.ld_word  0x080057cc       0x30 ./Middlewares/Third_Party/FatFs/src/ff.o
 .text.ld_dword
                0x080057fc       0x46 ./Middlewares/Third_Party/FatFs/src/ff.o
 .text.st_word  0x08005842       0x36 ./Middlewares/Third_Party/FatFs/src/ff.o
 .text.st_dword
                0x08005878       0x58 ./Middlewares/Third_Party/FatFs/src/ff.o
 .text.mem_cpy  0x080058d0       0x42 ./Middlewares/Third_Party/FatFs/src/ff.o
 .text.mem_set  0x08005912       0x36 ./Middlewares/Third_Party/FatFs/src/ff.o
 .text.mem_cmp  0x08005948       0x4e ./Middlewares/Third_Party/FatFs/src/ff.o
 .text.chk_chr  0x08005996       0x36 ./Middlewares/Third_Party/FatFs/src/ff.o
 .text.chk_lock
                0x080059cc       0xb8 ./Middlewares/Third_Party/FatFs/src/ff.o
 .text.enq_lock
                0x08005a84       0x44 ./Middlewares/Third_Party/FatFs/src/ff.o
 .text.inc_lock
                0x08005ac8      0x11c ./Middlewares/Third_Party/FatFs/src/ff.o
 .text.dec_lock
                0x08005be4       0x78 ./Middlewares/Third_Party/FatFs/src/ff.o
 .text.clear_lock
                0x08005c5c       0x48 ./Middlewares/Third_Party/FatFs/src/ff.o
 .text.sync_window
                0x08005ca4       0x88 ./Middlewares/Third_Party/FatFs/src/ff.o
 .text.move_window
                0x08005d2c       0x5a ./Middlewares/Third_Party/FatFs/src/ff.o
 *fill*         0x08005d86        0x2 
 .text.sync_fs  0x08005d88       0xe0 ./Middlewares/Third_Party/FatFs/src/ff.o
 .text.clust2sect
                0x08005e68       0x3e ./Middlewares/Third_Party/FatFs/src/ff.o
 .text.get_fat  0x08005ea6      0x1a6 ./Middlewares/Third_Party/FatFs/src/ff.o
 .text.put_fat  0x0800604c      0x234 ./Middlewares/Third_Party/FatFs/src/ff.o
 .text.remove_chain
                0x08006280       0xca ./Middlewares/Third_Party/FatFs/src/ff.o
 .text.create_chain
                0x0800634a      0x130 ./Middlewares/Third_Party/FatFs/src/ff.o
 .text.clmt_clust
                0x0800647a       0x70 ./Middlewares/Third_Party/FatFs/src/ff.o
 .text.dir_sdi  0x080064ea      0x112 ./Middlewares/Third_Party/FatFs/src/ff.o
 .text.dir_next
                0x080065fc      0x1ac ./Middlewares/Third_Party/FatFs/src/ff.o
 .text.dir_alloc
                0x080067a8       0x8e ./Middlewares/Third_Party/FatFs/src/ff.o
 .text.ld_clust
                0x08006836       0x3e ./Middlewares/Third_Party/FatFs/src/ff.o
 .text.st_clust
                0x08006874       0x40 ./Middlewares/Third_Party/FatFs/src/ff.o
 .text.cmp_lfn  0x080068b4       0xe0 ./Middlewares/Third_Party/FatFs/src/ff.o
 .text.pick_lfn
                0x08006994       0xc8 ./Middlewares/Third_Party/FatFs/src/ff.o
 .text.put_lfn  0x08006a5c       0xd0 ./Middlewares/Third_Party/FatFs/src/ff.o
 .text.gen_numname
                0x08006b2c      0x11c ./Middlewares/Third_Party/FatFs/src/ff.o
 .text.sum_sfn  0x08006c48       0x42 ./Middlewares/Third_Party/FatFs/src/ff.o
 .text.dir_read
                0x08006c8a      0x14e ./Middlewares/Third_Party/FatFs/src/ff.o
 .text.dir_find
                0x08006dd8      0x180 ./Middlewares/Third_Party/FatFs/src/ff.o
 .text.dir_register
                0x08006f58      0x1f0 ./Middlewares/Third_Party/FatFs/src/ff.o
 .text.dir_remove
                0x08007148       0x94 ./Middlewares/Third_Party/FatFs/src/ff.o
 .text.create_name
                0x080071dc      0x370 ./Middlewares/Third_Party/FatFs/src/ff.o
 .text.follow_path
                0x0800754c       0xec ./Middlewares/Third_Party/FatFs/src/ff.o
 .text.get_ldnumber
                0x08007638       0x88 ./Middlewares/Third_Party/FatFs/src/ff.o
 .text.check_fs
                0x080076c0       0xac ./Middlewares/Third_Party/FatFs/src/ff.o
 .text.find_volume
                0x0800776c      0x50c ./Middlewares/Third_Party/FatFs/src/ff.o
 .text.validate
                0x08007c78       0x6a ./Middlewares/Third_Party/FatFs/src/ff.o
 *fill*         0x08007ce2        0x2 
 .text.f_mount  0x08007ce4       0x8c ./Middlewares/Third_Party/FatFs/src/ff.o
                0x08007ce4                f_mount
 .text.f_open   0x08007d70      0x390 ./Middlewares/Third_Party/FatFs/src/ff.o
                0x08007d70                f_open
 .text.f_read   0x08008100      0x2be ./Middlewares/Third_Party/FatFs/src/ff.o
                0x08008100                f_read
 .text.f_sync   0x080083be       0xfc ./Middlewares/Third_Party/FatFs/src/ff.o
                0x080083be                f_sync
 .text.f_close  0x080084ba       0x54 ./Middlewares/Third_Party/FatFs/src/ff.o
                0x080084ba                f_close
 .text.f_unlink
                0x0800850e      0x156 ./Middlewares/Third_Party/FatFs/src/ff.o
                0x0800850e                f_unlink
 .text.FATFS_LinkDriverEx
                0x08008664       0x98 ./Middlewares/Third_Party/FatFs/src/ff_gen_drv.o
                0x08008664                FATFS_LinkDriverEx
 .text.FATFS_LinkDriver
                0x080086fc       0x1e ./Middlewares/Third_Party/FatFs/src/ff_gen_drv.o
                0x080086fc                FATFS_LinkDriver
 *fill*         0x0800871a        0x2 
 .text.ff_convert
                0x0800871c       0x78 ./Middlewares/Third_Party/FatFs/src/option/ccsbcs.o
                0x0800871c                ff_convert
 .text.ff_wtoupper
                0x08008794      0x114 ./Middlewares/Third_Party/FatFs/src/option/ccsbcs.o
                0x08008794                ff_wtoupper
 .text.memset   0x080088a8       0x10 /Applications/STM32CubeIDE.app/Contents/Eclipse/plugins/com.st.stm32cube.ide.mcu.externaltools.gnu-tools-for-stm32.12.3.rel1.macos64_1.0.200.202406191456/tools/bin/../lib/gcc/arm-none-eabi/12.3.1/../../../../arm-none-eabi/lib/thumb/v7e-m+fp/hard/libc_nano.a(libc_a-memset.o)
                0x080088a8                memset
 .text.__libc_init_array
                0x080088b8       0x48 /Applications/STM32CubeIDE.app/Contents/Eclipse/plugins/com.st.stm32cube.ide.mcu.externaltools.gnu-tools-for-stm32.12.3.rel1.macos64_1.0.200.202406191456/tools/bin/../lib/gcc/arm-none-eabi/12.3.1/../../../../arm-none-eabi/lib/thumb/v7e-m+fp/hard/libc_nano.a(libc_a-init.o)
                0x080088b8                __libc_init_array
 *(.glue_7)
 .glue_7        0x08008900        0x0 linker stubs
 *(.glue_7t)
 .glue_7t       0x08008900        0x0 linker stubs
 *(.eh_frame)
 .eh_frame      0x08008900        0x0 /Applications/STM32CubeIDE.app/Contents/Eclipse/plugins/com.st.stm32cube.ide.mcu.externaltools.gnu-tools-for-stm32.12.3.rel1.macos64_1.0.200.202406191456/tools/bin/../lib/gcc/arm-none-eabi/12.3.1/thumb/v7e-m+fp/hard/crtbegin.o
 *(.init)
 .init          0x08008900        0x4 /Applications/STM32CubeIDE.app/Contents/Eclipse/plugins/com.st.stm32cube.ide.mcu.externaltools.gnu-tools-for-stm32.12.3.rel1.macos64_1.0.200.202406191456/tools/bin/../lib/gcc/arm-none-eabi/12.3.1/thumb/v7e-m+fp/hard/crti.o
                0x08008900                _init
 .init          0x08008904        0x8 /Applications/STM32CubeIDE.app/Contents/Eclipse/plugins/com.st.stm32cube.ide.mcu.externaltools.gnu-tools-for-stm32.12.3.rel1.macos64_1.0.200.202406191456/tools/bin/../lib/gcc/arm-none-eabi/12.3.1/thumb/v7e-m+fp/hard/crtn.o
 *(.fini)
 .fini          0x0800890c        0x4 /Applications/STM32CubeIDE.app/Contents/Eclipse/plugins/com.st.stm32cube.ide.mcu.externaltools.gnu-tools-for-stm32.12.3.rel1.macos64_1.0.200.202406191456/tools/bin/../lib/gcc/arm-none-eabi/12.3.1/thumb/v7e-m+fp/hard/crti.o
                0x0800890c                _fini
 .fini          0x08008910        0x8 /Applications/STM32CubeIDE.app/Contents/Eclipse/plugins/com.st.stm32cube.ide.mcu.externaltools.gnu-tools-for-stm32.12.3.rel1.macos64_1.0.200.202406191456/tools/bin/../lib/gcc/arm-none-eabi/12.3.1/thumb/v7e-m+fp/hard/crtn.o
                0x08008918                        . = ALIGN (0x4)
                0x08008918                        _etext = .

.vfp11_veneer   0x08008918        0x0
 .vfp11_veneer  0x08008918        0x0 linker stubs

.v4_bx          0x08008918        0x0
 .v4_bx         0x08008918        0x0 linker stubs

.iplt           0x08008918        0x0
 .iplt          0x08008918        0x0 /Applications/STM32CubeIDE.app/Contents/Eclipse/plugins/com.st.stm32cube.ide.mcu.externaltools.gnu-tools-for-stm32.12.3.rel1.macos64_1.0.200.202406191456/tools/bin/../lib/gcc/arm-none-eabi/12.3.1/thumb/v7e-m+fp/hard/crtbegin.o

.rodata         0x08008918      0x4c4
                0x08008918                        . = ALIGN (0x4)
 *(.rodata)
 .rodata        0x08008918        0xd ./Core/Src/main.o
 *fill*         0x08008925        0x3 
 .rodata        0x08008928       0x48 ./Middlewares/Third_Party/FatFs/src/ff.o
 *(.rodata*)
 .rodata.AHBPrescTable
                0x08008970       0x10 ./Core/Src/system_stm32f4xx.o
                0x08008970                AHBPrescTable
 .rodata.flagBitshiftOffset.0
                0x08008980        0x8 ./Drivers/STM32F4xx_HAL_Driver/Src/stm32f4xx_hal_dma.o
 .rodata.SD_Driver
                0x08008988       0x14 ./FATFS/Target/sd_diskio.o
                0x08008988                SD_Driver
 .rodata.ExCvt  0x0800899c       0x80 ./Middlewares/Third_Party/FatFs/src/ff.o
 .rodata.LfnOfs
                0x08008a1c        0xd ./Middlewares/Third_Party/FatFs/src/ff.o
 *fill*         0x08008a29        0x3 
 .rodata.Tbl    0x08008a2c      0x100 ./Middlewares/Third_Party/FatFs/src/option/ccsbcs.o
 .rodata.cvt1.1
                0x08008b2c      0x1f2 ./Middlewares/Third_Party/FatFs/src/option/ccsbcs.o
 *fill*         0x08008d1e        0x2 
 .rodata.cvt2.0
                0x08008d20       0xbc ./Middlewares/Third_Party/FatFs/src/option/ccsbcs.o
                0x08008ddc                        . = ALIGN (0x4)

.ARM.extab      0x08008ddc        0x0
                0x08008ddc                        . = ALIGN (0x4)
 *(.ARM.extab* .gnu.linkonce.armextab.*)
                0x08008ddc                        . = ALIGN (0x4)

.ARM            0x08008ddc        0x8
                0x08008ddc                        . = ALIGN (0x4)
                0x08008ddc                        __exidx_start = .
 *(.ARM.exidx*)
 .ARM.exidx     0x08008ddc        0x8 /Applications/STM32CubeIDE.app/Contents/Eclipse/plugins/com.st.stm32cube.ide.mcu.externaltools.gnu-tools-for-stm32.12.3.rel1.macos64_1.0.200.202406191456/tools/bin/../lib/gcc/arm-none-eabi/12.3.1/thumb/v7e-m+fp/hard/libgcc.a(_udivmoddi4.o)
                0x08008de4                        __exidx_end = .
                0x08008de4                        . = ALIGN (0x4)

.preinit_array  0x08008de4        0x0
                0x08008de4                        . = ALIGN (0x4)
                0x08008de4                        PROVIDE (__preinit_array_start = .)
 *(.preinit_array*)
                0x08008de4                        PROVIDE (__preinit_array_end = .)
                0x08008de4                        . = ALIGN (0x4)

.init_array     0x08008de4        0x4
                0x08008de4                        . = ALIGN (0x4)
                0x08008de4                        PROVIDE (__init_array_start = .)
 *(SORT_BY_NAME(.init_array.*))
 *(.init_array*)
 .init_array    0x08008de4        0x4 /Applications/STM32CubeIDE.app/Contents/Eclipse/plugins/com.st.stm32cube.ide.mcu.externaltools.gnu-tools-for-stm32.12.3.rel1.macos64_1.0.200.202406191456/tools/bin/../lib/gcc/arm-none-eabi/12.3.1/thumb/v7e-m+fp/hard/crtbegin.o
                0x08008de8                        PROVIDE (__init_array_end = .)
                0x08008de8                        . = ALIGN (0x4)

.fini_array     0x08008de8        0x4
                0x08008de8                        . = ALIGN (0x4)
                [!provide]                        PROVIDE (__fini_array_start = .)
 *(SORT_BY_NAME(.fini_array.*))
 *(.fini_array*)
 .fini_array    0x08008de8        0x4 /Applications/STM32CubeIDE.app/Contents/Eclipse/plugins/com.st.stm32cube.ide.mcu.externaltools.gnu-tools-for-stm32.12.3.rel1.macos64_1.0.200.202406191456/tools/bin/../lib/gcc/arm-none-eabi/12.3.1/thumb/v7e-m+fp/hard/crtbegin.o
                [!provide]                        PROVIDE (__fini_array_end = .)
                0x08008dec                        . = ALIGN (0x4)
                0x08008dec                        _sidata = LOADADDR (.data)

.rel.dyn        0x08008dec        0x0
 .rel.iplt      0x08008dec        0x0 /Applications/STM32CubeIDE.app/Contents/Eclipse/plugins/com.st.stm32cube.ide.mcu.externaltools.gnu-tools-for-stm32.12.3.rel1.macos64_1.0.200.202406191456/tools/bin/../lib/gcc/arm-none-eabi/12.3.1/thumb/v7e-m+fp/hard/crtbegin.o

.data           0x20000000        0xc load address 0x08008dec
                0x20000000                        . = ALIGN (0x4)
                0x20000000                        _sdata = .
 *(.data)
 *(.data*)
 .data.SystemCoreClock
                0x20000000        0x4 ./Core/Src/system_stm32f4xx.o
                0x20000000                SystemCoreClock
 .data.uwTickPrio
                0x20000004        0x4 ./Drivers/STM32F4xx_HAL_Driver/Src/stm32f4xx_hal.o
                0x20000004                uwTickPrio
 .data.uwTickFreq
                0x20000008        0x1 ./Drivers/STM32F4xx_HAL_Driver/Src/stm32f4xx_hal.o
                0x20000008                uwTickFreq
 .data.Stat     0x20000009        0x1 ./FATFS/Target/sd_diskio.o
 *(.RamFunc)
 *(.RamFunc*)
                0x2000000c                        . = ALIGN (0x4)
 *fill*         0x2000000a        0x2 
                0x2000000c                        _edata = .

.igot.plt       0x2000000c        0x0 load address 0x08008df8
 .igot.plt      0x2000000c        0x0 /Applications/STM32CubeIDE.app/Contents/Eclipse/plugins/com.st.stm32cube.ide.mcu.externaltools.gnu-tools-for-stm32.12.3.rel1.macos64_1.0.200.202406191456/tools/bin/../lib/gcc/arm-none-eabi/12.3.1/thumb/v7e-m+fp/hard/crtbegin.o
                0x2000000c                        . = ALIGN (0x4)

.bss            0x2000000c      0x3e8 load address 0x08008df8
                0x2000000c                        _sbss = .
                0x2000000c                        __bss_start__ = _sbss
 *(.bss)
 .bss           0x2000000c       0x1c /Applications/STM32CubeIDE.app/Contents/Eclipse/plugins/com.st.stm32cube.ide.mcu.externaltools.gnu-tools-for-stm32.12.3.rel1.macos64_1.0.200.202406191456/tools/bin/../lib/gcc/arm-none-eabi/12.3.1/thumb/v7e-m+fp/hard/crtbegin.o
 *(.bss*)
 .bss.hrtc      0x20000028       0x20 ./Core/Src/rtc.o
                0x20000028                hrtc
 .bss.hsd       0x20000048       0x84 ./Core/Src/sdio.o
                0x20000048                hsd
 .bss.hdma_sdio_rx
                0x200000cc       0x60 ./Core/Src/sdio.o
                0x200000cc                hdma_sdio_rx
 .bss.hdma_sdio_tx
                0x2000012c       0x60 ./Core/Src/sdio.o
                0x2000012c                hdma_sdio_tx
 .bss.uwTick    0x2000018c        0x4 ./Drivers/STM32F4xx_HAL_Driver/Src/stm32f4xx_hal.o
                0x2000018c                uwTick
 .bss.pFlash    0x20000190       0x20 ./Drivers/STM32F4xx_HAL_Driver/Src/stm32f4xx_hal_flash.o
                0x20000190                pFlash
 .bss.retSD     0x200001b0        0x1 ./FATFS/App/fatfs.o
                0x200001b0                retSD
 *fill*         0x200001b1        0x3 
 .bss.SDPath    0x200001b4        0x4 ./FATFS/App/fatfs.o
                0x200001b4                SDPath
 .bss.WriteStatus
                0x200001b8        0x4 ./FATFS/Target/sd_diskio.o
 .bss.ReadStatus
                0x200001bc        0x4 ./FATFS/Target/sd_diskio.o
 .bss.FatFs     0x200001c0        0x4 ./Middlewares/Third_Party/FatFs/src/ff.o
 .bss.Fsid      0x200001c4        0x2 ./Middlewares/Third_Party/FatFs/src/ff.o
 *fill*         0x200001c6        0x2 
 .bss.Files     0x200001c8       0x20 ./Middlewares/Third_Party/FatFs/src/ff.o
 .bss.LfnBuf    0x200001e8      0x200 ./Middlewares/Third_Party/FatFs/src/ff.o
 .bss.disk      0x200003e8        0xc ./Middlewares/Third_Party/FatFs/src/ff_gen_drv.o
                0x200003e8                disk
 *(COMMON)
                0x200003f4                        . = ALIGN (0x4)
                0x200003f4                        _ebss = .
                0x200003f4                        __bss_end__ = _ebss

._user_heap_stack
                0x200003f4      0xc04 load address 0x08008df8
                0x200003f8                        . = ALIGN (0x8)
 *fill*         0x200003f4        0x4 
                [!provide]                        PROVIDE (end = .)
                0x200003f8                        PROVIDE (_end = .)
                0x200007f8                        . = (. + _Min_Heap_Size)
 *fill*         0x200003f8      0x400 
                0x20000ff8                        . = (. + _Min_Stack_Size)
 *fill*         0x200007f8      0x800 
                0x20000ff8                        . = ALIGN (0x8)

/DISCARD/
 libc.a(*)
 libm.a(*)
 libgcc.a(*)

.ARM.attributes
                0x00000000       0x30
 *(.ARM.attributes)
 .ARM.attributes
                0x00000000       0x22 /Applications/STM32CubeIDE.app/Contents/Eclipse/plugins/com.st.stm32cube.ide.mcu.externaltools.gnu-tools-for-stm32.12.3.rel1.macos64_1.0.200.202406191456/tools/bin/../lib/gcc/arm-none-eabi/12.3.1/thumb/v7e-m+fp/hard/crti.o
 .ARM.attributes
                0x00000022       0x34 /Applications/STM32CubeIDE.app/Contents/Eclipse/plugins/com.st.stm32cube.ide.mcu.externaltools.gnu-tools-for-stm32.12.3.rel1.macos64_1.0.200.202406191456/tools/bin/../lib/gcc/arm-none-eabi/12.3.1/thumb/v7e-m+fp/hard/crtbegin.o
 .ARM.attributes
                0x00000056       0x34 ./Core/Src/dma.o
 .ARM.attributes
                0x0000008a       0x34 ./Core/Src/gpio.o
 .ARM.attributes
                0x000000be       0x34 ./Core/Src/main.o
 .ARM.attributes
                0x000000f2       0x34 ./Core/Src/rtc.o
 .ARM.attributes
                0x00000126       0x34 ./Core/Src/sdio.o
 .ARM.attributes
                0x0000015a       0x34 ./Core/Src/stm32f4xx_hal_msp.o
 .ARM.attributes
                0x0000018e       0x34 ./Core/Src/stm32f4xx_it.o
 .ARM.attributes
                0x000001c2       0x34 ./Core/Src/system_stm32f4xx.o
 .ARM.attributes
                0x000001f6       0x21 ./Core/Startup/startup_stm32f401rctx.o
 .ARM.attributes
                0x00000217       0x34 ./Drivers/STM32F4xx_HAL_Driver/Src/stm32f4xx_hal.o
 .ARM.attributes
                0x0000024b       0x34 ./Drivers/STM32F4xx_HAL_Driver/Src/stm32f4xx_hal_cortex.o
 .ARM.attributes
                0x0000027f       0x34 ./Drivers/STM32F4xx_HAL_Driver/Src/stm32f4xx_hal_dma.o
 .ARM.attributes
                0x000002b3       0x34 ./Drivers/STM32F4xx_HAL_Driver/Src/stm32f4xx_hal_flash.o
 .ARM.attributes
                0x000002e7       0x34 ./Drivers/STM32F4xx_HAL_Driver/Src/stm32f4xx_hal_flash_ex.o
 .ARM.attributes
                0x0000031b       0x34 ./Drivers/STM32F4xx_HAL_Driver/Src/stm32f4xx_hal_gpio.o
 .ARM.attributes
                0x0000034f       0x34 ./Drivers/STM32F4xx_HAL_Driver/Src/stm32f4xx_hal_rcc.o
 .ARM.attributes
                0x00000383       0x34 ./Drivers/STM32F4xx_HAL_Driver/Src/stm32f4xx_hal_rcc_ex.o
 .ARM.attributes
                0x000003b7       0x34 ./Drivers/STM32F4xx_HAL_Driver/Src/stm32f4xx_hal_rtc.o
 .ARM.attributes
                0x000003eb       0x34 ./Drivers/STM32F4xx_HAL_Driver/Src/stm32f4xx_hal_sd.o
 .ARM.attributes
                0x0000041f       0x34 ./Drivers/STM32F4xx_HAL_Driver/Src/stm32f4xx_ll_sdmmc.o
 .ARM.attributes
                0x00000453       0x34 ./FATFS/App/fatfs.o
 .ARM.attributes
                0x00000487       0x34 ./FATFS/Target/bsp_driver_sd.o
 .ARM.attributes
                0x000004bb       0x34 ./FATFS/Target/fatfs_platform.o
 .ARM.attributes
                0x000004ef       0x34 ./FATFS/Target/sd_diskio.o
 .ARM.attributes
                0x00000523       0x34 ./Middlewares/Third_Party/FatFs/src/diskio.o
 .ARM.attributes
                0x00000557       0x34 ./Middlewares/Third_Party/FatFs/src/ff.o
 .ARM.attributes
                0x0000058b       0x34 ./Middlewares/Third_Party/FatFs/src/ff_gen_drv.o
 .ARM.attributes
                0x000005bf       0x34 ./Middlewares/Third_Party/FatFs/src/option/ccsbcs.o
 .ARM.attributes
                0x000005f3       0x34 /Applications/STM32CubeIDE.app/Contents/Eclipse/plugins/com.st.stm32cube.ide.mcu.externaltools.gnu-tools-for-stm32.12.3.rel1.macos64_1.0.200.202406191456/tools/bin/../lib/gcc/arm-none-eabi/12.3.1/../../../../arm-none-eabi/lib/thumb/v7e-m+fp/hard/libc_nano.a(libc_a-memset.o)
 .ARM.attributes
                0x00000627       0x34 /Applications/STM32CubeIDE.app/Contents/Eclipse/plugins/com.st.stm32cube.ide.mcu.externaltools.gnu-tools-for-stm32.12.3.rel1.macos64_1.0.200.202406191456/tools/bin/../lib/gcc/arm-none-eabi/12.3.1/../../../../arm-none-eabi/lib/thumb/v7e-m+fp/hard/libc_nano.a(libc_a-init.o)
 .ARM.attributes
                0x0000065b       0x22 /Applications/STM32CubeIDE.app/Contents/Eclipse/plugins/com.st.stm32cube.ide.mcu.externaltools.gnu-tools-for-stm32.12.3.rel1.macos64_1.0.200.202406191456/tools/bin/../lib/gcc/arm-none-eabi/12.3.1/thumb/v7e-m+fp/hard/libgcc.a(_aeabi_uldivmod.o)
 .ARM.attributes
                0x0000067d       0x34 /Applications/STM32CubeIDE.app/Contents/Eclipse/plugins/com.st.stm32cube.ide.mcu.externaltools.gnu-tools-for-stm32.12.3.rel1.macos64_1.0.200.202406191456/tools/bin/../lib/gcc/arm-none-eabi/12.3.1/thumb/v7e-m+fp/hard/libgcc.a(_udivmoddi4.o)
 .ARM.attributes
                0x000006b1       0x22 /Applications/STM32CubeIDE.app/Contents/Eclipse/plugins/com.st.stm32cube.ide.mcu.externaltools.gnu-tools-for-stm32.12.3.rel1.macos64_1.0.200.202406191456/tools/bin/../lib/gcc/arm-none-eabi/12.3.1/thumb/v7e-m+fp/hard/libgcc.a(_dvmd_tls.o)
 .ARM.attributes
                0x000006d3       0x22 /Applications/STM32CubeIDE.app/Contents/Eclipse/plugins/com.st.stm32cube.ide.mcu.externaltools.gnu-tools-for-stm32.12.3.rel1.macos64_1.0.200.202406191456/tools/bin/../lib/gcc/arm-none-eabi/12.3.1/thumb/v7e-m+fp/hard/crtn.o
OUTPUT(Vexuf1-bootloader.elf elf32-littlearm)
LOAD linker stubs
LOAD /Applications/STM32CubeIDE.app/Contents/Eclipse/plugins/com.st.stm32cube.ide.mcu.externaltools.gnu-tools-for-stm32.12.3.rel1.macos64_1.0.200.202406191456/tools/bin/../lib/gcc/arm-none-eabi/12.3.1/../../../../arm-none-eabi/lib/thumb/v7e-m+fp/hard/libc.a
LOAD /Applications/STM32CubeIDE.app/Contents/Eclipse/plugins/com.st.stm32cube.ide.mcu.externaltools.gnu-tools-for-stm32.12.3.rel1.macos64_1.0.200.202406191456/tools/bin/../lib/gcc/arm-none-eabi/12.3.1/../../../../arm-none-eabi/lib/thumb/v7e-m+fp/hard/libm.a
LOAD /Applications/STM32CubeIDE.app/Contents/Eclipse/plugins/com.st.stm32cube.ide.mcu.externaltools.gnu-tools-for-stm32.12.3.rel1.macos64_1.0.200.202406191456/tools/bin/../lib/gcc/arm-none-eabi/12.3.1/thumb/v7e-m+fp/hard/libgcc.a

.debug_info     0x00000000     0xfa34
 .debug_info    0x00000000      0x43f ./Core/Src/dma.o
 .debug_info    0x0000043f      0x44f ./Core/Src/gpio.o
 .debug_info    0x0000088e      0xf56 ./Core/Src/main.o
 .debug_info    0x000017e4      0x576 ./Core/Src/rtc.o
 .debug_info    0x00001d5a      0xcd9 ./Core/Src/sdio.o
 .debug_info    0x00002a33      0x291 ./Core/Src/stm32f4xx_hal_msp.o
 .debug_info    0x00002cc4      0x792 ./Core/Src/stm32f4xx_it.o
 .debug_info    0x00003456      0x53e ./Core/Src/system_stm32f4xx.o
 .debug_info    0x00003994       0x30 ./Core/Startup/startup_stm32f401rctx.o
 .debug_info    0x000039c4      0x8bb ./Drivers/STM32F4xx_HAL_Driver/Src/stm32f4xx_hal.o
 .debug_info    0x0000427f      0xcc1 ./Drivers/STM32F4xx_HAL_Driver/Src/stm32f4xx_hal_cortex.o
 .debug_info    0x00004f40      0x8e6 ./Drivers/STM32F4xx_HAL_Driver/Src/stm32f4xx_hal_dma.o
 .debug_info    0x00005826      0x589 ./Drivers/STM32F4xx_HAL_Driver/Src/stm32f4xx_hal_flash.o
 .debug_info    0x00005daf      0x7d8 ./Drivers/STM32F4xx_HAL_Driver/Src/stm32f4xx_hal_flash_ex.o
 .debug_info    0x00006587      0x6f9 ./Drivers/STM32F4xx_HAL_Driver/Src/stm32f4xx_hal_gpio.o
 .debug_info    0x00006c80      0x8f3 ./Drivers/STM32F4xx_HAL_Driver/Src/stm32f4xx_hal_rcc.o
 .debug_info    0x00007573      0x574 ./Drivers/STM32F4xx_HAL_Driver/Src/stm32f4xx_hal_rcc_ex.o
 .debug_info    0x00007ae7      0xc43 ./Drivers/STM32F4xx_HAL_Driver/Src/stm32f4xx_hal_rtc.o
 .debug_info    0x0000872a     0x1c12 ./Drivers/STM32F4xx_HAL_Driver/Src/stm32f4xx_hal_sd.o
 .debug_info    0x0000a33c     0x10c4 ./Drivers/STM32F4xx_HAL_Driver/Src/stm32f4xx_ll_sdmmc.o
 .debug_info    0x0000b400      0x508 ./FATFS/App/fatfs.o
 .debug_info    0x0000b908      0xaf1 ./FATFS/Target/bsp_driver_sd.o
 .debug_info    0x0000c3f9      0x1cc ./FATFS/Target/fatfs_platform.o
 .debug_info    0x0000c5c5      0x569 ./FATFS/Target/sd_diskio.o
 .debug_info    0x0000cb2e      0x3df ./Middlewares/Third_Party/FatFs/src/diskio.o
 .debug_info    0x0000cf0d     0x25ef ./Middlewares/Third_Party/FatFs/src/ff.o
 .debug_info    0x0000f4fc      0x37f ./Middlewares/Third_Party/FatFs/src/ff_gen_drv.o
 .debug_info    0x0000f87b      0x1b9 ./Middlewares/Third_Party/FatFs/src/option/ccsbcs.o

.debug_abbrev   0x00000000     0x33e7
 .debug_abbrev  0x00000000      0x10e ./Core/Src/dma.o
 .debug_abbrev  0x0000010e      0x151 ./Core/Src/gpio.o
 .debug_abbrev  0x0000025f      0x328 ./Core/Src/main.o
 .debug_abbrev  0x00000587      0x197 ./Core/Src/rtc.o
 .debug_abbrev  0x0000071e      0x22a ./Core/Src/sdio.o
 .debug_abbrev  0x00000948       0xd8 ./Core/Src/stm32f4xx_hal_msp.o
 .debug_abbrev  0x00000a20      0x1b9 ./Core/Src/stm32f4xx_it.o
 .debug_abbrev  0x00000bd9      0x11a ./Core/Src/system_stm32f4xx.o
 .debug_abbrev  0x00000cf3       0x24 ./Core/Startup/startup_stm32f401rctx.o
 .debug_abbrev  0x00000d17      0x24b ./Drivers/STM32F4xx_HAL_Driver/Src/stm32f4xx_hal.o
 .debug_abbrev  0x00000f62      0x328 ./Drivers/STM32F4xx_HAL_Driver/Src/stm32f4xx_hal_cortex.o
 .debug_abbrev  0x0000128a      0x221 ./Drivers/STM32F4xx_HAL_Driver/Src/stm32f4xx_hal_dma.o
 .debug_abbrev  0x000014ab      0x27c ./Drivers/STM32F4xx_HAL_Driver/Src/stm32f4xx_hal_flash.o
 .debug_abbrev  0x00001727      0x25d ./Drivers/STM32F4xx_HAL_Driver/Src/stm32f4xx_hal_flash_ex.o
 .debug_abbrev  0x00001984      0x1d3 ./Drivers/STM32F4xx_HAL_Driver/Src/stm32f4xx_hal_gpio.o
 .debug_abbrev  0x00001b57      0x2b5 ./Drivers/STM32F4xx_HAL_Driver/Src/stm32f4xx_hal_rcc.o
 .debug_abbrev  0x00001e0c      0x1af ./Drivers/STM32F4xx_HAL_Driver/Src/stm32f4xx_hal_rcc_ex.o
 .debug_abbrev  0x00001fbb      0x1fb ./Drivers/STM32F4xx_HAL_Driver/Src/stm32f4xx_hal_rtc.o
 .debug_abbrev  0x000021b6      0x292 ./Drivers/STM32F4xx_HAL_Driver/Src/stm32f4xx_hal_sd.o
 .debug_abbrev  0x00002448      0x1d6 ./Drivers/STM32F4xx_HAL_Driver/Src/stm32f4xx_ll_sdmmc.o
 .debug_abbrev  0x0000261e      0x15e ./FATFS/App/fatfs.o
 .debug_abbrev  0x0000277c      0x2b1 ./FATFS/Target/bsp_driver_sd.o
 .debug_abbrev  0x00002a2d      0x107 ./FATFS/Target/fatfs_platform.o
 .debug_abbrev  0x00002b34      0x22b ./FATFS/Target/sd_diskio.o
 .debug_abbrev  0x00002d5f      0x181 ./Middlewares/Third_Party/FatFs/src/diskio.o
 .debug_abbrev  0x00002ee0      0x28a ./Middlewares/Third_Party/FatFs/src/ff.o
 .debug_abbrev  0x0000316a      0x19f ./Middlewares/Third_Party/FatFs/src/ff_gen_drv.o
 .debug_abbrev  0x00003309       0xde ./Middlewares/Third_Party/FatFs/src/option/ccsbcs.o

.debug_aranges  0x00000000      0xf08
 .debug_aranges
                0x00000000       0x20 ./Core/Src/dma.o
 .debug_aranges
                0x00000020       0x20 ./Core/Src/gpio.o
 .debug_aranges
                0x00000040       0x50 ./Core/Src/main.o
 .debug_aranges
                0x00000090       0x30 ./Core/Src/rtc.o
 .debug_aranges
                0x000000c0       0x30 ./Core/Src/sdio.o
 .debug_aranges
                0x000000f0       0x20 ./Core/Src/stm32f4xx_hal_msp.o
 .debug_aranges
                0x00000110       0x78 ./Core/Src/stm32f4xx_it.o
 .debug_aranges
                0x00000188       0x28 ./Core/Src/system_stm32f4xx.o
 .debug_aranges
                0x000001b0       0x28 ./Core/Startup/startup_stm32f401rctx.o
 .debug_aranges
                0x000001d8       0xf0 ./Drivers/STM32F4xx_HAL_Driver/Src/stm32f4xx_hal.o
 .debug_aranges
                0x000002c8      0x120 ./Drivers/STM32F4xx_HAL_Driver/Src/stm32f4xx_hal_cortex.o
 .debug_aranges
                0x000003e8       0x90 ./Drivers/STM32F4xx_HAL_Driver/Src/stm32f4xx_hal_dma.o
 .debug_aranges
                0x00000478       0xa0 ./Drivers/STM32F4xx_HAL_Driver/Src/stm32f4xx_hal_flash.o
 .debug_aranges
                0x00000518       0xc8 ./Drivers/STM32F4xx_HAL_Driver/Src/stm32f4xx_hal_flash_ex.o
 .debug_aranges
                0x000005e0       0x58 ./Drivers/STM32F4xx_HAL_Driver/Src/stm32f4xx_hal_gpio.o
 .debug_aranges
                0x00000638       0x88 ./Drivers/STM32F4xx_HAL_Driver/Src/stm32f4xx_hal_rcc.o
 .debug_aranges
                0x000006c0       0x48 ./Drivers/STM32F4xx_HAL_Driver/Src/stm32f4xx_hal_rcc_ex.o
 .debug_aranges
                0x00000708       0xe8 ./Drivers/STM32F4xx_HAL_Driver/Src/stm32f4xx_hal_rtc.o
 .debug_aranges
                0x000007f0      0x168 ./Drivers/STM32F4xx_HAL_Driver/Src/stm32f4xx_hal_sd.o
 .debug_aranges
                0x00000958      0x188 ./Drivers/STM32F4xx_HAL_Driver/Src/stm32f4xx_ll_sdmmc.o
 .debug_aranges
                0x00000ae0       0x28 ./FATFS/App/fatfs.o
 .debug_aranges
                0x00000b08       0xa0 ./FATFS/Target/bsp_driver_sd.o
 .debug_aranges
                0x00000ba8       0x20 ./FATFS/Target/fatfs_platform.o
 .debug_aranges
                0x00000bc8       0x60 ./FATFS/Target/sd_diskio.o
 .debug_aranges
                0x00000c28       0x48 ./Middlewares/Third_Party/FatFs/src/diskio.o
 .debug_aranges
                0x00000c70      0x230 ./Middlewares/Third_Party/FatFs/src/ff.o
 .debug_aranges
                0x00000ea0       0x40 ./Middlewares/Third_Party/FatFs/src/ff_gen_drv.o
 .debug_aranges
                0x00000ee0       0x28 ./Middlewares/Third_Party/FatFs/src/option/ccsbcs.o

.debug_rnglists
                0x00000000      0xb32
 .debug_rnglists
                0x00000000       0x13 ./Core/Src/dma.o
 .debug_rnglists
                0x00000013       0x14 ./Core/Src/gpio.o
 .debug_rnglists
                0x00000027       0x3a ./Core/Src/main.o
 .debug_rnglists
                0x00000061       0x1f ./Core/Src/rtc.o
 .debug_rnglists
                0x00000080       0x20 ./Core/Src/sdio.o
 .debug_rnglists
                0x000000a0       0x13 ./Core/Src/stm32f4xx_hal_msp.o
 .debug_rnglists
                0x000000b3       0x55 ./Core/Src/stm32f4xx_it.o
 .debug_rnglists
                0x00000108       0x1a ./Core/Src/system_stm32f4xx.o
 .debug_rnglists
                0x00000122       0x19 ./Core/Startup/startup_stm32f401rctx.o
 .debug_rnglists
                0x0000013b       0xaf ./Drivers/STM32F4xx_HAL_Driver/Src/stm32f4xx_hal.o
 .debug_rnglists
                0x000001ea       0xd4 ./Drivers/STM32F4xx_HAL_Driver/Src/stm32f4xx_hal_cortex.o
 .debug_rnglists
                0x000002be       0x70 ./Drivers/STM32F4xx_HAL_Driver/Src/stm32f4xx_hal_dma.o
 .debug_rnglists
                0x0000032e       0x78 ./Drivers/STM32F4xx_HAL_Driver/Src/stm32f4xx_hal_flash.o
 .debug_rnglists
                0x000003a6       0x96 ./Drivers/STM32F4xx_HAL_Driver/Src/stm32f4xx_hal_flash_ex.o
 .debug_rnglists
                0x0000043c       0x3f ./Drivers/STM32F4xx_HAL_Driver/Src/stm32f4xx_hal_gpio.o
 .debug_rnglists
                0x0000047b       0x66 ./Drivers/STM32F4xx_HAL_Driver/Src/stm32f4xx_hal_rcc.o
 .debug_rnglists
                0x000004e1       0x35 ./Drivers/STM32F4xx_HAL_Driver/Src/stm32f4xx_hal_rcc_ex.o
 .debug_rnglists
                0x00000516       0xb4 ./Drivers/STM32F4xx_HAL_Driver/Src/stm32f4xx_hal_rtc.o
 .debug_rnglists
                0x000005ca      0x121 ./Drivers/STM32F4xx_HAL_Driver/Src/stm32f4xx_hal_sd.o
 .debug_rnglists
                0x000006eb      0x125 ./Drivers/STM32F4xx_HAL_Driver/Src/stm32f4xx_ll_sdmmc.o
 .debug_rnglists
                0x00000810       0x19 ./FATFS/App/fatfs.o
 .debug_rnglists
                0x00000829       0x73 ./FATFS/Target/bsp_driver_sd.o
 .debug_rnglists
                0x0000089c       0x13 ./FATFS/Target/fatfs_platform.o
 .debug_rnglists
                0x000008af       0x46 ./FATFS/Target/sd_diskio.o
 .debug_rnglists
                0x000008f5       0x31 ./Middlewares/Third_Party/FatFs/src/diskio.o
 .debug_rnglists
                0x00000926      0x1c6 ./Middlewares/Third_Party/FatFs/src/ff.o
 .debug_rnglists
                0x00000aec       0x2c ./Middlewares/Third_Party/FatFs/src/ff_gen_drv.o
 .debug_rnglists
                0x00000b18       0x1a ./Middlewares/Third_Party/FatFs/src/option/ccsbcs.o

.debug_macro    0x00000000    0x195a9
 .debug_macro   0x00000000      0x1fb ./Core/Src/dma.o
 .debug_macro   0x000001fb      0xab4 ./Core/Src/dma.o
 .debug_macro   0x00000caf      0x29b ./Core/Src/dma.o
 .debug_macro   0x00000f4a       0x2e ./Core/Src/dma.o
 .debug_macro   0x00000f78       0x28 ./Core/Src/dma.o
 .debug_macro   0x00000fa0       0x22 ./Core/Src/dma.o
 .debug_macro   0x00000fc2       0x8e ./Core/Src/dma.o
 .debug_macro   0x00001050       0x51 ./Core/Src/dma.o
 .debug_macro   0x000010a1      0x103 ./Core/Src/dma.o
 .debug_macro   0x000011a4       0x6a ./Core/Src/dma.o
 .debug_macro   0x0000120e      0x1df ./Core/Src/dma.o
 .debug_macro   0x000013ed       0x1c ./Core/Src/dma.o
 .debug_macro   0x00001409       0x22 ./Core/Src/dma.o
 .debug_macro   0x0000142b       0xfb ./Core/Src/dma.o
 .debug_macro   0x00001526     0x1011 ./Core/Src/dma.o
 .debug_macro   0x00002537      0x11f ./Core/Src/dma.o
 .debug_macro   0x00002656     0xb86c ./Core/Src/dma.o
 .debug_macro   0x0000dec2       0x6d ./Core/Src/dma.o
 .debug_macro   0x0000df2f     0x368c ./Core/Src/dma.o
 .debug_macro   0x000115bb      0x189 ./Core/Src/dma.o
 .debug_macro   0x00011744       0x5c ./Core/Src/dma.o
 .debug_macro   0x000117a0      0x416 ./Core/Src/dma.o
 .debug_macro   0x00011bb6      0x9e9 ./Core/Src/dma.o
 .debug_macro   0x0001259f      0x115 ./Core/Src/dma.o
 .debug_macro   0x000126b4       0xf8 ./Core/Src/dma.o
 .debug_macro   0x000127ac       0xa5 ./Core/Src/dma.o
 .debug_macro   0x00012851      0x15f ./Core/Src/dma.o
 .debug_macro   0x000129b0      0x287 ./Core/Src/dma.o
 .debug_macro   0x00012c37       0x5f ./Core/Src/dma.o
 .debug_macro   0x00012c96      0x236 ./Core/Src/dma.o
 .debug_macro   0x00012ecc      0x132 ./Core/Src/dma.o
 .debug_macro   0x00012ffe      0x23a ./Core/Src/dma.o
 .debug_macro   0x00013238       0x2e ./Core/Src/dma.o
 .debug_macro   0x00013266      0x127 ./Core/Src/dma.o
 .debug_macro   0x0001338d       0x85 ./Core/Src/dma.o
 .debug_macro   0x00013412       0x89 ./Core/Src/dma.o
 .debug_macro   0x0001349b      0x305 ./Core/Src/dma.o
 .debug_macro   0x000137a0      0x429 ./Core/Src/dma.o
 .debug_macro   0x00013bc9       0xeb ./Core/Src/dma.o
 .debug_macro   0x00013cb4      0x868 ./Core/Src/dma.o
 .debug_macro   0x0001451c      0x1d5 ./Core/Src/dma.o
 .debug_macro   0x000146f1      0x126 ./Core/Src/dma.o
 .debug_macro   0x00014817       0x4c ./Core/Src/dma.o
 .debug_macro   0x00014863      0x1fb ./Core/Src/gpio.o
 .debug_macro   0x00014a5e      0x3d0 ./Core/Src/main.o
 .debug_macro   0x00014e2e       0x1c ./Core/Src/main.o
 .debug_macro   0x00014e4a       0x34 ./Core/Src/main.o
 .debug_macro   0x00014e7e       0xe5 ./Core/Src/main.o
 .debug_macro   0x00014f63       0x2a ./Core/Src/main.o
 .debug_macro   0x00014f8d       0x61 ./Core/Src/main.o
 .debug_macro   0x00014fee       0x43 ./Core/Src/main.o
 .debug_macro   0x00015031       0x34 ./Core/Src/main.o
 .debug_macro   0x00015065       0x16 ./Core/Src/main.o
 .debug_macro   0x0001507b       0x35 ./Core/Src/main.o
 .debug_macro   0x000150b0       0x16 ./Core/Src/main.o
 .debug_macro   0x000150c6       0x43 ./Core/Src/main.o
 .debug_macro   0x00015109       0x34 ./Core/Src/main.o
 .debug_macro   0x0001513d       0x10 ./Core/Src/main.o
 .debug_macro   0x0001514d       0x58 ./Core/Src/main.o
 .debug_macro   0x000151a5       0x8e ./Core/Src/main.o
 .debug_macro   0x00015233       0x1c ./Core/Src/main.o
 .debug_macro   0x0001524f      0x177 ./Core/Src/main.o
 .debug_macro   0x000153c6      0x369 ./Core/Src/main.o
 .debug_macro   0x0001572f       0x16 ./Core/Src/main.o
 .debug_macro   0x00015745       0x29 ./Core/Src/main.o
 .debug_macro   0x0001576e       0x12 ./Core/Src/main.o
 .debug_macro   0x00015780       0xe2 ./Core/Src/main.o
 .debug_macro   0x00015862       0x8e ./Core/Src/main.o
 .debug_macro   0x000158f0       0x1c ./Core/Src/main.o
 .debug_macro   0x0001590c       0x10 ./Core/Src/main.o
 .debug_macro   0x0001591c       0x1c ./Core/Src/main.o
 .debug_macro   0x00015938       0x16 ./Core/Src/main.o
 .debug_macro   0x0001594e      0x146 ./Core/Src/main.o
 .debug_macro   0x00015a94       0x16 ./Core/Src/main.o
 .debug_macro   0x00015aaa       0x20 ./Core/Src/main.o
 .debug_macro   0x00015aca      0x1fb ./Core/Src/rtc.o
 .debug_macro   0x00015cc5      0x1fb ./Core/Src/sdio.o
 .debug_macro   0x00015ec0      0x1f1 ./Core/Src/stm32f4xx_hal_msp.o
 .debug_macro   0x000160b1      0x1fb ./Core/Src/stm32f4xx_it.o
 .debug_macro   0x000162ac      0x1e2 ./Core/Src/system_stm32f4xx.o
 .debug_macro   0x0001648e      0x242 ./Drivers/STM32F4xx_HAL_Driver/Src/stm32f4xx_hal.o
 .debug_macro   0x000166d0      0x1e2 ./Drivers/STM32F4xx_HAL_Driver/Src/stm32f4xx_hal_cortex.o
 .debug_macro   0x000168b2      0x1e8 ./Drivers/STM32F4xx_HAL_Driver/Src/stm32f4xx_hal_dma.o
 .debug_macro   0x00016a9a      0x1e8 ./Drivers/STM32F4xx_HAL_Driver/Src/stm32f4xx_hal_flash.o
 .debug_macro   0x00016c82      0x1e8 ./Drivers/STM32F4xx_HAL_Driver/Src/stm32f4xx_hal_flash_ex.o
 .debug_macro   0x00016e6a      0x1e8 ./Drivers/STM32F4xx_HAL_Driver/Src/stm32f4xx_hal_gpio.o
 .debug_macro   0x00017052      0x206 ./Drivers/STM32F4xx_HAL_Driver/Src/stm32f4xx_hal_rcc.o
 .debug_macro   0x00017258      0x1e2 ./Drivers/STM32F4xx_HAL_Driver/Src/stm32f4xx_hal_rcc_ex.o
 .debug_macro   0x0001743a      0x1e3 ./Drivers/STM32F4xx_HAL_Driver/Src/stm32f4xx_hal_rtc.o
 .debug_macro   0x0001761d      0x1e3 ./Drivers/STM32F4xx_HAL_Driver/Src/stm32f4xx_hal_sd.o
 .debug_macro   0x00017800      0x1e3 ./Drivers/STM32F4xx_HAL_Driver/Src/stm32f4xx_ll_sdmmc.o
 .debug_macro   0x000179e3      0x32e ./FATFS/App/fatfs.o
 .debug_macro   0x00017d11      0x1fa ./FATFS/Target/bsp_driver_sd.o
 .debug_macro   0x00017f0b      0x1eb ./FATFS/Target/fatfs_platform.o
 .debug_macro   0x000180f6      0x361 ./FATFS/Target/sd_diskio.o
 .debug_macro   0x00018457       0x16 ./FATFS/Target/sd_diskio.o
 .debug_macro   0x0001846d       0x7c ./FATFS/Target/sd_diskio.o
 .debug_macro   0x000184e9      0x31b ./Middlewares/Third_Party/FatFs/src/diskio.o
 .debug_macro   0x00018804      0x729 ./Middlewares/Third_Party/FatFs/src/ff.o
 .debug_macro   0x00018f2d       0x58 ./Middlewares/Third_Party/FatFs/src/ff.o
 .debug_macro   0x00018f85      0x31b ./Middlewares/Third_Party/FatFs/src/ff_gen_drv.o
 .debug_macro   0x000192a0      0x309 ./Middlewares/Third_Party/FatFs/src/option/ccsbcs.o

.debug_line     0x00000000    0x15d16
 .debug_line    0x00000000      0x6f7 ./Core/Src/dma.o
 .debug_line    0x000006f7      0x71e ./Core/Src/gpio.o
 .debug_line    0x00000e15      0xb95 ./Core/Src/main.o
 .debug_line    0x000019aa      0x75b ./Core/Src/rtc.o
 .debug_line    0x00002105      0x7d5 ./Core/Src/sdio.o
 .debug_line    0x000028da      0x6fa ./Core/Src/stm32f4xx_hal_msp.o
 .debug_line    0x00002fd4      0x807 ./Core/Src/stm32f4xx_it.o
 .debug_line    0x000037db      0x77e ./Core/Src/system_stm32f4xx.o
 .debug_line    0x00003f59       0x7a ./Core/Startup/startup_stm32f401rctx.o
 .debug_line    0x00003fd3      0x9e7 ./Drivers/STM32F4xx_HAL_Driver/Src/stm32f4xx_hal.o
 .debug_line    0x000049ba      0xcaf ./Drivers/STM32F4xx_HAL_Driver/Src/stm32f4xx_hal_cortex.o
 .debug_line    0x00005669      0xf57 ./Drivers/STM32F4xx_HAL_Driver/Src/stm32f4xx_hal_dma.o
 .debug_line    0x000065c0      0xabe ./Drivers/STM32F4xx_HAL_Driver/Src/stm32f4xx_hal_flash.o
 .debug_line    0x0000707e      0xbc1 ./Drivers/STM32F4xx_HAL_Driver/Src/stm32f4xx_hal_flash_ex.o
 .debug_line    0x00007c3f      0xb37 ./Drivers/STM32F4xx_HAL_Driver/Src/stm32f4xx_hal_gpio.o
 .debug_line    0x00008776      0xd5a ./Drivers/STM32F4xx_HAL_Driver/Src/stm32f4xx_hal_rcc.o
 .debug_line    0x000094d0      0xa15 ./Drivers/STM32F4xx_HAL_Driver/Src/stm32f4xx_hal_rcc_ex.o
 .debug_line    0x00009ee5     0x10cb ./Drivers/STM32F4xx_HAL_Driver/Src/stm32f4xx_hal_rtc.o
 .debug_line    0x0000afb0     0x1f20 ./Drivers/STM32F4xx_HAL_Driver/Src/stm32f4xx_hal_sd.o
 .debug_line    0x0000ced0      0xf76 ./Drivers/STM32F4xx_HAL_Driver/Src/stm32f4xx_ll_sdmmc.o
 .debug_line    0x0000de46      0x913 ./FATFS/App/fatfs.o
 .debug_line    0x0000e759      0x8e7 ./FATFS/Target/bsp_driver_sd.o
 .debug_line    0x0000f040      0x70f ./FATFS/Target/fatfs_platform.o
 .debug_line    0x0000f74f      0xb24 ./FATFS/Target/sd_diskio.o
 .debug_line    0x00010273      0x987 ./Middlewares/Third_Party/FatFs/src/diskio.o
 .debug_line    0x00010bfa     0x3d96 ./Middlewares/Third_Party/FatFs/src/ff.o
 .debug_line    0x00014990      0x9a2 ./Middlewares/Third_Party/FatFs/src/ff_gen_drv.o
 .debug_line    0x00015332      0x9e4 ./Middlewares/Third_Party/FatFs/src/option/ccsbcs.o

.debug_str      0x00000000    0x90086
 .debug_str     0x00000000    0x8770c ./Core/Src/dma.o
                              0x87993 (size before relaxing)
 .debug_str     0x0008770c       0xe9 ./Core/Src/gpio.o
                              0x876a3 (size before relaxing)
 .debug_str     0x000877f5     0x4650 ./Core/Src/main.o
                              0x8bd06 (size before relaxing)
 .debug_str     0x0008be45      0x2e7 ./Core/Src/rtc.o
                              0x8781d (size before relaxing)
 .debug_str     0x0008c12c      0x485 ./Core/Src/sdio.o
                              0x87fb0 (size before relaxing)
 .debug_str     0x0008c5b1       0x2c ./Core/Src/stm32f4xx_hal_msp.o
                              0x875d8 (size before relaxing)
 .debug_str     0x0008c5dd      0x135 ./Core/Src/stm32f4xx_it.o
                              0x87aa4 (size before relaxing)
 .debug_str     0x0008c712       0x87 ./Core/Src/system_stm32f4xx.o
                              0x87581 (size before relaxing)
 .debug_str     0x0008c799       0x44 ./Core/Startup/startup_stm32f401rctx.o
                                 0x81 (size before relaxing)
 .debug_str     0x0008c7dd      0x5fd ./Drivers/STM32F4xx_HAL_Driver/Src/stm32f4xx_hal.o
                              0x87fa3 (size before relaxing)
 .debug_str     0x0008cdda      0x335 ./Drivers/STM32F4xx_HAL_Driver/Src/stm32f4xx_hal_cortex.o
                              0x87cdb (size before relaxing)
 .debug_str     0x0008d10f      0x2f9 ./Drivers/STM32F4xx_HAL_Driver/Src/stm32f4xx_hal_dma.o
                              0x87989 (size before relaxing)
 .debug_str     0x0008d408      0x291 ./Drivers/STM32F4xx_HAL_Driver/Src/stm32f4xx_hal_flash.o
                              0x8775f (size before relaxing)
 .debug_str     0x0008d699      0x2a7 ./Drivers/STM32F4xx_HAL_Driver/Src/stm32f4xx_hal_flash_ex.o
                              0x87882 (size before relaxing)
 .debug_str     0x0008d940       0xfd ./Drivers/STM32F4xx_HAL_Driver/Src/stm32f4xx_hal_gpio.o
                              0x876fc (size before relaxing)
 .debug_str     0x0008da3d      0x1ff ./Drivers/STM32F4xx_HAL_Driver/Src/stm32f4xx_hal_rcc.o
                              0x879b5 (size before relaxing)
 .debug_str     0x0008dc3c       0xf9 ./Drivers/STM32F4xx_HAL_Driver/Src/stm32f4xx_hal_rcc_ex.o
                              0x876e4 (size before relaxing)
 .debug_str     0x0008dd35      0x337 ./Drivers/STM32F4xx_HAL_Driver/Src/stm32f4xx_hal_rtc.o
                              0x879de (size before relaxing)
 .debug_str     0x0008e06c      0x8d8 ./Drivers/STM32F4xx_HAL_Driver/Src/stm32f4xx_hal_sd.o
                              0x882e8 (size before relaxing)
 .debug_str     0x0008e944      0x227 ./Drivers/STM32F4xx_HAL_Driver/Src/stm32f4xx_ll_sdmmc.o
                              0x879f6 (size before relaxing)
 .debug_str     0x0008eb6b       0xe0 ./FATFS/App/fatfs.o
                              0x8af9f (size before relaxing)
 .debug_str     0x0008ec4b      0x17b ./FATFS/Target/bsp_driver_sd.o
                              0x87c49 (size before relaxing)
 .debug_str     0x0008edc6       0x21 ./FATFS/Target/fatfs_platform.o
                              0x874c6 (size before relaxing)
 .debug_str     0x0008ede7       0xcf ./FATFS/Target/sd_diskio.o
                              0x8b0c9 (size before relaxing)
 .debug_str     0x0008eeb6       0x57 ./Middlewares/Third_Party/FatFs/src/diskio.o
                              0x8aea7 (size before relaxing)
 .debug_str     0x0008ef0d     0x109f ./Middlewares/Third_Party/FatFs/src/ff.o
                              0x8c1ae (size before relaxing)
 .debug_str     0x0008ffac       0x91 ./Middlewares/Third_Party/FatFs/src/ff_gen_drv.o
                              0x8aef8 (size before relaxing)
 .debug_str     0x0009003d       0x49 ./Middlewares/Third_Party/FatFs/src/option/ccsbcs.o
                              0x8ac7c (size before relaxing)

.comment        0x00000000       0x43
 .comment       0x00000000       0x43 ./Core/Src/dma.o
                                 0x44 (size before relaxing)
 .comment       0x00000043       0x44 ./Core/Src/gpio.o
 .comment       0x00000043       0x44 ./Core/Src/main.o
 .comment       0x00000043       0x44 ./Core/Src/rtc.o
 .comment       0x00000043       0x44 ./Core/Src/sdio.o
 .comment       0x00000043       0x44 ./Core/Src/stm32f4xx_hal_msp.o
 .comment       0x00000043       0x44 ./Core/Src/stm32f4xx_it.o
 .comment       0x00000043       0x44 ./Core/Src/system_stm32f4xx.o
 .comment       0x00000043       0x44 ./Drivers/STM32F4xx_HAL_Driver/Src/stm32f4xx_hal.o
 .comment       0x00000043       0x44 ./Drivers/STM32F4xx_HAL_Driver/Src/stm32f4xx_hal_cortex.o
 .comment       0x00000043       0x44 ./Drivers/STM32F4xx_HAL_Driver/Src/stm32f4xx_hal_dma.o
 .comment       0x00000043       0x44 ./Drivers/STM32F4xx_HAL_Driver/Src/stm32f4xx_hal_flash.o
 .comment       0x00000043       0x44 ./Drivers/STM32F4xx_HAL_Driver/Src/stm32f4xx_hal_flash_ex.o
 .comment       0x00000043       0x44 ./Drivers/STM32F4xx_HAL_Driver/Src/stm32f4xx_hal_gpio.o
 .comment       0x00000043       0x44 ./Drivers/STM32F4xx_HAL_Driver/Src/stm32f4xx_hal_rcc.o
 .comment       0x00000043       0x44 ./Drivers/STM32F4xx_HAL_Driver/Src/stm32f4xx_hal_rcc_ex.o
 .comment       0x00000043       0x44 ./Drivers/STM32F4xx_HAL_Driver/Src/stm32f4xx_hal_rtc.o
 .comment       0x00000043       0x44 ./Drivers/STM32F4xx_HAL_Driver/Src/stm32f4xx_hal_sd.o
 .comment       0x00000043       0x44 ./Drivers/STM32F4xx_HAL_Driver/Src/stm32f4xx_ll_sdmmc.o
 .comment       0x00000043       0x44 ./FATFS/App/fatfs.o
 .comment       0x00000043       0x44 ./FATFS/Target/bsp_driver_sd.o
 .comment       0x00000043       0x44 ./FATFS/Target/fatfs_platform.o
 .comment       0x00000043       0x44 ./FATFS/Target/sd_diskio.o
 .comment       0x00000043       0x44 ./Middlewares/Third_Party/FatFs/src/diskio.o
 .comment       0x00000043       0x44 ./Middlewares/Third_Party/FatFs/src/ff.o
 .comment       0x00000043       0x44 ./Middlewares/Third_Party/FatFs/src/ff_gen_drv.o
 .comment       0x00000043       0x44 ./Middlewares/Third_Party/FatFs/src/option/ccsbcs.o

.debug_frame    0x00000000     0x3a98
 .debug_frame   0x00000000       0x34 ./Core/Src/dma.o
 .debug_frame   0x00000034       0x34 ./Core/Src/gpio.o
 .debug_frame   0x00000068      0x100 ./Core/Src/main.o
 .debug_frame   0x00000168       0x78 ./Core/Src/rtc.o
 .debug_frame   0x000001e0       0x74 ./Core/Src/sdio.o
 .debug_frame   0x00000254       0x38 ./Core/Src/stm32f4xx_hal_msp.o
 .debug_frame   0x0000028c      0x15c ./Core/Src/stm32f4xx_it.o
 .debug_frame   0x000003e8       0x58 ./Core/Src/system_stm32f4xx.o
 .debug_frame   0x00000440      0x374 ./Drivers/STM32F4xx_HAL_Driver/Src/stm32f4xx_hal.o
 .debug_frame   0x000007b4      0x4b8 ./Drivers/STM32F4xx_HAL_Driver/Src/stm32f4xx_hal_cortex.o
 .debug_frame   0x00000c6c      0x250 ./Drivers/STM32F4xx_HAL_Driver/Src/stm32f4xx_hal_dma.o
 .debug_frame   0x00000ebc      0x274 ./Drivers/STM32F4xx_HAL_Driver/Src/stm32f4xx_hal_flash.o
 .debug_frame   0x00001130      0x334 ./Drivers/STM32F4xx_HAL_Driver/Src/stm32f4xx_hal_flash_ex.o
 .debug_frame   0x00001464      0x14c ./Drivers/STM32F4xx_HAL_Driver/Src/stm32f4xx_hal_gpio.o
 .debug_frame   0x000015b0      0x1f4 ./Drivers/STM32F4xx_HAL_Driver/Src/stm32f4xx_hal_rcc.o
 .debug_frame   0x000017a4       0xf0 ./Drivers/STM32F4xx_HAL_Driver/Src/stm32f4xx_hal_rcc_ex.o
 .debug_frame   0x00001894      0x3f4 ./Drivers/STM32F4xx_HAL_Driver/Src/stm32f4xx_hal_rtc.o
 .debug_frame   0x00001c88      0x650 ./Drivers/STM32F4xx_HAL_Driver/Src/stm32f4xx_hal_sd.o
 .debug_frame   0x000022d8      0x6d0 ./Drivers/STM32F4xx_HAL_Driver/Src/stm32f4xx_ll_sdmmc.o
 .debug_frame   0x000029a8       0x4c ./FATFS/App/fatfs.o
 .debug_frame   0x000029f4      0x258 ./FATFS/Target/bsp_driver_sd.o
 .debug_frame   0x00002c4c       0x34 ./FATFS/Target/fatfs_platform.o
 .debug_frame   0x00002c80      0x14c ./FATFS/Target/sd_diskio.o
 .debug_frame   0x00002dcc       0xec ./Middlewares/Third_Party/FatFs/src/diskio.o
 .debug_frame   0x00002eb8      0xa0c ./Middlewares/Third_Party/FatFs/src/ff.o
 .debug_frame   0x000038c4       0xc8 ./Middlewares/Third_Party/FatFs/src/ff_gen_drv.o
 .debug_frame   0x0000398c       0x60 ./Middlewares/Third_Party/FatFs/src/option/ccsbcs.o
 .debug_frame   0x000039ec       0x20 /Applications/STM32CubeIDE.app/Contents/Eclipse/plugins/com.st.stm32cube.ide.mcu.externaltools.gnu-tools-for-stm32.12.3.rel1.macos64_1.0.200.202406191456/tools/bin/../lib/gcc/arm-none-eabi/12.3.1/../../../../arm-none-eabi/lib/thumb/v7e-m+fp/hard/libc_nano.a(libc_a-memset.o)
 .debug_frame   0x00003a0c       0x2c /Applications/STM32CubeIDE.app/Contents/Eclipse/plugins/com.st.stm32cube.ide.mcu.externaltools.gnu-tools-for-stm32.12.3.rel1.macos64_1.0.200.202406191456/tools/bin/../lib/gcc/arm-none-eabi/12.3.1/../../../../arm-none-eabi/lib/thumb/v7e-m+fp/hard/libc_nano.a(libc_a-init.o)
 .debug_frame   0x00003a38       0x2c /Applications/STM32CubeIDE.app/Contents/Eclipse/plugins/com.st.stm32cube.ide.mcu.externaltools.gnu-tools-for-stm32.12.3.rel1.macos64_1.0.200.202406191456/tools/bin/../lib/gcc/arm-none-eabi/12.3.1/thumb/v7e-m+fp/hard/libgcc.a(_aeabi_uldivmod.o)
 .debug_frame   0x00003a64       0x34 /Applications/STM32CubeIDE.app/Contents/Eclipse/plugins/com.st.stm32cube.ide.mcu.externaltools.gnu-tools-for-stm32.12.3.rel1.macos64_1.0.200.202406191456/tools/bin/../lib/gcc/arm-none-eabi/12.3.1/thumb/v7e-m+fp/hard/libgcc.a(_udivmoddi4.o)

.debug_line_str
                0x00000000       0x65
 .debug_line_str
                0x00000000       0x65 ./Core/Startup/startup_stm32f401rctx.o
