Archive member included to satisfy reference by file (symbol)

/Applications/STM32CubeIDE.app/Contents/Eclipse/plugins/com.st.stm32cube.ide.mcu.externaltools.gnu-tools-for-stm32.12.3.rel1.macos64_1.0.200.202406191456/tools/bin/../lib/gcc/arm-none-eabi/12.3.1/../../../../arm-none-eabi/lib/thumb/v7e-m+fp/hard/libc_nano.a(libc_a-exit.o)
                              /Applications/STM32CubeIDE.app/Contents/Eclipse/plugins/com.st.stm32cube.ide.mcu.externaltools.gnu-tools-for-stm32.12.3.rel1.macos64_1.0.200.202406191456/tools/bin/../lib/gcc/arm-none-eabi/12.3.1/../../../../arm-none-eabi/lib/thumb/v7e-m+fp/hard/crt0.o (exit)
/Applications/STM32CubeIDE.app/Contents/Eclipse/plugins/com.st.stm32cube.ide.mcu.externaltools.gnu-tools-for-stm32.12.3.rel1.macos64_1.0.200.202406191456/tools/bin/../lib/gcc/arm-none-eabi/12.3.1/../../../../arm-none-eabi/lib/thumb/v7e-m+fp/hard/libc_nano.a(libc_a-findfp.o)
                              /Applications/STM32CubeIDE.app/Contents/Eclipse/plugins/com.st.stm32cube.ide.mcu.externaltools.gnu-tools-for-stm32.12.3.rel1.macos64_1.0.200.202406191456/tools/bin/../lib/gcc/arm-none-eabi/12.3.1/../../../../arm-none-eabi/lib/thumb/v7e-m+fp/hard/libc_nano.a(libc_a-exit.o) (__stdio_exit_handler)
/Applications/STM32CubeIDE.app/Contents/Eclipse/plugins/com.st.stm32cube.ide.mcu.externaltools.gnu-tools-for-stm32.12.3.rel1.macos64_1.0.200.202406191456/tools/bin/../lib/gcc/arm-none-eabi/12.3.1/../../../../arm-none-eabi/lib/thumb/v7e-m+fp/hard/libc_nano.a(libc_a-fwalk.o)
                              /Applications/STM32CubeIDE.app/Contents/Eclipse/plugins/com.st.stm32cube.ide.mcu.externaltools.gnu-tools-for-stm32.12.3.rel1.macos64_1.0.200.202406191456/tools/bin/../lib/gcc/arm-none-eabi/12.3.1/../../../../arm-none-eabi/lib/thumb/v7e-m+fp/hard/libc_nano.a(libc_a-findfp.o) (_fwalk_sglue)
/Applications/STM32CubeIDE.app/Contents/Eclipse/plugins/com.st.stm32cube.ide.mcu.externaltools.gnu-tools-for-stm32.12.3.rel1.macos64_1.0.200.202406191456/tools/bin/../lib/gcc/arm-none-eabi/12.3.1/../../../../arm-none-eabi/lib/thumb/v7e-m+fp/hard/libc_nano.a(libc_a-memset.o)
                              /Applications/STM32CubeIDE.app/Contents/Eclipse/plugins/com.st.stm32cube.ide.mcu.externaltools.gnu-tools-for-stm32.12.3.rel1.macos64_1.0.200.202406191456/tools/bin/../lib/gcc/arm-none-eabi/12.3.1/../../../../arm-none-eabi/lib/thumb/v7e-m+fp/hard/crt0.o (memset)
/Applications/STM32CubeIDE.app/Contents/Eclipse/plugins/com.st.stm32cube.ide.mcu.externaltools.gnu-tools-for-stm32.12.3.rel1.macos64_1.0.200.202406191456/tools/bin/../lib/gcc/arm-none-eabi/12.3.1/../../../../arm-none-eabi/lib/thumb/v7e-m+fp/hard/libc_nano.a(libc_a-impure.o)
                              /Applications/STM32CubeIDE.app/Contents/Eclipse/plugins/com.st.stm32cube.ide.mcu.externaltools.gnu-tools-for-stm32.12.3.rel1.macos64_1.0.200.202406191456/tools/bin/../lib/gcc/arm-none-eabi/12.3.1/../../../../arm-none-eabi/lib/thumb/v7e-m+fp/hard/libc_nano.a(libc_a-findfp.o) (_impure_data)
/Applications/STM32CubeIDE.app/Contents/Eclipse/plugins/com.st.stm32cube.ide.mcu.externaltools.gnu-tools-for-stm32.12.3.rel1.macos64_1.0.200.202406191456/tools/bin/../lib/gcc/arm-none-eabi/12.3.1/../../../../arm-none-eabi/lib/thumb/v7e-m+fp/hard/libc_nano.a(libc_a-errno.o)
                              ./Core/Src/syscalls.o (__errno)
/Applications/STM32CubeIDE.app/Contents/Eclipse/plugins/com.st.stm32cube.ide.mcu.externaltools.gnu-tools-for-stm32.12.3.rel1.macos64_1.0.200.202406191456/tools/bin/../lib/gcc/arm-none-eabi/12.3.1/../../../../arm-none-eabi/lib/thumb/v7e-m+fp/hard/libc_nano.a(libc_a-init.o)
                              /Applications/STM32CubeIDE.app/Contents/Eclipse/plugins/com.st.stm32cube.ide.mcu.externaltools.gnu-tools-for-stm32.12.3.rel1.macos64_1.0.200.202406191456/tools/bin/../lib/gcc/arm-none-eabi/12.3.1/../../../../arm-none-eabi/lib/thumb/v7e-m+fp/hard/crt0.o (__libc_init_array)
/Applications/STM32CubeIDE.app/Contents/Eclipse/plugins/com.st.stm32cube.ide.mcu.externaltools.gnu-tools-for-stm32.12.3.rel1.macos64_1.0.200.202406191456/tools/bin/../lib/gcc/arm-none-eabi/12.3.1/../../../../arm-none-eabi/lib/thumb/v7e-m+fp/hard/libc_nano.a(libc_a-lock.o)
                              /Applications/STM32CubeIDE.app/Contents/Eclipse/plugins/com.st.stm32cube.ide.mcu.externaltools.gnu-tools-for-stm32.12.3.rel1.macos64_1.0.200.202406191456/tools/bin/../lib/gcc/arm-none-eabi/12.3.1/../../../../arm-none-eabi/lib/thumb/v7e-m+fp/hard/libc_nano.a(libc_a-findfp.o) (__retarget_lock_init_recursive)
/Applications/STM32CubeIDE.app/Contents/Eclipse/plugins/com.st.stm32cube.ide.mcu.externaltools.gnu-tools-for-stm32.12.3.rel1.macos64_1.0.200.202406191456/tools/bin/../lib/gcc/arm-none-eabi/12.3.1/../../../../arm-none-eabi/lib/thumb/v7e-m+fp/hard/libc_nano.a(libc_a-strlen.o)
                              ./Middlewares/Third_Party/FatFs/src/ff.o (strlen)
[...]
Memory Configuration

Name             Origin             Length             Attributes
RAM              0x20000000         0x00010000         xrw
FLASH            0x08000000         0x00008000         xr
*default*        0x00000000         0xffffffff

Linker script and memory map

LOAD /Applications/STM32CubeIDE.app/Contents/Eclipse/plugins/com.st.stm32cube.ide.mcu.externaltools.gnu-tools-for-stm32.12.3.rel1.macos64_1.0.200.202406191456/tools/bin/../lib/gcc/arm-none-eabi/12.3.1/thumb/v7e-m+fp/hard/crti.o
LOAD /Applications/STM32CubeIDE.app/Contents/Eclipse/plugins/com.st.stm32cube.ide.mcu.externaltools.gnu-tools-for-stm32.12.3.rel1.macos64_1.0.200.202406191456/tools/bin/../lib/gcc/arm-none-eabi/12.3.1/thumb/v7e-m+fp/hard/crtbegin.o
LOAD /Applications/STM32CubeIDE.app/Contents/Eclipse/plugins/com.st.stm32cube.ide.mcu.externaltools.gnu-tools-for-stm32.12.3.rel1.macos64_1.0.200.202406191456/tools/bin/../lib/gcc/arm-none-eabi/12.3.1/../../../../arm-none-eabi/lib/thumb/v7e-m+fp/hard/crt0.o
LOAD ./Core/Src/dma.o
LOAD ./Core/Src/gpio.o
LOAD ./Core/Src/main.o
LOAD ./Core/Src/rtc.o
LOAD ./Core/Src/sdio.o
LOAD ./Core/Src/stm32f4xx_hal_msp.o
LOAD ./Core/Src/stm32f4xx_it.o
LOAD ./Core/Src/syscalls.o
LOAD ./Core/Src/sysmem.o
LOAD ./Core/Src/system_stm32f4xx.o
LOAD ./Core/Startup/startup_stm32f401rctx.o
LOAD ./Drivers/STM32F4xx_HAL_Driver/Src/stm32f4xx_hal.o
LOAD ./Drivers/STM32F4xx_HAL_Driver/Src/stm32f4xx_hal_cortex.o
LOAD ./Drivers/STM32F4xx_HAL_Driver/Src/stm32f4xx_hal_dma.o
LOAD ./Drivers/STM32F4xx_HAL_Driver/Src/stm32f4xx_hal_dma_ex.o
LOAD ./Drivers/STM32F4xx_HAL_Driver/Src/stm32f4xx_hal_exti.o
LOAD ./Drivers/STM32F4xx_HAL_Driver/Src/stm32f4xx_hal_flash.o
LOAD ./Drivers/STM32F4xx_HAL_Driver/Src/stm32f4xx_hal_flash_ex.o
LOAD ./Drivers/STM32F4xx_HAL_Driver/Src/stm32f4xx_hal_flash_ramfunc.o
LOAD ./Drivers/STM32F4xx_HAL_Driver/Src/stm32f4xx_hal_gpio.o
LOAD ./Drivers/STM32F4xx_HAL_Driver/Src/stm32f4xx_hal_pwr.o
LOAD ./Drivers/STM32F4xx_HAL_Driver/Src/stm32f4xx_hal_pwr_ex.o
LOAD ./Drivers/STM32F4xx_HAL_Driver/Src/stm32f4xx_hal_rcc.o
LOAD ./Drivers/STM32F4xx_HAL_Driver/Src/stm32f4xx_hal_rcc_ex.o
LOAD ./Drivers/STM32F4xx_HAL_Driver/Src/stm32f4xx_hal_rtc.o
LOAD ./Drivers/STM32F4xx_HAL_Driver/Src/stm32f4xx_hal_rtc_ex.o
LOAD ./Drivers/STM32F4xx_HAL_Driver/Src/stm32f4xx_hal_sd.o
LOAD ./Drivers/STM32F4xx_HAL_Driver/Src/stm32f4xx_hal_tim.o
LOAD ./Drivers/STM32F4xx_HAL_Driver/Src/stm32f4xx_hal_tim_ex.o
LOAD ./Drivers/STM32F4xx_HAL_Driver/Src/stm32f4xx_ll_sdmmc.o
LOAD ./FATFS/App/fatfs.o
LOAD ./FATFS/Target/bsp_driver_sd.o
LOAD ./FATFS/Target/fatfs_platform.o
LOAD ./FATFS/Target/sd_diskio.o
LOAD ./Middlewares/Third_Party/FatFs/src/diskio.o
LOAD ./Middlewares/Third_Party/FatFs/src/ff.o
LOAD ./Middlewares/Third_Party/FatFs/src/ff_gen_drv.o
LOAD ./Middlewares/Third_Party/FatFs/src/option/ccsbcs.o
LOAD ./Middlewares/Third_Party/FatFs/src/option/syscall.o
START GROUP
LOAD /Applications/STM32CubeIDE.app/Contents/Eclipse/plugins/com.st.stm32cube.ide.mcu.externaltools.gnu-tools-for-stm32.12.3.rel1.macos64_1.0.200.202406191456/tools/bin/../lib/gcc/arm-none-eabi/12.3.1/../../../../arm-none-eabi/lib/thumb/v7e-m+fp/hard/libc_nano.a
LOAD /Applications/STM32CubeIDE.app/Contents/Eclipse/plugins/com.st.stm32cube.ide.mcu.externaltools.gnu-tools-for-stm32.12.3.rel1.macos64_1.0.200.202406191456/tools/bin/../lib/gcc/arm-none-eabi/12.3.1/../../../../arm-none-eabi/lib/thumb/v7e-m+fp/hard/libm.a
END GROUP
START GROUP
LOAD /Applications/STM32CubeIDE.app/Contents/Eclipse/plugins/com.st.stm32cube.ide.mcu.externaltools.gnu-tools-for-stm32.12.3.rel1.macos64_1.0.200.202406191456/tools/bin/../lib/gcc/arm-none-eabi/12.3.1/thumb/v7e-m+fp/hard/libgcc.a
LOAD /Applications/STM32CubeIDE.app/Contents/Eclipse/plugins/com.st.stm32cube.ide.mcu.externaltools.gnu-tools-for-stm32.12.3.rel1.macos64_1.0.200.202406191456/tools/bin/../lib/gcc/arm-none-eabi/12.3.1/../../../../arm-none-eabi/lib/thumb/v7e-m+fp/hard/libc_nano.a
END GROUP
START GROUP
LOAD /Applications/STM32CubeIDE.app/Contents/Eclipse/plugins/com.st.stm32cube.ide.mcu.externaltools.gnu-tools-for-stm32.12.3.rel1.macos64_1.0.200.202406191456/tools/bin/../lib/gcc/arm-none-eabi/12.3.1/thumb/v7e-m+fp/hard/libgcc.a
LOAD /Applications/STM32CubeIDE.app/Contents/Eclipse/plugins/com.st.stm32cube.ide.mcu.externaltools.gnu-tools-for-stm32.12.3.rel1.macos64_1.0.200.202406191456/tools/bin/../lib/gcc/arm-none-eabi/12.3.1/../../../../arm-none-eabi/lib/thumb/v7e-m+fp/hard/libc_nano.a
LOAD /Applications/STM32CubeIDE.app/Contents/Eclipse/plugins/com.st.stm32cube.ide.mcu.externaltools.gnu-tools-for-stm32.12.3.rel1.macos64_1.0.200.202406191456/tools/bin/../lib/gcc/arm-none-eabi/12.3.1/../../../../arm-none-eabi/lib/thumb/v7e-m+fp/hard/libnosys.a
END GROUP
START GROUP
LOAD /Applications/STM32CubeIDE.app/Contents/Eclipse/plugins/com.st.stm32cube.ide.mcu.externaltools.gnu-tools-for-stm32.12.3.rel1.macos64_1.0.200.202406191456/tools/bin/../lib/gcc/arm-none-eabi/12.3.1/thumb/v7e-m+fp/hard/libgcc.a
LOAD /Applications/STM32CubeIDE.app/Contents/Eclipse/plugins/com.st.stm32cube.ide.mcu.externaltools.gnu-tools-for-stm32.12.3.rel1.macos64_1.0.200.202406191456/tools/bin/../lib/gcc/arm-none-eabi/12.3.1/../../../../arm-none-eabi/lib/thumb/v7e-m+fp/hard/libc_nano.a
LOAD /Applications/STM32CubeIDE.app/Contents/Eclipse/plugins/com.st.stm32cube.ide.mcu.externaltools.gnu-tools-for-stm32.12.3.rel1.macos64_1.0.200.202406191456/tools/bin/../lib/gcc/arm-none-eabi/12.3.1/../../../../arm-none-eabi/lib/thumb/v7e-m+fp/hard/libnosys.a
END GROUP
LOAD /Applications/STM32CubeIDE.app/Contents/Eclipse/plugins/com.st.stm32cube.ide.mcu.externaltools.gnu-tools-for-stm32.12.3.rel1.macos64_1.0.200.202406191456/tools/bin/../lib/gcc/arm-none-eabi/12.3.1/thumb/v7e-m+fp/hard/crtend.o
LOAD /Applications/STM32CubeIDE.app/Contents/Eclipse/plugins/com.st.stm32cube.ide.mcu.externaltools.gnu-tools-for-stm32.12.3.rel1.macos64_1.0.200.202406191456/tools/bin/../lib/gcc/arm-none-eabi/12.3.1/thumb/v7e-m+fp/hard/crtn.o
                0x20010000                        _estack = (ORIGIN (RAM) + LENGTH (RAM))
                0x00000400                        _Min_Heap_Size = 0x400
                0x00000800                        _Min_Stack_Size = 0x800

.isr_vector     0x08000000      0x194
                0x08000000                        . = ALIGN (0x4)
 *(.isr_vector)
 .isr_vector    0x08000000      0x194 ./Core/Startup/startup_stm32f401rctx.o
                0x08000000                g_pfnVectors
                0x08000194                        . = ALIGN (0x4)

.text           0x08000194     0x49f0
                0x08000194                        . = ALIGN (0x4)
 *(.text)
 .text          0x08000194       0x40 /Applications/STM32CubeIDE.app/Contents/Eclipse/plugins/com.st.stm32cube.ide.mcu.externaltools.gnu-tools-for-stm32.12.3.rel1.macos64_1.0.200.202406191456/tools/bin/../lib/gcc/arm-none-eabi/12.3.1/thumb/v7e-m+fp/hard/crtbegin.o
 .text          0x080001d4       0x30 /Applications/STM32CubeIDE.app/Contents/Eclipse/plugins/com.st.stm32cube.ide.mcu.externaltools.gnu-tools-for-stm32.12.3.rel1.macos64_1.0.200.202406191456/tools/bin/../lib/gcc/arm-none-eabi/12.3.1/thumb/v7e-m+fp/hard/libgcc.a(_aeabi_uldivmod.o)
                0x080001d4                __aeabi_uldivmod
 .text          0x08000204      0x2bc /Applications/STM32CubeIDE.app/Contents/Eclipse/plugins/com.st.stm32cube.ide.mcu.externaltools.gnu-tools-for-stm32.12.3.rel1.macos64_1.0.200.202406191456/tools/bin/../lib/gcc/arm-none-eabi/12.3.1/thumb/v7e-m+fp/hard/libgcc.a(_udivmoddi4.o)
                0x08000204                __udivmoddi4
 .text          0x080004c0        0x4 /Applications/STM32CubeIDE.app/Contents/Eclipse/plugins/com.st.stm32cube.ide.mcu.externaltools.gnu-tools-for-stm32.12.3.rel1.macos64_1.0.200.202406191456/tools/bin/../lib/gcc/arm-none-eabi/12.3.1/thumb/v7e-m+fp/hard/libgcc.a(_dvmd_tls.o)
                0x080004c0                __aeabi_ldiv0
                0x080004c0                __aeabi_idiv0
 *(.text*)
 .text.MX_DMA_Init
                0x080004c4       0x44 ./Core/Src/dma.o
                0x080004c4                MX_DMA_Init
 .text.MX_GPIO_Init
                0x08000508       0xd0 ./Core/Src/gpio.o
                0x08000508                MX_GPIO_Init
 .text.isBoot1High
                0x080005d8       0x18 ./Core/Src/main.o
                0x080005d8                isBoot1High
 .text.toggleIndicator
                0x080005f0       0x44 ./Core/Src/main.o
                0x080005f0                toggleIndicator
 .text.flashFirmwareInChunks
                0x08000634       0xa4 ./Core/Src/main.o
                0x08000634                flashFirmwareInChunks
 .text.jumpToApplication
                0x080006d8       0x24 ./Core/Src/main.o
                0x080006d8                jumpToApplication
 .text.SystemClock_Config
                0x080006fc       0xa8 ./Core/Src/main.o
                0x080006fc                SystemClock_Config
 .text.startup.main
                0x080007a4      0x100 ./Core/Src/main.o
                0x080007a4                main
 .text.Error_Handler
                0x080008a4        0x4 ./Core/Src/main.o
                0x080008a4                Error_Handler
 .text.MX_RTC_Init
                0x080008a8       0x34 ./Core/Src/rtc.o
                0x080008a8                MX_RTC_Init
 .text.HAL_RTC_MspInit
                0x080008dc       0x44 ./Core/Src/rtc.o
                0x080008dc                HAL_RTC_MspInit
 .text.MX_SDIO_SD_Init
                0x08000920       0x38 ./Core/Src/sdio.o
                0x08000920                MX_SDIO_SD_Init
 .text.HAL_SD_MspInit
                0x08000958      0x160 ./Core/Src/sdio.o
                0x08000958                HAL_SD_MspInit
 .text.HAL_MspInit
                0x08000ab8       0x38 ./Core/Src/stm32f4xx_hal_msp.o
                0x08000ab8                HAL_MspInit
 .text.NMI_Handler
                0x08000af0        0x8 ./Core/Src/stm32f4xx_it.o
                0x08000af0                NMI_Handler
 .text.HardFault_Handler
                0x08000af8        0x2 ./Core/Src/stm32f4xx_it.o
                0x08000af8                HardFault_Handler
 .text.MemManage_Handler
                0x08000afa        0x2 ./Core/Src/stm32f4xx_it.o
                0x08000afa                MemManage_Handler
 .text.BusFault_Handler
                0x08000afc        0x2 ./Core/Src/stm32f4xx_it.o
                0x08000afc                BusFault_Handler
 .text.UsageFault_Handler
                0x08000afe        0x2 ./Core/Src/stm32f4xx_it.o
                0x08000afe                UsageFault_Handler
 .text.SVC_Handler
                0x08000b00        0x2 ./Core/Src/stm32f4xx_it.o
                0x08000b00                SVC_Handler
 .text.DebugMon_Handler
                0x08000b02        0x2 ./Core/Src/stm32f4xx_it.o
                0x08000b02                DebugMon_Handler
 .text.PendSV_Handler
                0x08000b04        0x2 ./Core/Src/stm32f4xx_it.o
                0x08000b04                PendSV_Handler
 .text.SysTick_Handler
                0x08000b06        0x4 ./Core/Src/stm32f4xx_it.o
                0x08000b06                SysTick_Handler
 *fill*         0x08000b0a        0x2 
 .text.SDIO_IRQHandler
                0x08000b0c        0xc ./Core/Src/stm32f4xx_it.o
                0x08000b0c                SDIO_IRQHandler
 .text.DMA2_Stream3_IRQHandler
                0x08000b18        0xc ./Core/Src/stm32f4xx_it.o
                0x08000b18                DMA2_Stream3_IRQHandler
 .text.DMA2_Stream6_IRQHandler
                0x08000b24        0xc ./Core/Src/stm32f4xx_it.o
                0x08000b24                DMA2_Stream6_IRQHandler
 .text.SystemInit
                0x08000b30       0x14 ./Core/Src/system_stm32f4xx.o
                0x08000b30                SystemInit
 .text.Reset_Handler
                0x08000b44       0x50 ./Core/Startup/startup_stm32f401rctx.o
                0x08000b44                Reset_Handler
 .text.Default_Handler
                0x08000b94        0x2 ./Core/Startup/startup_stm32f401rctx.o
                0x08000b94                DMA1_Stream3_IRQHandler
                0x08000b94                EXTI2_IRQHandler
                0x08000b94                SPI4_IRQHandler
                0x08000b94                TIM1_CC_IRQHandler
                0x08000b94                DMA2_Stream5_IRQHandler
                0x08000b94                DMA1_Stream5_IRQHandler
                0x08000b94                PVD_IRQHandler
                0x08000b94                TAMP_STAMP_IRQHandler
                0x08000b94                EXTI3_IRQHandler
                0x08000b94                TIM1_UP_TIM10_IRQHandler
                0x08000b94                I2C3_ER_IRQHandler
                0x08000b94                EXTI0_IRQHandler
                0x08000b94                I2C2_EV_IRQHandler
                0x08000b94                DMA1_Stream2_IRQHandler
                0x08000b94                FPU_IRQHandler
                0x08000b94                DMA2_Stream2_IRQHandler
                0x08000b94                SPI1_IRQHandler
                0x08000b94                TIM1_BRK_TIM9_IRQHandler
                0x08000b94                USART6_IRQHandler
                0x08000b94                DMA2_Stream0_IRQHandler
                0x08000b94                TIM4_IRQHandler
                0x08000b94                I2C1_EV_IRQHandler
                0x08000b94                DMA1_Stream6_IRQHandler
                0x08000b94                DMA1_Stream1_IRQHandler
                0x08000b94                TIM3_IRQHandler
                0x08000b94                RCC_IRQHandler
                0x08000b94                Default_Handler
                0x08000b94                EXTI15_10_IRQHandler
                0x08000b94                ADC_IRQHandler
                0x08000b94                DMA1_Stream7_IRQHandler
                0x08000b94                TIM5_IRQHandler
                0x08000b94                DMA2_Stream7_IRQHandler
                0x08000b94                I2C3_EV_IRQHandler
                0x08000b94                EXTI9_5_IRQHandler
                0x08000b94                RTC_WKUP_IRQHandler
                0x08000b94                SPI2_IRQHandler
                0x08000b94                DMA1_Stream0_IRQHandler
                0x08000b94                EXTI4_IRQHandler
                0x08000b94                WWDG_IRQHandler
                0x08000b94                TIM2_IRQHandler
                0x08000b94                OTG_FS_WKUP_IRQHandler
                0x08000b94                TIM1_TRG_COM_TIM11_IRQHandler
                0x08000b94                EXTI1_IRQHandler
                0x08000b94                USART2_IRQHandler
                0x08000b94                I2C2_ER_IRQHandler
                0x08000b94                DMA2_Stream1_IRQHandler
                0x08000b94                FLASH_IRQHandler
                0x08000b94                DMA2_Stream4_IRQHandler
                0x08000b94                USART1_IRQHandler
                0x08000b94                OTG_FS_IRQHandler
                0x08000b94                SPI3_IRQHandler
                0x08000b94                DMA1_Stream4_IRQHandler
                0x08000b94                I2C1_ER_IRQHandler
                0x08000b94                RTC_Alarm_IRQHandler
 .text.HAL_MspDeInit
                0x08000b96        0x2 ./Drivers/STM32F4xx_HAL_Driver/Src/stm32f4xx_hal.o
                0x08000b96                HAL_MspDeInit
 .text.HAL_DeInit
                0x08000b98       0x40 ./Drivers/STM32F4xx_HAL_Driver/Src/stm32f4xx_hal.o
                0x08000b98                HAL_DeInit
 .text.HAL_InitTick
                0x08000bd8       0x48 ./Drivers/STM32F4xx_HAL_Driver/Src/stm32f4xx_hal.o
                0x08000bd8                HAL_InitTick
 .text.HAL_Init
                0x08000c20       0x34 ./Drivers/STM32F4xx_HAL_Driver/Src/stm32f4xx_hal.o
                0x08000c20                HAL_Init
 .text.HAL_IncTick
                0x08000c54       0x18 ./Drivers/STM32F4xx_HAL_Driver/Src/stm32f4xx_hal.o
                0x08000c54                HAL_IncTick
 .text.HAL_GetTick
                0x08000c6c        0xc ./Drivers/STM32F4xx_HAL_Driver/Src/stm32f4xx_hal.o
                0x08000c6c                HAL_GetTick
 .text.HAL_Delay
                0x08000c78       0x28 ./Drivers/STM32F4xx_HAL_Driver/Src/stm32f4xx_hal.o
                0x08000c78                HAL_Delay
 .text.HAL_NVIC_SetPriorityGrouping
                0x08000ca0       0x24 ./Drivers/STM32F4xx_HAL_Driver/Src/stm32f4xx_hal_cortex.o
                0x08000ca0                HAL_NVIC_SetPriorityGrouping
 .text.HAL_NVIC_SetPriority
                0x08000cc4       0x64 ./Drivers/STM32F4xx_HAL_Driver/Src/stm32f4xx_hal_cortex.o
                0x08000cc4                HAL_NVIC_SetPriority
 .text.HAL_NVIC_EnableIRQ
                0x08000d28       0x1c ./Drivers/STM32F4xx_HAL_Driver/Src/stm32f4xx_hal_cortex.o
                0x08000d28                HAL_NVIC_EnableIRQ
 .text.HAL_SYSTICK_Config
                0x08000d44       0x28 ./Drivers/STM32F4xx_HAL_Driver/Src/stm32f4xx_hal_cortex.o
                0x08000d44                HAL_SYSTICK_Config
 .text.DMA_CalcBaseAndBitshift
                0x08000d6c       0x2c ./Drivers/STM32F4xx_HAL_Driver/Src/stm32f4xx_hal_dma.o
 .text.HAL_DMA_Init
                0x08000d98       0xfc ./Drivers/STM32F4xx_HAL_Driver/Src/stm32f4xx_hal_dma.o
                0x08000d98                HAL_DMA_Init
 .text.HAL_DMA_Start_IT
                0x08000e94       0x72 ./Drivers/STM32F4xx_HAL_Driver/Src/stm32f4xx_hal_dma.o
                0x08000e94                HAL_DMA_Start_IT
 .text.HAL_DMA_Abort_IT
                0x08000f06       0x24 ./Drivers/STM32F4xx_HAL_Driver/Src/stm32f4xx_hal_dma.o
                0x08000f06                HAL_DMA_Abort_IT
 *fill*         0x08000f2a        0x2 
 .text.HAL_DMA_IRQHandler
                0x08000f2c      0x17c ./Drivers/STM32F4xx_HAL_Driver/Src/stm32f4xx_hal_dma.o
                0x08000f2c                HAL_DMA_IRQHandler
 .text.HAL_DMA_GetError
                0x080010a8        0x4 ./Drivers/STM32F4xx_HAL_Driver/Src/stm32f4xx_hal_dma.o
                0x080010a8                HAL_DMA_GetError
 .text.FLASH_Program_DoubleWord
                0x080010ac       0x2c ./Drivers/STM32F4xx_HAL_Driver/Src/stm32f4xx_hal_flash.o
 .text.FLASH_Program_Word
                0x080010d8       0x24 ./Drivers/STM32F4xx_HAL_Driver/Src/stm32f4xx_hal_flash.o
 .text.FLASH_Program_HalfWord
                0x080010fc       0x24 ./Drivers/STM32F4xx_HAL_Driver/Src/stm32f4xx_hal_flash.o
 .text.FLASH_SetErrorCode
                0x08001120       0x8c ./Drivers/STM32F4xx_HAL_Driver/Src/stm32f4xx_hal_flash.o
 .text.HAL_FLASH_Unlock
                0x080011ac       0x24 ./Drivers/STM32F4xx_HAL_Driver/Src/stm32f4xx_hal_flash.o
                0x080011ac                HAL_FLASH_Unlock
 .text.HAL_FLASH_Lock
                0x080011d0       0x14 ./Drivers/STM32F4xx_HAL_Driver/Src/stm32f4xx_hal_flash.o
                0x080011d0                HAL_FLASH_Lock
 .text.FLASH_WaitForLastOperation
                0x080011e4       0x50 ./Drivers/STM32F4xx_HAL_Driver/Src/stm32f4xx_hal_flash.o
                0x080011e4                FLASH_WaitForLastOperation
 .text.HAL_FLASH_Program
                0x08001234       0x8c ./Drivers/STM32F4xx_HAL_Driver/Src/stm32f4xx_hal_flash.o
                0x08001234                HAL_FLASH_Program
 .text.FLASH_MassErase.constprop.0
                0x080012c0       0x24 ./Drivers/STM32F4xx_HAL_Driver/Src/stm32f4xx_hal_flash_ex.o
 .text.FLASH_Erase_Sector
                0x080012e4       0x3c ./Drivers/STM32F4xx_HAL_Driver/Src/stm32f4xx_hal_flash_ex.o
                0x080012e4                FLASH_Erase_Sector
 .text.FLASH_FlushCaches
                0x08001320       0x58 ./Drivers/STM32F4xx_HAL_Driver/Src/stm32f4xx_hal_flash_ex.o
                0x08001320                FLASH_FlushCaches
 .text.HAL_FLASHEx_Erase
                0x08001378       0xa0 ./Drivers/STM32F4xx_HAL_Driver/Src/stm32f4xx_hal_flash_ex.o
                0x08001378                HAL_FLASHEx_Erase
 .text.HAL_GPIO_Init
                0x08001418      0x18c ./Drivers/STM32F4xx_HAL_Driver/Src/stm32f4xx_hal_gpio.o
                0x08001418                HAL_GPIO_Init
 .text.HAL_GPIO_ReadPin
                0x080015a4        0xc ./Drivers/STM32F4xx_HAL_Driver/Src/stm32f4xx_hal_gpio.o
                0x080015a4                HAL_GPIO_ReadPin
 .text.HAL_GPIO_WritePin
                0x080015b0        0xa ./Drivers/STM32F4xx_HAL_Driver/Src/stm32f4xx_hal_gpio.o
                0x080015b0                HAL_GPIO_WritePin
 .text.HAL_GPIO_TogglePin
                0x080015ba       0x12 ./Drivers/STM32F4xx_HAL_Driver/Src/stm32f4xx_hal_gpio.o
                0x080015ba                HAL_GPIO_TogglePin
 .text.HAL_RCC_OscConfig
                0x080015cc      0x35c ./Drivers/STM32F4xx_HAL_Driver/Src/stm32f4xx_hal_rcc.o
                0x080015cc                HAL_RCC_OscConfig
 .text.HAL_RCC_EnableCSS
                0x08001928        0xc ./Drivers/STM32F4xx_HAL_Driver/Src/stm32f4xx_hal_rcc.o
                0x08001928                HAL_RCC_EnableCSS
 .text.HAL_RCC_GetSysClockFreq
                0x08001934       0x4c ./Drivers/STM32F4xx_HAL_Driver/Src/stm32f4xx_hal_rcc.o
                0x08001934                HAL_RCC_GetSysClockFreq
 .text.HAL_RCC_ClockConfig
                0x08001980      0x134 ./Drivers/STM32F4xx_HAL_Driver/Src/stm32f4xx_hal_rcc.o
                0x08001980                HAL_RCC_ClockConfig
 .text.HAL_RCC_CSSCallback
                0x08001ab4        0x2 ./Drivers/STM32F4xx_HAL_Driver/Src/stm32f4xx_hal_rcc.o
                0x08001ab4                HAL_RCC_CSSCallback
 *fill*         0x08001ab6        0x2 
 .text.HAL_RCC_NMI_IRQHandler
                0x08001ab8       0x18 ./Drivers/STM32F4xx_HAL_Driver/Src/stm32f4xx_hal_rcc.o
                0x08001ab8                HAL_RCC_NMI_IRQHandler
 .text.HAL_RCCEx_PeriphCLKConfig
                0x08001ad0      0x140 ./Drivers/STM32F4xx_HAL_Driver/Src/stm32f4xx_hal_rcc_ex.o
                0x08001ad0                HAL_RCCEx_PeriphCLKConfig
 .text.HAL_RTC_WaitForSynchro
                0x08001c10       0x30 ./Drivers/STM32F4xx_HAL_Driver/Src/stm32f4xx_hal_rtc.o
                0x08001c10                HAL_RTC_WaitForSynchro
 .text.RTC_EnterInitMode
                0x08001c40       0x42 ./Drivers/STM32F4xx_HAL_Driver/Src/stm32f4xx_hal_rtc.o
                0x08001c40                RTC_EnterInitMode
 .text.RTC_ExitInitMode
                0x08001c82       0x28 ./Drivers/STM32F4xx_HAL_Driver/Src/stm32f4xx_hal_rtc.o
                0x08001c82                RTC_ExitInitMode
 .text.HAL_RTC_Init
                0x08001caa       0x90 ./Drivers/STM32F4xx_HAL_Driver/Src/stm32f4xx_hal_rtc.o
                0x08001caa                HAL_RTC_Init
 .text.SD_DMATransmitCplt
                0x08001d3a        0xe ./Drivers/STM32F4xx_HAL_Driver/Src/stm32f4xx_hal_sd.o
 .text.SD_FindSCR.constprop.0
                0x08001d48       0xd2 ./Drivers/STM32F4xx_HAL_Driver/Src/stm32f4xx_hal_sd.o
 *fill*         0x08001e1a        0x2 
 .text.HAL_SD_ReadBlocks_DMA
                0x08001e1c      0x124 ./Drivers/STM32F4xx_HAL_Driver/Src/stm32f4xx_hal_sd.o
                0x08001e1c                HAL_SD_ReadBlocks_DMA
 .text.HAL_SD_WriteBlocks_DMA
                0x08001f40      0x11c ./Drivers/STM32F4xx_HAL_Driver/Src/stm32f4xx_hal_sd.o
                0x08001f40                HAL_SD_WriteBlocks_DMA
 .text.HAL_SD_ErrorCallback
                0x0800205c        0x2 ./Drivers/STM32F4xx_HAL_Driver/Src/stm32f4xx_hal_sd.o
                0x0800205c                HAL_SD_ErrorCallback
 .text.SD_DMAReceiveCplt
                0x0800205e       0x40 ./Drivers/STM32F4xx_HAL_Driver/Src/stm32f4xx_hal_sd.o
 *fill*         0x0800209e        0x2 
 .text.HAL_SD_GetCardCSD
                0x080020a0      0x16c ./Drivers/STM32F4xx_HAL_Driver/Src/stm32f4xx_hal_sd.o
                0x080020a0                HAL_SD_GetCardCSD
 .text.HAL_SD_InitCard
                0x0800220c      0x208 ./Drivers/STM32F4xx_HAL_Driver/Src/stm32f4xx_hal_sd.o
                0x0800220c                HAL_SD_InitCard
 .text.HAL_SD_Init
                0x08002414       0x36 ./Drivers/STM32F4xx_HAL_Driver/Src/stm32f4xx_hal_sd.o
                0x08002414                HAL_SD_Init
 .text.HAL_SD_GetCardInfo
                0x0800244a       0x24 ./Drivers/STM32F4xx_HAL_Driver/Src/stm32f4xx_hal_sd.o
                0x0800244a                HAL_SD_GetCardInfo
 *fill*         0x0800246e        0x2 
 .text.HAL_SD_ConfigWideBusOperation
                0x08002470      0x114 ./Drivers/STM32F4xx_HAL_Driver/Src/stm32f4xx_hal_sd.o
                0x08002470                HAL_SD_ConfigWideBusOperation
 .text.HAL_SD_GetCardState
                0x08002584       0x28 ./Drivers/STM32F4xx_HAL_Driver/Src/stm32f4xx_hal_sd.o
                0x08002584                HAL_SD_GetCardState
 .text.SD_DMAError
                0x080025ac       0x60 ./Drivers/STM32F4xx_HAL_Driver/Src/stm32f4xx_hal_sd.o
 .text.SD_DMATxAbort
                0x0800260c       0x42 ./Drivers/STM32F4xx_HAL_Driver/Src/stm32f4xx_hal_sd.o
 *fill*         0x0800264e        0x2 
 .text.HAL_SD_IRQHandler
                0x08002650      0x218 ./Drivers/STM32F4xx_HAL_Driver/Src/stm32f4xx_hal_sd.o
                0x08002650                HAL_SD_IRQHandler
 .text.SD_DMARxAbort
                0x08002868        0x4 ./Drivers/STM32F4xx_HAL_Driver/Src/stm32f4xx_hal_sd.o
 .text.SDIO_Init
                0x0800286c       0x38 ./Drivers/STM32F4xx_HAL_Driver/Src/stm32f4xx_ll_sdmmc.o
                0x0800286c                SDIO_Init
 .text.SDIO_ReadFIFO
                0x080028a4        0x6 ./Drivers/STM32F4xx_HAL_Driver/Src/stm32f4xx_ll_sdmmc.o
                0x080028a4                SDIO_ReadFIFO
 .text.SDIO_WriteFIFO
                0x080028aa        0xa ./Drivers/STM32F4xx_HAL_Driver/Src/stm32f4xx_ll_sdmmc.o
                0x080028aa                SDIO_WriteFIFO
 .text.SDIO_PowerState_ON
                0x080028b4        0x8 ./Drivers/STM32F4xx_HAL_Driver/Src/stm32f4xx_ll_sdmmc.o
                0x080028b4                SDIO_PowerState_ON
 .text.SDIO_GetPowerState
                0x080028bc        0x8 ./Drivers/STM32F4xx_HAL_Driver/Src/stm32f4xx_ll_sdmmc.o
                0x080028bc                SDIO_GetPowerState
 .text.SDIO_SendCommand
                0x080028c4       0x26 ./Drivers/STM32F4xx_HAL_Driver/Src/stm32f4xx_ll_sdmmc.o
                0x080028c4                SDIO_SendCommand
 .text.SDIO_GetResponse
                0x080028ea        0x6 ./Drivers/STM32F4xx_HAL_Driver/Src/stm32f4xx_ll_sdmmc.o
                0x080028ea                SDIO_GetResponse
 .text.SDIO_ConfigData
                0x080028f0       0x26 ./Drivers/STM32F4xx_HAL_Driver/Src/stm32f4xx_ll_sdmmc.o
                0x080028f0                SDIO_ConfigData
 *fill*         0x08002916        0x2 
 .text.SDMMC_CmdGoIdleState
                0x08002918       0x4c ./Drivers/STM32F4xx_HAL_Driver/Src/stm32f4xx_ll_sdmmc.o
                0x08002918                SDMMC_CmdGoIdleState
 .text.SDMMC_GetCmdResp1
                0x08002964      0x11c ./Drivers/STM32F4xx_HAL_Driver/Src/stm32f4xx_ll_sdmmc.o
                0x08002964                SDMMC_GetCmdResp1
 .text.SDMMC_CmdBlockLength
                0x08002a80       0x32 ./Drivers/STM32F4xx_HAL_Driver/Src/stm32f4xx_ll_sdmmc.o
                0x08002a80                SDMMC_CmdBlockLength
 .text.SDMMC_CmdReadSingleBlock
                0x08002ab2       0x32 ./Drivers/STM32F4xx_HAL_Driver/Src/stm32f4xx_ll_sdmmc.o
                0x08002ab2                SDMMC_CmdReadSingleBlock
 .text.SDMMC_CmdReadMultiBlock
                0x08002ae4       0x32 ./Drivers/STM32F4xx_HAL_Driver/Src/stm32f4xx_ll_sdmmc.o
                0x08002ae4                SDMMC_CmdReadMultiBlock
 .text.SDMMC_CmdWriteSingleBlock
                0x08002b16       0x32 ./Drivers/STM32F4xx_HAL_Driver/Src/stm32f4xx_ll_sdmmc.o
                0x08002b16                SDMMC_CmdWriteSingleBlock
 .text.SDMMC_CmdWriteMultiBlock
                0x08002b48       0x32 ./Drivers/STM32F4xx_HAL_Driver/Src/stm32f4xx_ll_sdmmc.o
                0x08002b48                SDMMC_CmdWriteMultiBlock
 *fill*         0x08002b7a        0x2 
 .text.SDMMC_CmdStopTransfer
                0x08002b7c       0x34 ./Drivers/STM32F4xx_HAL_Driver/Src/stm32f4xx_ll_sdmmc.o
                0x08002b7c                SDMMC_CmdStopTransfer
 .text.SDMMC_CmdSelDesel
                0x08002bb0       0x32 ./Drivers/STM32F4xx_HAL_Driver/Src/stm32f4xx_ll_sdmmc.o
                0x08002bb0                SDMMC_CmdSelDesel
 .text.SDMMC_CmdAppCommand
                0x08002be2       0x32 ./Drivers/STM32F4xx_HAL_Driver/Src/stm32f4xx_ll_sdmmc.o
                0x08002be2                SDMMC_CmdAppCommand
 .text.SDMMC_CmdBusWidth
                0x08002c14       0x32 ./Drivers/STM32F4xx_HAL_Driver/Src/stm32f4xx_ll_sdmmc.o
                0x08002c14                SDMMC_CmdBusWidth
 .text.SDMMC_CmdSendSCR
                0x08002c46       0x32 ./Drivers/STM32F4xx_HAL_Driver/Src/stm32f4xx_ll_sdmmc.o
                0x08002c46                SDMMC_CmdSendSCR
 .text.SDMMC_CmdSendStatus
                0x08002c78       0x32 ./Drivers/STM32F4xx_HAL_Driver/Src/stm32f4xx_ll_sdmmc.o
                0x08002c78                SDMMC_CmdSendStatus
 *fill*         0x08002caa        0x2 
 .text.SDMMC_GetCmdResp2
                0x08002cac       0x4c ./Drivers/STM32F4xx_HAL_Driver/Src/stm32f4xx_ll_sdmmc.o
                0x08002cac                SDMMC_GetCmdResp2
 .text.SDMMC_CmdSendCID
                0x08002cf8       0x2c ./Drivers/STM32F4xx_HAL_Driver/Src/stm32f4xx_ll_sdmmc.o
                0x08002cf8                SDMMC_CmdSendCID
 .text.SDMMC_CmdSendCSD
                0x08002d24       0x2c ./Drivers/STM32F4xx_HAL_Driver/Src/stm32f4xx_ll_sdmmc.o
                0x08002d24                SDMMC_CmdSendCSD
 .text.SDMMC_GetCmdResp3
                0x08002d50       0x40 ./Drivers/STM32F4xx_HAL_Driver/Src/stm32f4xx_ll_sdmmc.o
                0x08002d50                SDMMC_GetCmdResp3
 .text.SDMMC_CmdAppOperCommand
                0x08002d90       0x34 ./Drivers/STM32F4xx_HAL_Driver/Src/stm32f4xx_ll_sdmmc.o
                0x08002d90                SDMMC_CmdAppOperCommand
 .text.SDMMC_GetCmdResp6
                0x08002dc4       0x80 ./Drivers/STM32F4xx_HAL_Driver/Src/stm32f4xx_ll_sdmmc.o
                0x08002dc4                SDMMC_GetCmdResp6
 .text.SDMMC_CmdSetRelAdd
                0x08002e44       0x32 ./Drivers/STM32F4xx_HAL_Driver/Src/stm32f4xx_ll_sdmmc.o
                0x08002e44                SDMMC_CmdSetRelAdd
 *fill*         0x08002e76        0x2 
 .text.SDMMC_GetCmdResp7
                0x08002e78       0x54 ./Drivers/STM32F4xx_HAL_Driver/Src/stm32f4xx_ll_sdmmc.o
                0x08002e78                SDMMC_GetCmdResp7
 .text.SDMMC_CmdOperCond
                0x08002ecc       0x30 ./Drivers/STM32F4xx_HAL_Driver/Src/stm32f4xx_ll_sdmmc.o
                0x08002ecc                SDMMC_CmdOperCond
 .text.MX_FATFS_Init
                0x08002efc       0x1c ./FATFS/App/fatfs.o
                0x08002efc                MX_FATFS_Init
 .text.get_fattime
                0x08002f18        0x4 ./FATFS/App/fatfs.o
                0x08002f18                get_fattime
 .text.BSP_SD_ReadBlocks_DMA
                0x08002f1c       0x1c ./FATFS/Target/bsp_driver_sd.o
                0x08002f1c                BSP_SD_ReadBlocks_DMA
 .text.BSP_SD_WriteBlocks_DMA
                0x08002f38       0x1c ./FATFS/Target/bsp_driver_sd.o
                0x08002f38                BSP_SD_WriteBlocks_DMA
 .text.BSP_SD_GetCardState
                0x08002f54       0x14 ./FATFS/Target/bsp_driver_sd.o
                0x08002f54                BSP_SD_GetCardState
 .text.BSP_SD_GetCardInfo
                0x08002f68        0xc ./FATFS/Target/bsp_driver_sd.o
                0x08002f68                BSP_SD_GetCardInfo
 .text.BSP_SD_AbortCallback
                0x08002f74        0x2 ./FATFS/Target/bsp_driver_sd.o
                0x08002f74                BSP_SD_AbortCallback
 .text.HAL_SD_AbortCallback
                0x08002f76        0x8 ./FATFS/Target/bsp_driver_sd.o
                0x08002f76                HAL_SD_AbortCallback
 .text.HAL_SD_TxCpltCallback
                0x08002f7e        0x8 ./FATFS/Target/bsp_driver_sd.o
                0x08002f7e                HAL_SD_TxCpltCallback
 .text.HAL_SD_RxCpltCallback
                0x08002f86        0x8 ./FATFS/Target/bsp_driver_sd.o
                0x08002f86                HAL_SD_RxCpltCallback
 .text.BSP_SD_IsDetected
                0x08002f8e       0x1c ./FATFS/Target/bsp_driver_sd.o
                0x08002f8e                BSP_SD_IsDetected
 *fill*         0x08002faa        0x2 
 .text.BSP_SD_Init
                0x08002fac       0x2c ./FATFS/Target/bsp_driver_sd.o
                0x08002fac                BSP_SD_Init
 .text.BSP_PlatformIsDetected
                0x08002fd8       0x18 ./FATFS/Target/fatfs_platform.o
                0x08002fd8                BSP_PlatformIsDetected
 .text.SD_ioctl
                0x08002ff0       0x50 ./FATFS/Target/sd_diskio.o
                0x08002ff0                SD_ioctl
 .text.SD_status
                0x08003040       0x20 ./FATFS/Target/sd_diskio.o
                0x08003040                SD_status
 .text.SD_CheckStatusWithTimeout.constprop.0
                0x08003060       0x26 ./FATFS/Target/sd_diskio.o
 *fill*         0x08003086        0x2 
 .text.SD_write
                0x08003088       0x6c ./FATFS/Target/sd_diskio.o
                0x08003088                SD_write
 .text.SD_read  0x080030f4       0x6c ./FATFS/Target/sd_diskio.o
                0x080030f4                SD_read
 .text.SD_initialize
                0x08003160       0x2c ./FATFS/Target/sd_diskio.o
                0x08003160                SD_initialize
 .text.BSP_SD_WriteCpltCallback
                0x0800318c        0xc ./FATFS/Target/sd_diskio.o
                0x0800318c                BSP_SD_WriteCpltCallback
 .text.BSP_SD_ReadCpltCallback
                0x08003198        0xc ./FATFS/Target/sd_diskio.o
                0x08003198                BSP_SD_ReadCpltCallback
 .text.disk_status
                0x080031a4       0x14 ./Middlewares/Third_Party/FatFs/src/diskio.o
                0x080031a4                disk_status
 .text.disk_initialize
                0x080031b8       0x28 ./Middlewares/Third_Party/FatFs/src/diskio.o
                0x080031b8                disk_initialize
 .text.disk_read
                0x080031e0       0x1c ./Middlewares/Third_Party/FatFs/src/diskio.o
                0x080031e0                disk_read
 .text.disk_write
                0x080031fc       0x1c ./Middlewares/Third_Party/FatFs/src/diskio.o
                0x080031fc                disk_write
 .text.disk_ioctl
                0x08003218       0x1c ./Middlewares/Third_Party/FatFs/src/diskio.o
                0x08003218                disk_ioctl
 .text.ld_dword
                0x08003234        0x4 ./Middlewares/Third_Party/FatFs/src/ff.o
 .text.st_dword
                0x08003238       0x10 ./Middlewares/Third_Party/FatFs/src/ff.o
 .text.mem_set  0x08003248        0xc ./Middlewares/Third_Party/FatFs/src/ff.o
 .text.chk_lock
                0x08003254       0x74 ./Middlewares/Third_Party/FatFs/src/ff.o
 .text.inc_lock
                0x080032c8       0x84 ./Middlewares/Third_Party/FatFs/src/ff.o
 .text.dec_lock
                0x0800334c       0x3c ./Middlewares/Third_Party/FatFs/src/ff.o
 .text.clear_lock
                0x08003388       0x1c ./Middlewares/Third_Party/FatFs/src/ff.o
 .text.clust2sect
                0x080033a4       0x16 ./Middlewares/Third_Party/FatFs/src/ff.o
 .text.clmt_clust
                0x080033ba       0x26 ./Middlewares/Third_Party/FatFs/src/ff.o
 .text.sum_sfn  0x080033e0       0x1e ./Middlewares/Third_Party/FatFs/src/ff.o
 .text.get_ldnumber
                0x080033fe       0x30 ./Middlewares/Third_Party/FatFs/src/ff.o
 .text.validate
                0x0800342e       0x34 ./Middlewares/Third_Party/FatFs/src/ff.o
 .text.sync_window
                0x08003462       0x4a ./Middlewares/Third_Party/FatFs/src/ff.o
 .text.mem_cpy.part.0
                0x080034ac       0x12 ./Middlewares/Third_Party/FatFs/src/ff.o
 .text.st_clust
                0x080034be       0x18 ./Middlewares/Third_Party/FatFs/src/ff.o
 .text.move_window
                0x080034d6       0x32 ./Middlewares/Third_Party/FatFs/src/ff.o
 .text.check_fs
                0x08003508       0x78 ./Middlewares/Third_Party/FatFs/src/ff.o
 .text.find_volume
                0x08003580      0x290 ./Middlewares/Third_Party/FatFs/src/ff.o
 .text.put_fat  0x08003810      0x120 ./Middlewares/Third_Party/FatFs/src/ff.o
 .text.sync_fs  0x08003930       0x94 ./Middlewares/Third_Party/FatFs/src/ff.o
 .text.ld_clust.isra.0
                0x080039c4       0x10 ./Middlewares/Third_Party/FatFs/src/ff.o
 .text.get_fat.isra.0
                0x080039d4       0xd6 ./Middlewares/Third_Party/FatFs/src/ff.o
 .text.remove_chain
                0x08003aaa       0x6e ./Middlewares/Third_Party/FatFs/src/ff.o
 .text.create_chain
                0x08003b18       0xb0 ./Middlewares/Third_Party/FatFs/src/ff.o
 .text.dir_next
                0x08003bc8       0xf8 ./Middlewares/Third_Party/FatFs/src/ff.o
 .text.dir_read.constprop.0
                0x08003cc0       0xf8 ./Middlewares/Third_Party/FatFs/src/ff.o
 .text.dir_sdi  0x08003db8       0x86 ./Middlewares/Third_Party/FatFs/src/ff.o
 .text.dir_remove
                0x08003e3e       0x4e ./Middlewares/Third_Party/FatFs/src/ff.o
 .text.dir_find
                0x08003e8c      0x15c ./Middlewares/Third_Party/FatFs/src/ff.o
 .text.dir_register
                0x08003fe8      0x28c ./Middlewares/Third_Party/FatFs/src/ff.o
 .text.follow_path
                0x08004274      0x270 ./Middlewares/Third_Party/FatFs/src/ff.o
 .text.f_mount  0x080044e4       0x54 ./Middlewares/Third_Party/FatFs/src/ff.o
                0x080044e4                f_mount
 .text.f_open   0x08004538      0x200 ./Middlewares/Third_Party/FatFs/src/ff.o
                0x08004538                f_open
 .text.f_read   0x08004738      0x178 ./Middlewares/Third_Party/FatFs/src/ff.o
                0x08004738                f_read
 .text.f_sync   0x080048b0       0x96 ./Middlewares/Third_Party/FatFs/src/ff.o
                0x080048b0                f_sync
 .text.f_close  0x08004946       0x22 ./Middlewares/Third_Party/FatFs/src/ff.o
                0x08004946                f_close
 .text.f_unlink
                0x08004968       0xa8 ./Middlewares/Third_Party/FatFs/src/ff.o
                0x08004968                f_unlink
 .text.FATFS_LinkDriverEx
                0x08004a10       0x40 ./Middlewares/Third_Party/FatFs/src/ff_gen_drv.o
                0x08004a10                FATFS_LinkDriverEx
 .text.FATFS_LinkDriver
                0x08004a50        0x6 ./Middlewares/Third_Party/FatFs/src/ff_gen_drv.o
                0x08004a50                FATFS_LinkDriver
 *fill*         0x08004a56        0x2 
 .text.ff_convert
                0x08004a58       0x38 ./Middlewares/Third_Party/FatFs/src/option/ccsbcs.o
                0x08004a58                ff_convert
 .text.ff_wtoupper
                0x08004a90       0x84 ./Middlewares/Third_Party/FatFs/src/option/ccsbcs.o
                0x08004a90                ff_wtoupper
 .text.memset   0x08004b14       0x10 /Applications/STM32CubeIDE.app/Contents/Eclipse/plugins/com.st.stm32cube.ide.mcu.externaltools.gnu-tools-for-stm32.12.3.rel1.macos64_1.0.200.202406191456/tools/bin/../lib/gcc/arm-none-eabi/12.3.1/../../../../arm-none-eabi/lib/thumb/v7e-m+fp/hard/libc_nano.a(libc_a-memset.o)
                0x08004b14                memset
 .text.__libc_init_array
                0x08004b24       0x48 /Applications/STM32CubeIDE.app/Contents/Eclipse/plugins/com.st.stm32cube.ide.mcu.externaltools.gnu-tools-for-stm32.12.3.rel1.macos64_1.0.200.202406191456/tools/bin/../lib/gcc/arm-none-eabi/12.3.1/../../../../arm-none-eabi/lib/thumb/v7e-m+fp/hard/libc_nano.a(libc_a-init.o)
                0x08004b24                __libc_init_array
 *(.glue_7)
 .glue_7        0x08004b6c        0x0 linker stubs
 *(.glue_7t)
 .glue_7t       0x08004b6c        0x0 linker stubs
 *(.eh_frame)
 .eh_frame      0x08004b6c        0x0 /Applications/STM32CubeIDE.app/Contents/Eclipse/plugins/com.st.stm32cube.ide.mcu.externaltools.gnu-tools-for-stm32.12.3.rel1.macos64_1.0.200.202406191456/tools/bin/../lib/gcc/arm-none-eabi/12.3.1/thumb/v7e-m+fp/hard/crtbegin.o
 *(.init)
 .init          0x08004b6c        0x4 /Applications/STM32CubeIDE.app/Contents/Eclipse/plugins/com.st.stm32cube.ide.mcu.externaltools.gnu-tools-for-stm32.12.3.rel1.macos64_1.0.200.202406191456/tools/bin/../lib/gcc/arm-none-eabi/12.3.1/thumb/v7e-m+fp/hard/crti.o
                0x08004b6c                _init
 .init          0x08004b70        0x8 /Applications/STM32CubeIDE.app/Contents/Eclipse/plugins/com.st.stm32cube.ide.mcu.externaltools.gnu-tools-for-stm32.12.3.rel1.macos64_1.0.200.202406191456/tools/bin/../lib/gcc/arm-none-eabi/12.3.1/thumb/v7e-m+fp/hard/crtn.o
 *(.fini)
 .fini          0x08004b78        0x4 /Applications/STM32CubeIDE.app/Contents/Eclipse/plugins/com.st.stm32cube.ide.mcu.externaltools.gnu-tools-for-stm32.12.3.rel1.macos64_1.0.200.202406191456/tools/bin/../lib/gcc/arm-none-eabi/12.3.1/thumb/v7e-m+fp/hard/crti.o
                0x08004b78                _fini
 .fini          0x08004b7c        0x8 /Applications/STM32CubeIDE.app/Contents/Eclipse/plugins/com.st.stm32cube.ide.mcu.externaltools.gnu-tools-for-stm32.12.3.rel1.macos64_1.0.200.202406191456/tools/bin/../lib/gcc/arm-none-eabi/12.3.1/thumb/v7e-m+fp/hard/crtn.o
                0x08004b84                        . = ALIGN (0x4)
                0x08004b84                        _etext = .

.vfp11_veneer   0x08004b84        0x0
 .vfp11_veneer  0x08004b84        0x0 linker stubs

.v4_bx          0x08004b84        0x0
 .v4_bx         0x08004b84        0x0 linker stubs

.iplt           0x08004b84        0x0
 .iplt          0x08004b84        0x0 /Applications/STM32CubeIDE.app/Contents/Eclipse/plugins/com.st.stm32cube.ide.mcu.externaltools.gnu-tools-for-stm32.12.3.rel1.macos64_1.0.200.202406191456/tools/bin/../lib/gcc/arm-none-eabi/12.3.1/thumb/v7e-m+fp/hard/crtbegin.o

.rodata         0x08004b84      0x488
                0x08004b84                        . = ALIGN (0x4)
 *(.rodata)
 *(.rodata*)
 .rodata.main.str1.1
                0x08004b84        0xd ./Core/Src/main.o
 .rodata.CSWTCH.11
                0x08004b91        0x3 ./Core/Src/main.o
 .rodata.AHBPrescTable
                0x08004b94       0x10 ./Core/Src/system_stm32f4xx.o
                0x08004b94                AHBPrescTable
 .rodata.flagBitshiftOffset.0
                0x08004ba4        0x8 ./Drivers/STM32F4xx_HAL_Driver/Src/stm32f4xx_hal_dma.o
 .rodata.SD_Driver
                0x08004bac       0x14 ./FATFS/Target/sd_diskio.o
                0x08004bac                SD_Driver
 .rodata.follow_path.str1.1
                0x08004bc0       0x10 ./Middlewares/Third_Party/FatFs/src/ff.o
 .rodata.LfnOfs
                0x08004bd0        0xd ./Middlewares/Third_Party/FatFs/src/ff.o
 .rodata.ExCvt  0x08004bdd       0x80 ./Middlewares/Third_Party/FatFs/src/ff.o
 *fill*         0x08004c5d        0x1 
 .rodata.cvt2.0
                0x08004c5e       0xbc ./Middlewares/Third_Party/FatFs/src/option/ccsbcs.o
 .rodata.cvt1.1
                0x08004d1a      0x1f2 ./Middlewares/Third_Party/FatFs/src/option/ccsbcs.o
 .rodata.Tbl    0x08004f0c      0x100 ./Middlewares/Third_Party/FatFs/src/option/ccsbcs.o
                0x0800500c                        . = ALIGN (0x4)

.ARM.extab      0x0800500c        0x0
                0x0800500c                        . = ALIGN (0x4)
 *(.ARM.extab* .gnu.linkonce.armextab.*)
                0x0800500c                        . = ALIGN (0x4)

.ARM            0x0800500c        0x8
                0x0800500c                        . = ALIGN (0x4)
                0x0800500c                        __exidx_start = .
 *(.ARM.exidx*)
 .ARM.exidx     0x0800500c        0x8 /Applications/STM32CubeIDE.app/Contents/Eclipse/plugins/com.st.stm32cube.ide.mcu.externaltools.gnu-tools-for-stm32.12.3.rel1.macos64_1.0.200.202406191456/tools/bin/../lib/gcc/arm-none-eabi/12.3.1/thumb/v7e-m+fp/hard/libgcc.a(_udivmoddi4.o)
                0x08005014                        __exidx_end = .
                0x08005014                        . = ALIGN (0x4)

.preinit_array  0x08005014        0x0
                0x08005014                        . = ALIGN (0x4)
                0x08005014                        PROVIDE (__preinit_array_start = .)
 *(.preinit_array*)
                0x08005014                        PROVIDE (__preinit_array_end = .)
                0x08005014                        . = ALIGN (0x4)

.init_array     0x08005014        0x4
                0x08005014                        . = ALIGN (0x4)
                0x08005014                        PROVIDE (__init_array_start = .)
 *(SORT_BY_NAME(.init_array.*))
 *(.init_array*)
 .init_array    0x08005014        0x4 /Applications/STM32CubeIDE.app/Contents/Eclipse/plugins/com.st.stm32cube.ide.mcu.externaltools.gnu-tools-for-stm32.12.3.rel1.macos64_1.0.200.202406191456/tools/bin/../lib/gcc/arm-none-eabi/12.3.1/thumb/v7e-m+fp/hard/crtbegin.o
                0x08005018                        PROVIDE (__init_array_end = .)
                0x08005018                        . = ALIGN (0x4)

.fini_array     0x08005018        0x4
                0x08005018                        . = ALIGN (0x4)
                [!provide]                        PROVIDE (__fini_array_start = .)
 *(SORT_BY_NAME(.fini_array.*))
 *(.fini_array*)
 .fini_array    0x08005018        0x4 /Applications/STM32CubeIDE.app/Contents/Eclipse/plugins/com.st.stm32cube.ide.mcu.externaltools.gnu-tools-for-stm32.12.3.rel1.macos64_1.0.200.202406191456/tools/bin/../lib/gcc/arm-none-eabi/12.3.1/thumb/v7e-m+fp/hard/crtbegin.o
                [!provide]                        PROVIDE (__fini_array_end = .)
                0x0800501c                        . = ALIGN (0x4)
                0x0800501c                        _sidata = LOADADDR (.data)

.rel.dyn        0x0800501c        0x0
 .rel.iplt      0x0800501c        0x0 /Applications/STM32CubeIDE.app/Contents/Eclipse/plugins/com.st.stm32cube.ide.mcu.externaltools.gnu-tools-for-stm32.12.3.rel1.macos64_1.0.200.202406191456/tools/bin/../lib/gcc/arm-none-eabi/12.3.1/thumb/v7e-m+fp/hard/crtbegin.o

.data           0x20000000       0x10 load address 0x0800501c
                0x20000000                        . = ALIGN (0x4)
                0x20000000                        _sdata = .
 *(.data)
 *(.data*)
 .data.SystemCoreClock
                0x20000000        0x4 ./Core/Src/system_stm32f4xx.o
                0x20000000                SystemCoreClock
 .data.uwTickFreq
                0x20000004        0x1 ./Drivers/STM32F4xx_HAL_Driver/Src/stm32f4xx_hal.o
                0x20000004                uwTickFreq
 *fill*         0x20000005        0x3 
 .data.uwTickPrio
                0x20000008        0x4 ./Drivers/STM32F4xx_HAL_Driver/Src/stm32f4xx_hal.o
                0x20000008                uwTickPrio
 .data.Stat     0x2000000c        0x1 ./FATFS/Target/sd_diskio.o
 *(.RamFunc)
 *(.RamFunc*)
                0x20000010                        . = ALIGN (0x4)
 *fill*         0x2000000d        0x3 
                0x20000010                        _edata = .

.igot.plt       0x20000010        0x0 load address 0x0800502c
 .igot.plt      0x20000010        0x0 /Applications/STM32CubeIDE.app/Contents/Eclipse/plugins/com.st.stm32cube.ide.mcu.externaltools.gnu-tools-for-stm32.12.3.rel1.macos64_1.0.200.202406191456/tools/bin/../lib/gcc/arm-none-eabi/12.3.1/thumb/v7e-m+fp/hard/crtbegin.o
                0x20000010                        . = ALIGN (0x4)

.bss            0x20000010      0x3e8 load address 0x0800502c
                0x20000010                        _sbss = .
                0x20000010                        __bss_start__ = _sbss
 *(.bss)
 .bss           0x20000010       0x1c /Applications/STM32CubeIDE.app/Contents/Eclipse/plugins/com.st.stm32cube.ide.mcu.externaltools.gnu-tools-for-stm32.12.3.rel1.macos64_1.0.200.202406191456/tools/bin/../lib/gcc/arm-none-eabi/12.3.1/thumb/v7e-m+fp/hard/crtbegin.o
 *(.bss*)
 .bss.hrtc      0x2000002c       0x20 ./Core/Src/rtc.o
                0x2000002c                hrtc
 .bss.hdma_sdio_tx
                0x2000004c       0x60 ./Core/Src/sdio.o
                0x2000004c                hdma_sdio_tx
 .bss.hdma_sdio_rx
                0x200000ac       0x60 ./Core/Src/sdio.o
                0x200000ac                hdma_sdio_rx
 .bss.hsd       0x2000010c       0x84 ./Core/Src/sdio.o
                0x2000010c                hsd
 .bss.uwTick    0x20000190        0x4 ./Drivers/STM32F4xx_HAL_Driver/Src/stm32f4xx_hal.o
                0x20000190                uwTick
 .bss.pFlash    0x20000194       0x20 ./Drivers/STM32F4xx_HAL_Driver/Src/stm32f4xx_hal_flash.o
                0x20000194                pFlash
 .bss.SDPath    0x200001b4        0x4 ./FATFS/App/fatfs.o
                0x200001b4                SDPath
 .bss.retSD     0x200001b8        0x1 ./FATFS/App/fatfs.o
                0x200001b8                retSD
 *fill*         0x200001b9        0x3 
 .bss.ReadStatus
                0x200001bc        0x4 ./FATFS/Target/sd_diskio.o
 .bss.WriteStatus
                0x200001c0        0x4 ./FATFS/Target/sd_diskio.o
 .bss.LfnBuf    0x200001c4      0x200 ./Middlewares/Third_Party/FatFs/src/ff.o
 .bss.Files     0x200003c4       0x20 ./Middlewares/Third_Party/FatFs/src/ff.o
 .bss.Fsid      0x200003e4        0x2 ./Middlewares/Third_Party/FatFs/src/ff.o
 *fill*         0x200003e6        0x2 
 .bss.FatFs     0x200003e8        0x4 ./Middlewares/Third_Party/FatFs/src/ff.o
 .bss.disk      0x200003ec        0xc ./Middlewares/Third_Party/FatFs/src/ff_gen_drv.o
                0x200003ec                disk
 *(COMMON)
                0x200003f8                        . = ALIGN (0x4)
                0x200003f8                        _ebss = .
                0x200003f8                        __bss_end__ = _ebss

._user_heap_stack
                0x200003f8      0xc00 load address 0x0800502c
                0x200003f8                        . = ALIGN (0x8)
                [!provide]                        PROVIDE (end = .)
                0x200003f8                        PROVIDE (_end = .)
                0x200007f8                        . = (. + _Min_Heap_Size)
 *fill*         0x200003f8      0x400 
                0x20000ff8                        . = (. + _Min_Stack_Size)
 *fill*         0x200007f8      0x800 
                0x20000ff8                        . = ALIGN (0x8)

/DISCARD/
 libc.a(*)
 libm.a(*)
 libgcc.a(*)

.ARM.attributes
                0x00000000       0x30
 *(.ARM.attributes)
 .ARM.attributes
                0x00000000       0x22 /Applications/STM32CubeIDE.app/Contents/Eclipse/plugins/com.st.stm32cube.ide.mcu.externaltools.gnu-tools-for-stm32.12.3.rel1.macos64_1.0.200.202406191456/tools/bin/../lib/gcc/arm-none-eabi/12.3.1/thumb/v7e-m+fp/hard/crti.o
 .ARM.attributes
                0x00000022       0x34 /Applications/STM32CubeIDE.app/Contents/Eclipse/plugins/com.st.stm32cube.ide.mcu.externaltools.gnu-tools-for-stm32.12.3.rel1.macos64_1.0.200.202406191456/tools/bin/../lib/gcc/arm-none-eabi/12.3.1/thumb/v7e-m+fp/hard/crtbegin.o
 .ARM.attributes
                0x00000056       0x34 ./Core/Src/dma.o
 .ARM.attributes
                0x0000008a       0x34 ./Core/Src/gpio.o
 .ARM.attributes
                0x000000be       0x34 ./Core/Src/main.o
 .ARM.attributes
                0x000000f2       0x34 ./Core/Src/rtc.o
 .ARM.attributes
                0x00000126       0x34 ./Core/Src/sdio.o
 .ARM.attributes
                0x0000015a       0x34 ./Core/Src/stm32f4xx_hal_msp.o
 .ARM.attributes
                0x0000018e       0x34 ./Core/Src/stm32f4xx_it.o
 .ARM.attributes
                0x000001c2       0x34 ./Core/Src/system_stm32f4xx.o
 .ARM.attributes
                0x000001f6       0x21 ./Core/Startup/startup_stm32f401rctx.o
 .ARM.attributes
                0x00000217       0x34 ./Drivers/STM32F4xx_HAL_Driver/Src/stm32f4xx_hal.o
 .ARM.attributes
                0x0000024b       0x34 ./Drivers/STM32F4xx_HAL_Driver/Src/stm32f4xx_hal_cortex.o
 .ARM.attributes
                0x0000027f       0x34 ./Drivers/STM32F4xx_HAL_Driver/Src/stm32f4xx_hal_dma.o
 .ARM.attributes
                0x000002b3       0x34 ./Drivers/STM32F4xx_HAL_Driver/Src/stm32f4xx_hal_flash.o
 .ARM.attributes
                0x000002e7       0x34 ./Drivers/STM32F4xx_HAL_Driver/Src/stm32f4xx_hal_flash_ex.o
 .ARM.attributes
                0x0000031b       0x34 ./Drivers/STM32F4xx_HAL_Driver/Src/stm32f4xx_hal_gpio.o
 .ARM.attributes
                0x0000034f       0x34 ./Drivers/STM32F4xx_HAL_Driver/Src/stm32f4xx_hal_rcc.o
 .ARM.attributes
                0x00000383       0x34 ./Drivers/STM32F4xx_HAL_Driver/Src/stm32f4xx_hal_rcc_ex.o
 .ARM.attributes
                0x000003b7       0x34 ./Drivers/STM32F4xx_HAL_Driver/Src/stm32f4xx_hal_rtc.o
 .ARM.attributes
                0x000003eb       0x34 ./Drivers/STM32F4xx_HAL_Driver/Src/stm32f4xx_hal_sd.o
 .ARM.attributes
                0x0000041f       0x34 ./Drivers/STM32F4xx_HAL_Driver/Src/stm32f4xx_ll_sdmmc.o
 .ARM.attributes
                0x00000453       0x34 ./FATFS/App/fatfs.o
 .ARM.attributes
                0x00000487       0x34 ./FATFS/Target/bsp_driver_sd.o
 .ARM.attributes
                0x000004bb       0x34 ./FATFS/Target/fatfs_platform.o
 .ARM.attributes
                0x000004ef       0x34 ./FATFS/Target/sd_diskio.o
 .ARM.attributes
                0x00000523       0x34 ./Middlewares/Third_Party/FatFs/src/diskio.o
 .ARM.attributes
                0x00000557       0x34 ./Middlewares/Third_Party/FatFs/src/ff.o
 .ARM.attributes
                0x0000058b       0x34 ./Middlewares/Third_Party/FatFs/src/ff_gen_drv.o
 .ARM.attributes
                0x000005bf       0x34 ./Middlewares/Third_Party/FatFs/src/option/ccsbcs.o
 .ARM.attributes
                0x000005f3       0x34 /Applications/STM32CubeIDE.app/Contents/Eclipse/plugins/com.st.stm32cube.ide.mcu.externaltools.gnu-tools-for-stm32.12.3.rel1.macos64_1.0.200.202406191456/tools/bin/../lib/gcc/arm-none-eabi/12.3.1/../../../../arm-none-eabi/lib/thumb/v7e-m+fp/hard/libc_nano.a(libc_a-memset.o)
 .ARM.attributes
                0x00000627       0x34 /Applications/STM32CubeIDE.app/Contents/Eclipse/plugins/com.st.stm32cube.ide.mcu.externaltools.gnu-tools-for-stm32.12.3.rel1.macos64_1.0.200.202406191456/tools/bin/../lib/gcc/arm-none-eabi/12.3.1/../../../../arm-none-eabi/lib/thumb/v7e-m+fp/hard/libc_nano.a(libc_a-init.o)
 .ARM.attributes
                0x0000065b       0x22 /Applications/STM32CubeIDE.app/Contents/Eclipse/plugins/com.st.stm32cube.ide.mcu.externaltools.gnu-tools-for-stm32.12.3.rel1.macos64_1.0.200.202406191456/tools/bin/../lib/gcc/arm-none-eabi/12.3.1/thumb/v7e-m+fp/hard/libgcc.a(_aeabi_uldivmod.o)
 .ARM.attributes
                0x0000067d       0x34 /Applications/STM32CubeIDE.app/Contents/Eclipse/plugins/com.st.stm32cube.ide.mcu.externaltools.gnu-tools-for-stm32.12.3.rel1.macos64_1.0.200.202406191456/tools/bin/../lib/gcc/arm-none-eabi/12.3.1/thumb/v7e-m+fp/hard/libgcc.a(_udivmoddi4.o)
 .ARM.attributes
                0x000006b1       0x22 /Applications/STM32CubeIDE.app/Contents/Eclipse/plugins/com.st.stm32cube.ide.mcu.externaltools.gnu-tools-for-stm32.12.3.rel1.macos64_1.0.200.202406191456/tools/bin/../lib/gcc/arm-none-eabi/12.3.1/thumb/v7e-m+fp/hard/libgcc.a(_dvmd_tls.o)
 .ARM.attributes
                0x000006d3       0x22 /Applications/STM32CubeIDE.app/Contents/Eclipse/plugins/com.st.stm32cube.ide.mcu.externaltools.gnu-tools-for-stm32.12.3.rel1.macos64_1.0.200.202406191456/tools/bin/../lib/gcc/arm-none-eabi/12.3.1/thumb/v7e-m+fp/hard/crtn.o
OUTPUT(Vexuf1-bootloader.elf elf32-littlearm)
LOAD linker stubs
LOAD /Applications/STM32CubeIDE.app/Contents/Eclipse/plugins/com.st.stm32cube.ide.mcu.externaltools.gnu-tools-for-stm32.12.3.rel1.macos64_1.0.200.202406191456/tools/bin/../lib/gcc/arm-none-eabi/12.3.1/../../../../arm-none-eabi/lib/thumb/v7e-m+fp/hard/libc.a
LOAD /Applications/STM32CubeIDE.app/Contents/Eclipse/plugins/com.st.stm32cube.ide.mcu.externaltools.gnu-tools-for-stm32.12.3.rel1.macos64_1.0.200.202406191456/tools/bin/../lib/gcc/arm-none-eabi/12.3.1/../../../../arm-none-eabi/lib/thumb/v7e-m+fp/hard/libm.a
LOAD /Applications/STM32CubeIDE.app/Contents/Eclipse/plugins/com.st.stm32cube.ide.mcu.externaltools.gnu-tools-for-stm32.12.3.rel1.macos64_1.0.200.202406191456/tools/bin/../lib/gcc/arm-none-eabi/12.3.1/thumb/v7e-m+fp/hard/libgcc.a

.comment        0x00000000       0x43
 .comment       0x00000000       0x43 ./Core/Src/dma.o
                                 0x44 (size before relaxing)
 .comment       0x00000043       0x44 ./Core/Src/gpio.o
 .comment       0x00000043       0x44 ./Core/Src/main.o
 .comment       0x00000043       0x44 ./Core/Src/rtc.o
 .comment       0x00000043       0x44 ./Core/Src/sdio.o
 .comment       0x00000043       0x44 ./Core/Src/stm32f4xx_hal_msp.o
 .comment       0x00000043       0x44 ./Core/Src/stm32f4xx_it.o
 .comment       0x00000043       0x44 ./Core/Src/system_stm32f4xx.o
 .comment       0x00000043       0x44 ./Drivers/STM32F4xx_HAL_Driver/Src/stm32f4xx_hal.o
 .comment       0x00000043       0x44 ./Drivers/STM32F4xx_HAL_Driver/Src/stm32f4xx_hal_cortex.o
 .comment       0x00000043       0x44 ./Drivers/STM32F4xx_HAL_Driver/Src/stm32f4xx_hal_dma.o
 .comment       0x00000043       0x44 ./Drivers/STM32F4xx_HAL_Driver/Src/stm32f4xx_hal_flash.o
 .comment       0x00000043       0x44 ./Drivers/STM32F4xx_HAL_Driver/Src/stm32f4xx_hal_flash_ex.o
 .comment       0x00000043       0x44 ./Drivers/STM32F4xx_HAL_Driver/Src/stm32f4xx_hal_gpio.o
 .comment       0x00000043       0x44 ./Drivers/STM32F4xx_HAL_Driver/Src/stm32f4xx_hal_rcc.o
 .comment       0x00000043       0x44 ./Drivers/STM32F4xx_HAL_Driver/Src/stm32f4xx_hal_rcc_ex.o
 .comment       0x00000043       0x44 ./Drivers/STM32F4xx_HAL_Driver/Src/stm32f4xx_hal_rtc.o
 .comment       0x00000043       0x44 ./Drivers/STM32F4xx_HAL_Driver/Src/stm32f4xx_hal_sd.o
 .comment       0x00000043       0x44 ./Drivers/STM32F4xx_HAL_Driver/Src/stm32f4xx_ll_sdmmc.o
 .comment       0x00000043       0x44 ./FATFS/App/fatfs.o
 .comment       0x00000043       0x44 ./FATFS/Target/bsp_driver_sd.o
 .comment       0x00000043       0x44 ./FATFS/Target/fatfs_platform.o
 .comment       0x00000043       0x44 ./FATFS/Target/sd_diskio.o
 .comment       0x00000043       0x44 ./Middlewares/Third_Party/FatFs/src/diskio.o
 .comment       0x00000043       0x44 ./Middlewares/Third_Party/FatFs/src/ff.o
 .comment       0x00000043       0x44 ./Middlewares/Third_Party/FatFs/src/ff_gen_drv.o
 .comment       0x00000043       0x44 ./Middlewares/Third_Party/FatFs/src/option/ccsbcs.o

.debug_frame    0x00000000       0xac
 .debug_frame   0x00000000       0x20 /Applications/STM32CubeIDE.app/Contents/Eclipse/plugins/com.st.stm32cube.ide.mcu.externaltools.gnu-tools-for-stm32.12.3.rel1.macos64_1.0.200.202406191456/tools/bin/../lib/gcc/arm-none-eabi/12.3.1/../../../../arm-none-eabi/lib/thumb/v7e-m+fp/hard/libc_nano.a(libc_a-memset.o)
 .debug_frame   0x00000020       0x2c /Applications/STM32CubeIDE.app/Contents/Eclipse/plugins/com.st.stm32cube.ide.mcu.externaltools.gnu-tools-for-stm32.12.3.rel1.macos64_1.0.200.202406191456/tools/bin/../lib/gcc/arm-none-eabi/12.3.1/../../../../arm-none-eabi/lib/thumb/v7e-m+fp/hard/libc_nano.a(libc_a-init.o)
 .debug_frame   0x0000004c       0x2c /Applications/STM32CubeIDE.app/Contents/Eclipse/plugins/com.st.stm32cube.ide.mcu.externaltools.gnu-tools-for-stm32.12.3.rel1.macos64_1.0.200.202406191456/tools/bin/../lib/gcc/arm-none-eabi/12.3.1/thumb/v7e-m+fp/hard/libgcc.a(_aeabi_uldivmod.o)
 .debug_frame   0x00000078       0x34 /Applications/STM32CubeIDE.app/Contents/Eclipse/plugins/com.st.stm32cube.ide.mcu.externaltools.gnu-tools-for-stm32.12.3.rel1.macos64_1.0.200.202406191456/tools/bin/../lib/gcc/arm-none-eabi/12.3.1/thumb/v7e-m+fp/hard/libgcc.a(_udivmoddi4.o)
