Archive member included to satisfy reference by file (symbol)

/Applications/STM32CubeIDE.app/Contents/Eclipse/plugins/com.st.stm32cube.ide.mcu.externaltools.gnu-tools-for-stm32.12.3.rel1.macos64_1.0.200.202406191456/tools/bin/../lib/gcc/arm-none-eabi/12.3.1/../../../../arm-none-eabi/lib/thumb/v7e-m+fp/hard/libc_nano.a(libc_a-exit.o)
                              /Applications/STM32CubeIDE.app/Contents/Eclipse/plugins/com.st.stm32cube.ide.mcu.externaltools.gnu-tools-for-stm32.12.3.rel1.macos64_1.0.200.202406191456/tools/bin/../lib/gcc/arm-none-eabi/12.3.1/../../../../arm-none-eabi/lib/thumb/v7e-m+fp/hard/crt0.o (exit)
/Applications/STM32CubeIDE.app/Contents/Eclipse/plugins/com.st.stm32cube.ide.mcu.externaltools.gnu-tools-for-stm32.12.3.rel1.macos64_1.0.200.202406191456/tools/bin/../lib/gcc/arm-none-eabi/12.3.1/../../../../arm-none-eabi/lib/thumb/v7e-m+fp/hard/libc_nano.a(libc_a-findfp.o)
                              /Applications/STM32CubeIDE.app/Contents/Eclipse/plugins/com.st.stm32cube.ide.mcu.externaltools.gnu-tools-for-stm32.12.3.rel1.macos64_1.0.200.202406191456/tools/bin/../lib/gcc/arm-none-eabi/12.3.1/../../../../arm-none-eabi/lib/thumb/v7e-m+fp/hard/libc_nano.a(libc_a-exit.o) (__stdio_exit_handler)
/Applications/STM32CubeIDE.app/Contents/Eclipse/plugins/com.st.stm32cube.ide.mcu.externaltools.gnu-tools-for-stm32.12.3.rel1.macos64_1.0.200.202406191456/tools/bin/../lib/gcc/arm-none-eabi/12.3.1/../../../../arm-none-eabi/lib/thumb/v7e-m+fp/hard/libc_nano.a(libc_a-fwalk.o)
                              /Applications/STM32CubeIDE.app/Contents/Eclipse/plugins/com.st.stm32cube.ide.mcu.externaltools.gnu-tools-for-stm32.12.3.rel1.macos64_1.0.200.202406191456/tools/bin/../lib/gcc/arm-none-eabi/12.3.1/../../../../arm-none-eabi/lib/thumb/v7e-m+fp/hard/libc_nano.a(libc_a-findfp.o) (_fwalk_sglue)
/Applications/STM32CubeIDE.app/Contents/Eclipse/plugins/com.st.stm32cube.ide.mcu.externaltools.gnu-tools-for-stm32.12.3.rel1.macos64_1.0.200.202406191456/tools/bin/../lib/gcc/arm-none-eabi/12.3.1/../../../../arm-none-eabi/lib/thumb/v7e-m+fp/hard/libc_nano.a(libc_a-memset.o)
                              /Applications/STM32CubeIDE.app/Contents/Eclipse/plugins/com.st.stm32cube.ide.mcu.externaltools.gnu-tools-for-stm32.12.3.rel1.macos64_1.0.200.202406191456/tools/bin/../lib/gcc/arm-none-eabi/12.3.1/../../../../arm-none-eabi/lib/thumb/v7e-m+fp/hard/crt0.o (memset)
/Applications/STM32CubeIDE.app/Contents/Eclipse/plugins/com.st.stm32cube.ide.mcu.externaltools.gnu-tools-for-stm32.12.3.rel1.macos64_1.0.200.202406191456/tools/bin/../lib/gcc/arm-none-eabi/12.3.1/../../../../arm-none-eabi/lib/thumb/v7e-m+fp/hard/libc_nano.a(libc_a-impure.o)
                              /Applications/STM32CubeIDE.app/Contents/Eclipse/plugins/com.st.stm32cube.ide.mcu.externaltools.gnu-tools-for-stm32.12.3.rel1.macos64_1.0.200.202406191456/tools/bin/../lib/gcc/arm-none-eabi/12.3.1/../../../../arm-none-eabi/lib/thumb/v7e-m+fp/hard/libc_nano.a(libc_a-findfp.o) (_impure_data)
/Applications/STM32CubeIDE.app/Contents/Eclipse/plugins/com.st.stm32cube.ide.mcu.externaltools.gnu-tools-for-stm32.12.3.rel1.macos64_1.0.200.202406191456/tools/bin/../lib/gcc/arm-none-eabi/12.3.1/../../../../arm-none-eabi/lib/thumb/v7e-m+fp/hard/libc_nano.a(libc_a-errno.o)
                              ./Core/Src/syscalls.o (__errno)
/Applications/STM32CubeIDE.app/Contents/Eclipse/plugins/com.st.stm32cube.ide.mcu.externaltools.gnu-tools-for-stm32.12.3.rel1.macos64_1.0.200.202406191456/tools/bin/../lib/gcc/arm-none-eabi/12.3.1/../../../../arm-none-eabi/lib/thumb/v7e-m+fp/hard/libc_nano.a(libc_a-init.o)
                              /Applications/STM32CubeIDE.app/Contents/Eclipse/plugins/com.st.stm32cube.ide.mcu.externaltools.gnu-tools-for-stm32.12.3.rel1.macos64_1.0.200.202406191456/tools/bin/../lib/gcc/arm-none-eabi/12.3.1/../../../../arm-none-eabi/lib/thumb/v7e-m+fp/hard/crt0.o (__libc_init_array)
/Applications/STM32CubeIDE.app/Contents/Eclipse/plugins/com.st.stm32cube.ide.mcu.externaltools.gnu-tools-for-stm32.12.3.rel1.macos64_1.0.200.202406191456/tools/bin/../lib/gcc/arm-none-eabi/12.3.1/../../../../arm-none-eabi/lib/thumb/v7e-m+fp/hard/libc_nano.a(libc_a-lock.o)
                              /Applications/STM32CubeIDE.app/Contents/Eclipse/plugins/com.st.stm32cube.ide.mcu.externaltools.gnu-tools-for-stm32.12.3.rel1.macos64_1.0.200.202406191456/tools/bin/../lib/gcc/arm-none-eabi/12.3.1/../../../../arm-none-eabi/lib/thumb/v7e-m+fp/hard/libc_nano.a(libc_a-findfp.o) (__retarget_lock_init_recursive)
/Applications/STM32CubeIDE.app/Contents/Eclipse/plugins/com.st.stm32cube.ide.mcu.externaltools.gnu-tools-for-stm32.12.3.rel1.macos64_1.0.200.202406191456/tools/bin/../lib/gcc/arm-none-eabi/12.3.1/../../../../arm-none-eabi/lib/thumb/v7e-m+fp/hard/libc_nano.a(libc_a-strlen.o)
                              ./Middlewares/Third_Party/FatFs/src/ff.o (strlen)
[...]
Memory Configuration

Name             Origin             Length             Attributes
RAM              0x20000000         0x00010000         xrw
FLASH            0x08000000         0x00008000         xr
*default*        0x00000000         0xffffffff

Linker script and memory map

LOAD /Applications/STM32CubeIDE.app/Contents/Eclipse/plugins/com.st.stm32cube.ide.mcu.externaltools.gnu-tools-for-stm32.12.3.rel1.macos64_1.0.200.202406191456/tools/bin/../lib/gcc/arm-none-eabi/12.3.1/thumb/v7e-m+fp/hard/crti.o
LOAD /Applications/STM32CubeIDE.app/Contents/Eclipse/plugins/com.st.stm32cube.ide.mcu.externaltools.gnu-tools-for-stm32.12.3.rel1.macos64_1.0.200.202406191456/tools/bin/../lib/gcc/arm-none-eabi/12.3.1/thumb/v7e-m+fp/hard/crtbegin.o
LOAD /Applications/STM32CubeIDE.app/Contents/Eclipse/plugins/com.st.stm32cube.ide.mcu.externaltools.gnu-tools-for-stm32.12.3.rel1.macos64_1.0.200.202406191456/tools/bin/../lib/gcc/arm-none-eabi/12.3.1/../../../../arm-none-eabi/lib/thumb/v7e-m+fp/hard/crt0.o
LOAD ./Core/Src/dma.o
LOAD ./Core/Src/gpio.o
LOAD ./Core/Src/main.o
LOAD ./Core/Src/rtc.o
LOAD ./Core/Src/sdio.o
LOAD ./Core/Src/stm32f4xx_hal_msp.o
LOAD ./Core/Src/stm32f4xx_it.o
LOAD ./Core/Src/syscalls.o
LOAD ./Core/Src/sysmem.o
LOAD ./Core/Src/system_stm32f4xx.o
LOAD ./Core/Startup/startup_stm32f401rctx.o
LOAD ./Drivers/STM32F4xx_HAL_Driver/Src/stm32f4xx_hal.o
LOAD ./Drivers/STM32F4xx_HAL_Driver/Src/stm32f4xx_hal_cortex.o
LOAD ./Drivers/STM32F4xx_HAL_Driver/Src/stm32f4xx_hal_dma.o
LOAD ./Drivers/STM32F4xx_HAL_Driver/Src/stm32f4xx_hal_dma_ex.o
LOAD ./Drivers/STM32F4xx_HAL_Driver/Src/stm32f4xx_hal_exti.o
LOAD ./Drivers/STM32F4xx_HAL_Driver/Src/stm32f4xx_hal_flash.o
LOAD ./Drivers/STM32F4xx_HAL_Driver/Src/stm32f4xx_hal_flash_ex.o
LOAD ./Drivers/STM32F4xx_HAL_Driver/Src/stm32f4xx_hal_flash_ramfunc.o
LOAD ./Drivers/STM32F4xx_HAL_Driver/Src/stm32f4xx_hal_gpio.o
LOAD ./Drivers/STM32F4xx_HAL_Driver/Src/stm32f4xx_hal_pwr.o
LOAD ./Drivers/STM32F4xx_HAL_Driver/Src/stm32f4xx_hal_pwr_ex.o
LOAD ./Drivers/STM32F4xx_HAL_Driver/Src/stm32f4xx_hal_rcc.o
LOAD ./Drivers/STM32F4xx_HAL_Driver/Src/stm32f4xx_hal_rcc_ex.o
LOAD ./Drivers/STM32F4xx_HAL_Driver/Src/stm32f4xx_hal_rtc.o
LOAD ./Drivers/STM32F4xx_HAL_Driver/Src/stm32f4xx_hal_rtc_ex.o
LOAD ./Drivers/STM32F4xx_HAL_Driver/Src/stm32f4xx_hal_sd.o
LOAD ./Drivers/STM32F4xx_HAL_Driver/Src/stm32f4xx_hal_tim.o
LOAD ./Drivers/STM32F4xx_HAL_Driver/Src/stm32f4xx_hal_tim_ex.o
LOAD ./Drivers/STM32F4xx_HAL_Driver/Src/stm32f4xx_ll_sdmmc.o
LOAD ./FATFS/App/fatfs.o
LOAD ./FATFS/Target/bsp_driver_sd.o
LOAD ./FATFS/Target/fatfs_platform.o
LOAD ./FATFS/Target/sd_diskio.o
LOAD ./Middlewares/Third_Party/FatFs/src/diskio.o
LOAD ./Middlewares/Third_Party/FatFs/src/ff.o
LOAD ./Middlewares/Third_Party/FatFs/src/ff_gen_drv.o
LOAD ./Middlewares/Third_Party/FatFs/src/option/ccsbcs.o
LOAD ./Middlewares/Third_Party/FatFs/src/option/syscall.o
START GROUP
LOAD /Applications/STM32CubeIDE.app/Contents/Eclipse/plugins/com.st.stm32cube.ide.mcu.externaltools.gnu-tools-for-stm32.12.3.rel1.macos64_1.0.200.202406191456/tools/bin/../lib/gcc/arm-none-eabi/12.3.1/../../../../arm-none-eabi/lib/thumb/v7e-m+fp/hard/libc_nano.a
LOAD /Applications/STM32CubeIDE.app/Contents/Eclipse/plugins/com.st.stm32cube.ide.mcu.externaltools.gnu-tools-for-stm32.12.3.rel1.macos64_1.0.200.202406191456/tools/bin/../lib/gcc/arm-none-eabi/12.3.1/../../../../arm-none-eabi/lib/thumb/v7e-m+fp/hard/libm.a
END GROUP
START GROUP
LOAD /Applications/STM32CubeIDE.app/Contents/Eclipse/plugins/com.st.stm32cube.ide.mcu.externaltools.gnu-tools-for-stm32.12.3.rel1.macos64_1.0.200.202406191456/tools/bin/../lib/gcc/arm-none-eabi/12.3.1/thumb/v7e-m+fp/hard/libgcc.a
LOAD /Applications/STM32CubeIDE.app/Contents/Eclipse/plugins/com.st.stm32cube.ide.mcu.externaltools.gnu-tools-for-stm32.12.3.rel1.macos64_1.0.200.202406191456/tools/bin/../lib/gcc/arm-none-eabi/12.3.1/../../../../arm-none-eabi/lib/thumb/v7e-m+fp/hard/libc_nano.a
END GROUP
START GROUP
LOAD /Applications/STM32CubeIDE.app/Contents/Eclipse/plugins/com.st.stm32cube.ide.mcu.externaltools.gnu-tools-for-stm32.12.3.rel1.macos64_1.0.200.202406191456/tools/bin/../lib/gcc/arm-none-eabi/12.3.1/thumb/v7e-m+fp/hard/libgcc.a
LOAD /Applications/STM32CubeIDE.app/Contents/Eclipse/plugins/com.st.stm32cube.ide.mcu.externaltools.gnu-tools-for-stm32.12.3.rel1.macos64_1.0.200.202406191456/tools/bin/../lib/gcc/arm-none-eabi/12.3.1/../../../../arm-none-eabi/lib/thumb/v7e-m+fp/hard/libc_nano.a
LOAD /Applications/STM32CubeIDE.app/Contents/Eclipse/plugins/com.st.stm32cube.ide.mcu.externaltools.gnu-tools-for-stm32.12.3.rel1.macos64_1.0.200.202406191456/tools/bin/../lib/gcc/arm-none-eabi/12.3.1/../../../../arm-none-eabi/lib/thumb/v7e-m+fp/hard/libnosys.a
END GROUP
START GROUP
LOAD /Applications/STM32CubeIDE.app/Contents/Eclipse/plugins/com.st.stm32cube.ide.mcu.externaltools.gnu-tools-for-stm32.12.3.rel1.macos64_1.0.200.202406191456/tools/bin/../lib/gcc/arm-none-eabi/12.3.1/thumb/v7e-m+fp/hard/libgcc.a
LOAD /Applications/STM32CubeIDE.app/Contents/Eclipse/plugins/com.st.stm32cube.ide.mcu.externaltools.gnu-tools-for-stm32.12.3.rel1.macos64_1.0.200.202406191456/tools/bin/../lib/gcc/arm-none-eabi/12.3.1/../../../../arm-none-eabi/lib/thumb/v7e-m+fp/hard/libc_nano.a
LOAD /Applications/STM32CubeIDE.app/Contents/Eclipse/plugins/com.st.stm32cube.ide.mcu.externaltools.gnu-tools-for-stm32.12.3.rel1.macos64_1.0.200.202406191456/tools/bin/../lib/gcc/arm-none-eabi/12.3.1/../../../../arm-none-eabi/lib/thumb/v7e-m+fp/hard/libnosys.a
END GROUP
LOAD /Applications/STM32CubeIDE.app/Contents/Eclipse/plugins/com.st.stm32cube.ide.mcu.externaltools.gnu-tools-for-stm32.12.3.rel1.macos64_1.0.200.202406191456/tools/bin/../lib/gcc/arm-none-eabi/12.3.1/thumb/v7e-m+fp/hard/crtend.o
LOAD /Applications/STM32CubeIDE.app/Contents/Eclipse/plugins/com.st.stm32cube.ide.mcu.externaltools.gnu-tools-for-stm32.12.3.rel1.macos64_1.0.200.202406191456/tools/bin/../lib/gcc/arm-none-eabi/12.3.1/thumb/v7e-m+fp/hard/crtn.o
                0x20010000                        _estack = (ORIGIN (RAM) + LENGTH (RAM))
                0x00000400                        _Min_Heap_Size = 0x400
                0x00000800                        _Min_Stack_Size = 0x800

.isr_vector     0x08000000      0x194
                0x08000000                        . = ALIGN (0x4)
 *(.isr_vector)
 .isr_vector    0x08000000      0x194 ./Core/Startup/startup_stm32f401rctx.o
                0x08000000                g_pfnVectors
                0x08000194                        . = ALIGN (0x4)

.text           0x08000194     0x49f8
                0x08000194                        . = ALIGN (0x4)
 *(.text)
 .text          0x08000194       0x40 /Applications/STM32CubeIDE.app/Contents/Eclipse/plugins/com.st.stm32cube.ide.mcu.externaltools.gnu-tools-for-stm32.12.3.rel1.macos64_1.0.200.202406191456/tools/bin/../lib/gcc/arm-none-eabi/12.3.1/thumb/v7e-m+fp/hard/crtbegin.o
 .text          0x080001d4       0x30 /Applications/STM32CubeIDE.app/Contents/Eclipse/plugins/com.st.stm32cube.ide.mcu.externaltools.gnu-tools-for-stm32.12.3.rel1.macos64_1.0.200.202406191456/tools/bin/../lib/gcc/arm-none-eabi/12.3.1/thumb/v7e-m+fp/hard/libgcc.a(_aeabi_uldivmod.o)
                0x080001d4                __aeabi_uldivmod
 .text          0x08000204      0x2bc /Applications/STM32CubeIDE.app/Contents/Eclipse/plugins/com.st.stm32cube.ide.mcu.externaltools.gnu-tools-for-stm32.12.3.rel1.macos64_1.0.200.202406191456/tools/bin/../lib/gcc/arm-none-eabi/12.3.1/thumb/v7e-m+fp/hard/libgcc.a(_udivmoddi4.o)
                0x08000204                __udivmoddi4
 .text          0x080004c0        0x4 /Applications/STM32CubeIDE.app/Contents/Eclipse/plugins/com.st.stm32cube.ide.mcu.externaltools.gnu-tools-for-stm32.12.3.rel1.macos64_1.0.200.202406191456/tools/bin/../lib/gcc/arm-none-eabi/12.3.1/thumb/v7e-m+fp/hard/libgcc.a(_dvmd_tls.o)
                0x080004c0                __aeabi_ldiv0
                0x080004c0                __aeabi_idiv0
 *(.text*)
 .text.MX_DMA_Init
                0x080004c4       0x44 ./Core/Src/dma.o
                0x080004c4                MX_DMA_Init
 .text.MX_GPIO_Init
                0x08000508       0xd0 ./Core/Src/gpio.o
                0x08000508                MX_GPIO_Init
 .text.isBoot1High
                0x080005d8       0x18 ./Core/Src/main.o
                0x080005d8                isBoot1High
 .text.toggleIndicator
                0x080005f0       0x44 ./Core/Src/main.o
                0x080005f0                toggleIndicator
 .text.flashFirmwareInChunks
                0x08000634       0xa4 ./Core/Src/main.o
                0x08000634                flashFirmwareInChunks
 .text.jumpToApplication
                0x080006d8       0x24 ./Core/Src/main.o
                0x080006d8                jumpToApplication
 .text.SystemClock_Config
                0x080006fc       0xa8 ./Core/Src/main.o
                0x080006fc                SystemClock_Config
 .text.startup.main
                0x080007a4      0x108 ./Core/Src/main.o
                0x080007a4                main
 .text.Error_Handler
                0x080008ac        0x4 ./Core/Src/main.o
                0x080008ac                Error_Handler
 .text.MX_RTC_Init
                0x080008b0       0x34 ./Core/Src/rtc.o
                0x080008b0                MX_RTC_Init
 .text.HAL_RTC_MspInit
                0x080008e4       0x44 ./Core/Src/rtc.o
                0x080008e4                HAL_RTC_MspInit
 .text.MX_SDIO_SD_Init
                0x08000928       0x38 ./Core/Src/sdio.o
                0x08000928                MX_SDIO_SD_Init
 .text.HAL_SD_MspInit
                0x08000960      0x160 ./Core/Src/sdio.o
                0x08000960                HAL_SD_MspInit
 .text.HAL_MspInit
                0x08000ac0       0x38 ./Core/Src/stm32f4xx_hal_msp.o
                0x08000ac0                HAL_MspInit
 .text.NMI_Handler
                0x08000af8        0x8 ./Core/Src/stm32f4xx_it.o
                0x08000af8                NMI_Handler
 .text.HardFault_Handler
                0x08000b00        0x2 ./Core/Src/stm32f4xx_it.o
                0x08000b00                HardFault_Handler
 .text.MemManage_Handler
                0x08000b02        0x2 ./Core/Src/stm32f4xx_it.o
                0x08000b02                MemManage_Handler
 .text.BusFault_Handler
                0x08000b04        0x2 ./Core/Src/stm32f4xx_it.o
                0x08000b04                BusFault_Handler
 .text.UsageFault_Handler
                0x08000b06        0x2 ./Core/Src/stm32f4xx_it.o
                0x08000b06                UsageFault_Handler
 .text.SVC_Handler
                0x08000b08        0x2 ./Core/Src/stm32f4xx_it.o
                0x08000b08                SVC_Handler
 .text.DebugMon_Handler
                0x08000b0a        0x2 ./Core/Src/stm32f4xx_it.o
                0x08000b0a                DebugMon_Handler
 .text.PendSV_Handler
                0x08000b0c        0x2 ./Core/Src/stm32f4xx_it.o
                0x08000b0c                PendSV_Handler
 .text.SysTick_Handler
                0x08000b0e        0x4 ./Core/Src/stm32f4xx_it.o
                0x08000b0e                SysTick_Handler
 *fill*         0x08000b12        0x2 
 .text.SDIO_IRQHandler
                0x08000b14        0xc ./Core/Src/stm32f4xx_it.o
                0x08000b14                SDIO_IRQHandler
 .text.DMA2_Stream3_IRQHandler
                0x08000b20        0xc ./Core/Src/stm32f4xx_it.o
                0x08000b20                DMA2_Stream3_IRQHandler
 .text.DMA2_Stream6_IRQHandler
                0x08000b2c        0xc ./Core/Src/stm32f4xx_it.o
                0x08000b2c                DMA2_Stream6_IRQHandler
 .text.SystemInit
                0x08000b38       0x14 ./Core/Src/system_stm32f4xx.o
                0x08000b38                SystemInit
 .text.Reset_Handler
                0x08000b4c       0x50 ./Core/Startup/startup_stm32f401rctx.o
                0x08000b4c                Reset_Handler
 .text.Default_Handler
                0x08000b9c        0x2 ./Core/Startup/startup_stm32f401rctx.o
                0x08000b9c                DMA1_Stream3_IRQHandler
                0x08000b9c                EXTI2_IRQHandler
                0x08000b9c                SPI4_IRQHandler
                0x08000b9c                TIM1_CC_IRQHandler
                0x08000b9c                DMA2_Stream5_IRQHandler
                0x08000b9c                DMA1_Stream5_IRQHandler
                0x08000b9c                PVD_IRQHandler
                0x08000b9c                TAMP_STAMP_IRQHandler
                0x08000b9c                EXTI3_IRQHandler
                0x08000b9c                TIM1_UP_TIM10_IRQHandler
                0x08000b9c                I2C3_ER_IRQHandler
                0x08000b9c                EXTI0_IRQHandler
                0x08000b9c                I2C2_EV_IRQHandler
                0x08000b9c                DMA1_Stream2_IRQHandler
                0x08000b9c                FPU_IRQHandler
                0x08000b9c                DMA2_Stream2_IRQHandler
                0x08000b9c                SPI1_IRQHandler
                0x08000b9c                TIM1_BRK_TIM9_IRQHandler
                0x08000b9c                USART6_IRQHandler
                0x08000b9c                DMA2_Stream0_IRQHandler
                0x08000b9c                TIM4_IRQHandler
                0x08000b9c                I2C1_EV_IRQHandler
                0x08000b9c                DMA1_Stream6_IRQHandler
                0x08000b9c                DMA1_Stream1_IRQHandler
                0x08000b9c                TIM3_IRQHandler
                0x08000b9c                RCC_IRQHandler
                0x08000b9c                Default_Handler
                0x08000b9c                EXTI15_10_IRQHandler
                0x08000b9c                ADC_IRQHandler
                0x08000b9c                DMA1_Stream7_IRQHandler
                0x08000b9c                TIM5_IRQHandler
                0x08000b9c                DMA2_Stream7_IRQHandler
                0x08000b9c                I2C3_EV_IRQHandler
                0x08000b9c                EXTI9_5_IRQHandler
                0x08000b9c                RTC_WKUP_IRQHandler
                0x08000b9c                SPI2_IRQHandler
                0x08000b9c                DMA1_Stream0_IRQHandler
                0x08000b9c                EXTI4_IRQHandler
                0x08000b9c                WWDG_IRQHandler
                0x08000b9c                TIM2_IRQHandler
                0x08000b9c                OTG_FS_WKUP_IRQHandler
                0x08000b9c                TIM1_TRG_COM_TIM11_IRQHandler
                0x08000b9c                EXTI1_IRQHandler
                0x08000b9c                USART2_IRQHandler
                0x08000b9c                I2C2_ER_IRQHandler
                0x08000b9c                DMA2_Stream1_IRQHandler
                0x08000b9c                FLASH_IRQHandler
                0x08000b9c                DMA2_Stream4_IRQHandler
                0x08000b9c                USART1_IRQHandler
                0x08000b9c                OTG_FS_IRQHandler
                0x08000b9c                SPI3_IRQHandler
                0x08000b9c                DMA1_Stream4_IRQHandler
                0x08000b9c                I2C1_ER_IRQHandler
                0x08000b9c                RTC_Alarm_IRQHandler
 .text.HAL_MspDeInit
                0x08000b9e        0x2 ./Drivers/STM32F4xx_HAL_Driver/Src/stm32f4xx_hal.o
                0x08000b9e                HAL_MspDeInit
 .text.HAL_DeInit
                0x08000ba0       0x40 ./Drivers/STM32F4xx_HAL_Driver/Src/stm32f4xx_hal.o
                0x08000ba0                HAL_DeInit
 .text.HAL_InitTick
                0x08000be0       0x48 ./Drivers/STM32F4xx_HAL_Driver/Src/stm32f4xx_hal.o
                0x08000be0                HAL_InitTick
 .text.HAL_Init
                0x08000c28       0x34 ./Drivers/STM32F4xx_HAL_Driver/Src/stm32f4xx_hal.o
                0x08000c28                HAL_Init
 .text.HAL_IncTick
                0x08000c5c       0x18 ./Drivers/STM32F4xx_HAL_Driver/Src/stm32f4xx_hal.o
                0x08000c5c                HAL_IncTick
 .text.HAL_GetTick
                0x08000c74        0xc ./Drivers/STM32F4xx_HAL_Driver/Src/stm32f4xx_hal.o
                0x08000c74                HAL_GetTick
 .text.HAL_Delay
                0x08000c80       0x28 ./Drivers/STM32F4xx_HAL_Driver/Src/stm32f4xx_hal.o
                0x08000c80                HAL_Delay
 .text.HAL_NVIC_SetPriorityGrouping
                0x08000ca8       0x24 ./Drivers/STM32F4xx_HAL_Driver/Src/stm32f4xx_hal_cortex.o
                0x08000ca8                HAL_NVIC_SetPriorityGrouping
 .text.HAL_NVIC_SetPriority
                0x08000ccc       0x64 ./Drivers/STM32F4xx_HAL_Driver/Src/stm32f4xx_hal_cortex.o
                0x08000ccc                HAL_NVIC_SetPriority
 .text.HAL_NVIC_EnableIRQ
                0x08000d30       0x1c ./Drivers/STM32F4xx_HAL_Driver/Src/stm32f4xx_hal_cortex.o
                0x08000d30                HAL_NVIC_EnableIRQ
 .text.HAL_SYSTICK_Config
                0x08000d4c       0x28 ./Drivers/STM32F4xx_HAL_Driver/Src/stm32f4xx_hal_cortex.o
                0x08000d4c                HAL_SYSTICK_Config
 .text.DMA_CalcBaseAndBitshift
                0x08000d74       0x2c ./Drivers/STM32F4xx_HAL_Driver/Src/stm32f4xx_hal_dma.o
 .text.HAL_DMA_Init
                0x08000da0       0xfc ./Drivers/STM32F4xx_HAL_Driver/Src/stm32f4xx_hal_dma.o
                0x08000da0                HAL_DMA_Init
 .text.HAL_DMA_Start_IT
                0x08000e9c       0x72 ./Drivers/STM32F4xx_HAL_Driver/Src/stm32f4xx_hal_dma.o
                0x08000e9c                HAL_DMA_Start_IT
 .text.HAL_DMA_Abort_IT
                0x08000f0e       0x24 ./Drivers/STM32F4xx_HAL_Driver/Src/stm32f4xx_hal_dma.o
                0x08000f0e                HAL_DMA_Abort_IT
 *fill*         0x08000f32        0x2 
 .text.HAL_DMA_IRQHandler
                0x08000f34      0x17c ./Drivers/STM32F4xx_HAL_Driver/Src/stm32f4xx_hal_dma.o
                0x08000f34                HAL_DMA_IRQHandler
 .text.HAL_DMA_GetError
                0x080010b0        0x4 ./Drivers/STM32F4xx_HAL_Driver/Src/stm32f4xx_hal_dma.o
                0x080010b0                HAL_DMA_GetError
 .text.FLASH_Program_DoubleWord
                0x080010b4       0x2c ./Drivers/STM32F4xx_HAL_Driver/Src/stm32f4xx_hal_flash.o
 .text.FLASH_Program_Word
                0x080010e0       0x24 ./Drivers/STM32F4xx_HAL_Driver/Src/stm32f4xx_hal_flash.o
 .text.FLASH_Program_HalfWord
                0x08001104       0x24 ./Drivers/STM32F4xx_HAL_Driver/Src/stm32f4xx_hal_flash.o
 .text.FLASH_SetErrorCode
                0x08001128       0x8c ./Drivers/STM32F4xx_HAL_Driver/Src/stm32f4xx_hal_flash.o
 .text.HAL_FLASH_Unlock
                0x080011b4       0x24 ./Drivers/STM32F4xx_HAL_Driver/Src/stm32f4xx_hal_flash.o
                0x080011b4                HAL_FLASH_Unlock
 .text.HAL_FLASH_Lock
                0x080011d8       0x14 ./Drivers/STM32F4xx_HAL_Driver/Src/stm32f4xx_hal_flash.o
                0x080011d8                HAL_FLASH_Lock
 .text.FLASH_WaitForLastOperation
                0x080011ec       0x50 ./Drivers/STM32F4xx_HAL_Driver/Src/stm32f4xx_hal_flash.o
                0x080011ec                FLASH_WaitForLastOperation
 .text.HAL_FLASH_Program
                0x0800123c       0x8c ./Drivers/STM32F4xx_HAL_Driver/Src/stm32f4xx_hal_flash.o
                0x0800123c                HAL_FLASH_Program
 .text.FLASH_MassErase.constprop.0
                0x080012c8       0x24 ./Drivers/STM32F4xx_HAL_Driver/Src/stm32f4xx_hal_flash_ex.o
 .text.FLASH_Erase_Sector
                0x080012ec       0x3c ./Drivers/STM32F4xx_HAL_Driver/Src/stm32f4xx_hal_flash_ex.o
                0x080012ec                FLASH_Erase_Sector
 .text.FLASH_FlushCaches
                0x08001328       0x58 ./Drivers/STM32F4xx_HAL_Driver/Src/stm32f4xx_hal_flash_ex.o
                0x08001328                FLASH_FlushCaches
 .text.HAL_FLASHEx_Erase
                0x08001380       0xa0 ./Drivers/STM32F4xx_HAL_Driver/Src/stm32f4xx_hal_flash_ex.o
                0x08001380                HAL_FLASHEx_Erase
 .text.HAL_GPIO_Init
                0x08001420      0x18c ./Drivers/STM32F4xx_HAL_Driver/Src/stm32f4xx_hal_gpio.o
                0x08001420                HAL_GPIO_Init
 .text.HAL_GPIO_ReadPin
                0x080015ac        0xc ./Drivers/STM32F4xx_HAL_Driver/Src/stm32f4xx_hal_gpio.o
                0x080015ac                HAL_GPIO_ReadPin
 .text.HAL_GPIO_WritePin
                0x080015b8        0xa ./Drivers/STM32F4xx_HAL_Driver/Src/stm32f4xx_hal_gpio.o
                0x080015b8                HAL_GPIO_WritePin
 .text.HAL_GPIO_TogglePin
                0x080015c2       0x12 ./Drivers/STM32F4xx_HAL_Driver/Src/stm32f4xx_hal_gpio.o
                0x080015c2                HAL_GPIO_TogglePin
 .text.HAL_RCC_OscConfig
                0x080015d4      0x35c ./Drivers/STM32F4xx_HAL_Driver/Src/stm32f4xx_hal_rcc.o
                0x080015d4                HAL_RCC_OscConfig
 .text.HAL_RCC_EnableCSS
                0x08001930        0xc ./Drivers/STM32F4xx_HAL_Driver/Src/stm32f4xx_hal_rcc.o
                0x08001930                HAL_RCC_EnableCSS
 .text.HAL_RCC_GetSysClockFreq
                0x0800193c       0x4c ./Drivers/STM32F4xx_HAL_Driver/Src/stm32f4xx_hal_rcc.o
                0x0800193c                HAL_RCC_GetSysClockFreq
 .text.HAL_RCC_ClockConfig
                0x08001988      0x134 ./Drivers/STM32F4xx_HAL_Driver/Src/stm32f4xx_hal_rcc.o
                0x08001988                HAL_RCC_ClockConfig
 .text.HAL_RCC_CSSCallback
                0x08001abc        0x2 ./Drivers/STM32F4xx_HAL_Driver/Src/stm32f4xx_hal_rcc.o
                0x08001abc                HAL_RCC_CSSCallback
 *fill*         0x08001abe        0x2 
 .text.HAL_RCC_NMI_IRQHandler
                0x08001ac0       0x18 ./Drivers/STM32F4xx_HAL_Driver/Src/stm32f4xx_hal_rcc.o
                0x08001ac0                HAL_RCC_NMI_IRQHandler
 .text.HAL_RCCEx_PeriphCLKConfig
                0x08001ad8      0x140 ./Drivers/STM32F4xx_HAL_Driver/Src/stm32f4xx_hal_rcc_ex.o
                0x08001ad8                HAL_RCCEx_PeriphCLKConfig
 .text.HAL_RTC_WaitForSynchro
                0x08001c18       0x30 ./Drivers/STM32F4xx_HAL_Driver/Src/stm32f4xx_hal_rtc.o
                0x08001c18                HAL_RTC_WaitForSynchro
 .text.RTC_EnterInitMode
                0x08001c48       0x42 ./Drivers/STM32F4xx_HAL_Driver/Src/stm32f4xx_hal_rtc.o
                0x08001c48                RTC_EnterInitMode
 .text.RTC_ExitInitMode
                0x08001c8a       0x28 ./Drivers/STM32F4xx_HAL_Driver/Src/stm32f4xx_hal_rtc.o
                0x08001c8a                RTC_ExitInitMode
 .text.HAL_RTC_Init
                0x08001cb2       0x90 ./Drivers/STM32F4xx_HAL_Driver/Src/stm32f4xx_hal_rtc.o
                0x08001cb2                HAL_RTC_Init
 .text.SD_DMATransmitCplt
                0x08001d42        0xe ./Drivers/STM32F4xx_HAL_Driver/Src/stm32f4xx_hal_sd.o
 .text.SD_FindSCR.constprop.0
                0x08001d50       0xd2 ./Drivers/STM32F4xx_HAL_Driver/Src/stm32f4xx_hal_sd.o
 *fill*         0x08001e22        0x2 
 .text.HAL_SD_ReadBlocks_DMA
                0x08001e24      0x124 ./Drivers/STM32F4xx_HAL_Driver/Src/stm32f4xx_hal_sd.o
                0x08001e24                HAL_SD_ReadBlocks_DMA
 .text.HAL_SD_WriteBlocks_DMA
                0x08001f48      0x11c ./Drivers/STM32F4xx_HAL_Driver/Src/stm32f4xx_hal_sd.o
                0x08001f48                HAL_SD_WriteBlocks_DMA
 .text.HAL_SD_ErrorCallback
                0x08002064        0x2 ./Drivers/STM32F4xx_HAL_Driver/Src/stm32f4xx_hal_sd.o
                0x08002064                HAL_SD_ErrorCallback
 .text.SD_DMAReceiveCplt
                0x08002066       0x40 ./Drivers/STM32F4xx_HAL_Driver/Src/stm32f4xx_hal_sd.o
 *fill*         0x080020a6        0x2 
 .text.HAL_SD_GetCardCSD
                0x080020a8      0x16c ./Drivers/STM32F4xx_HAL_Driver/Src/stm32f4xx_hal_sd.o
                0x080020a8                HAL_SD_GetCardCSD
 .text.HAL_SD_InitCard
                0x08002214      0x208 ./Drivers/STM32F4xx_HAL_Driver/Src/stm32f4xx_hal_sd.o
                0x08002214                HAL_SD_InitCard
 .text.HAL_SD_Init
                0x0800241c       0x36 ./Drivers/STM32F4xx_HAL_Driver/Src/stm32f4xx_hal_sd.o
                0x0800241c                HAL_SD_Init
 .text.HAL_SD_GetCardInfo
                0x08002452       0x24 ./Drivers/STM32F4xx_HAL_Driver/Src/stm32f4xx_hal_sd.o
                0x08002452                HAL_SD_GetCardInfo
 *fill*         0x08002476        0x2 
 .text.HAL_SD_ConfigWideBusOperation
                0x08002478      0x114 ./Drivers/STM32F4xx_HAL_Driver/Src/stm32f4xx_hal_sd.o
                0x08002478                HAL_SD_ConfigWideBusOperation
 .text.HAL_SD_GetCardState
                0x0800258c       0x28 ./Drivers/STM32F4xx_HAL_Driver/Src/stm32f4xx_hal_sd.o
                0x0800258c                HAL_SD_GetCardState
 .text.SD_DMAError
                0x080025b4       0x60 ./Drivers/STM32F4xx_HAL_Driver/Src/stm32f4xx_hal_sd.o
 .text.SD_DMATxAbort
                0x08002614       0x42 ./Drivers/STM32F4xx_HAL_Driver/Src/stm32f4xx_hal_sd.o
 *fill*         0x08002656        0x2 
 .text.HAL_SD_IRQHandler
                0x08002658      0x218 ./Drivers/STM32F4xx_HAL_Driver/Src/stm32f4xx_hal_sd.o
                0x08002658                HAL_SD_IRQHandler
 .text.SD_DMARxAbort
                0x08002870        0x4 ./Drivers/STM32F4xx_HAL_Driver/Src/stm32f4xx_hal_sd.o
 .text.SDIO_Init
                0x08002874       0x38 ./Drivers/STM32F4xx_HAL_Driver/Src/stm32f4xx_ll_sdmmc.o
                0x08002874                SDIO_Init
 .text.SDIO_ReadFIFO
                0x080028ac        0x6 ./Drivers/STM32F4xx_HAL_Driver/Src/stm32f4xx_ll_sdmmc.o
                0x080028ac                SDIO_ReadFIFO
 .text.SDIO_WriteFIFO
                0x080028b2        0xa ./Drivers/STM32F4xx_HAL_Driver/Src/stm32f4xx_ll_sdmmc.o
                0x080028b2                SDIO_WriteFIFO
 .text.SDIO_PowerState_ON
                0x080028bc        0x8 ./Drivers/STM32F4xx_HAL_Driver/Src/stm32f4xx_ll_sdmmc.o
                0x080028bc                SDIO_PowerState_ON
 .text.SDIO_GetPowerState
                0x080028c4        0x8 ./Drivers/STM32F4xx_HAL_Driver/Src/stm32f4xx_ll_sdmmc.o
                0x080028c4                SDIO_GetPowerState
 .text.SDIO_SendCommand
                0x080028cc       0x26 ./Drivers/STM32F4xx_HAL_Driver/Src/stm32f4xx_ll_sdmmc.o
                0x080028cc                SDIO_SendCommand
 .text.SDIO_GetResponse
                0x080028f2        0x6 ./Drivers/STM32F4xx_HAL_Driver/Src/stm32f4xx_ll_sdmmc.o
                0x080028f2                SDIO_GetResponse
 .text.SDIO_ConfigData
                0x080028f8       0x26 ./Drivers/STM32F4xx_HAL_Driver/Src/stm32f4xx_ll_sdmmc.o
                0x080028f8                SDIO_ConfigData
 *fill*         0x0800291e        0x2 
 .text.SDMMC_CmdGoIdleState
                0x08002920       0x4c ./Drivers/STM32F4xx_HAL_Driver/Src/stm32f4xx_ll_sdmmc.o
                0x08002920                SDMMC_CmdGoIdleState
 .text.SDMMC_GetCmdResp1
                0x0800296c      0x11c ./Drivers/STM32F4xx_HAL_Driver/Src/stm32f4xx_ll_sdmmc.o
                0x0800296c                SDMMC_GetCmdResp1
 .text.SDMMC_CmdBlockLength
                0x08002a88       0x32 ./Drivers/STM32F4xx_HAL_Driver/Src/stm32f4xx_ll_sdmmc.o
                0x08002a88                SDMMC_CmdBlockLength
 .text.SDMMC_CmdReadSingleBlock
                0x08002aba       0x32 ./Drivers/STM32F4xx_HAL_Driver/Src/stm32f4xx_ll_sdmmc.o
                0x08002aba                SDMMC_CmdReadSingleBlock
 .text.SDMMC_CmdReadMultiBlock
                0x08002aec       0x32 ./Drivers/STM32F4xx_HAL_Driver/Src/stm32f4xx_ll_sdmmc.o
                0x08002aec                SDMMC_CmdReadMultiBlock
 .text.SDMMC_CmdWriteSingleBlock
                0x08002b1e       0x32 ./Drivers/STM32F4xx_HAL_Driver/Src/stm32f4xx_ll_sdmmc.o
                0x08002b1e                SDMMC_CmdWriteSingleBlock
 .text.SDMMC_CmdWriteMultiBlock
                0x08002b50       0x32 ./Drivers/STM32F4xx_HAL_Driver/Src/stm32f4xx_ll_sdmmc.o
                0x08002b50                SDMMC_CmdWriteMultiBlock
 *fill*         0x08002b82        0x2 
 .text.SDMMC_CmdStopTransfer
                0x08002b84       0x34 ./Drivers/STM32F4xx_HAL_Driver/Src/stm32f4xx_ll_sdmmc.o
                0x08002b84                SDMMC_CmdStopTransfer
 .text.SDMMC_CmdSelDesel
                0x08002bb8       0x32 ./Drivers/STM32F4xx_HAL_Driver/Src/stm32f4xx_ll_sdmmc.o
                0x08002bb8                SDMMC_CmdSelDesel
 .text.SDMMC_CmdAppCommand
                0x08002bea       0x32 ./Drivers/STM32F4xx_HAL_Driver/Src/stm32f4xx_ll_sdmmc.o
                0x08002bea                SDMMC_CmdAppCommand
 .text.SDMMC_CmdBusWidth
                0x08002c1c       0x32 ./Drivers/STM32F4xx_HAL_Driver/Src/stm32f4xx_ll_sdmmc.o
                0x08002c1c                SDMMC_CmdBusWidth
 .text.SDMMC_CmdSendSCR
                0x08002c4e       0x32 ./Drivers/STM32F4xx_HAL_Driver/Src/stm32f4xx_ll_sdmmc.o
                0x08002c4e                SDMMC_CmdSendSCR
 .text.SDMMC_CmdSendStatus
                0x08002c80       0x32 ./Drivers/STM32F4xx_HAL_Driver/Src/stm32f4xx_ll_sdmmc.o
                0x08002c80                SDMMC_CmdSendStatus
 *fill*         0x08002cb2        0x2 
 .text.SDMMC_GetCmdResp2
                0x08002cb4       0x4c ./Drivers/STM32F4xx_HAL_Driver/Src/stm32f4xx_ll_sdmmc.o
                0x08002cb4                SDMMC_GetCmdResp2
 .text.SDMMC_CmdSendCID
                0x08002d00       0x2c ./Drivers/STM32F4xx_HAL_Driver/Src/stm32f4xx_ll_sdmmc.o
                0x08002d00                SDMMC_CmdSendCID
 .text.SDMMC_CmdSendCSD
                0x08002d2c       0x2c ./Drivers/STM32F4xx_HAL_Driver/Src/stm32f4xx_ll_sdmmc.o
                0x08002d2c                SDMMC_CmdSendCSD
 .text.SDMMC_GetCmdResp3
                0x08002d58       0x40 ./Drivers/STM32F4xx_HAL_Driver/Src/stm32f4xx_ll_sdmmc.o
                0x08002d58                SDMMC_GetCmdResp3
 .text.SDMMC_CmdAppOperCommand
                0x08002d98       0x34 ./Drivers/STM32F4xx_HAL_Driver/Src/stm32f4xx_ll_sdmmc.o
                0x08002d98                SDMMC_CmdAppOperCommand
 .text.SDMMC_GetCmdResp6
                0x08002dcc       0x80 ./Drivers/STM32F4xx_HAL_Driver/Src/stm32f4xx_ll_sdmmc.o
                0x08002dcc                SDMMC_GetCmdResp6
 .text.SDMMC_CmdSetRelAdd
                0x08002e4c       0x32 ./Drivers/STM32F4xx_HAL_Driver/Src/stm32f4xx_ll_sdmmc.o
                0x08002e4c                SDMMC_CmdSetRelAdd
 *fill*         0x08002e7e        0x2 
 .text.SDMMC_GetCmdResp7
                0x08002e80       0x54 ./Drivers/STM32F4xx_HAL_Driver/Src/stm32f4xx_ll_sdmmc.o
                0x08002e80                SDMMC_GetCmdResp7
 .text.SDMMC_CmdOperCond
                0x08002ed4       0x30 ./Drivers/STM32F4xx_HAL_Driver/Src/stm32f4xx_ll_sdmmc.o
                0x08002ed4                SDMMC_CmdOperCond
 .text.MX_FATFS_Init
                0x08002f04       0x1c ./FATFS/App/fatfs.o
                0x08002f04                MX_FATFS_Init
 .text.get_fattime
                0x08002f20        0x4 ./FATFS/App/fatfs.o
                0x08002f20                get_fattime
 .text.BSP_SD_ReadBlocks_DMA
                0x08002f24       0x1c ./FATFS/Target/bsp_driver_sd.o
                0x08002f24                BSP_SD_ReadBlocks_DMA
 .text.BSP_SD_WriteBlocks_DMA
                0x08002f40       0x1c ./FATFS/Target/bsp_driver_sd.o
                0x08002f40                BSP_SD_WriteBlocks_DMA
 .text.BSP_SD_GetCardState
                0x08002f5c       0x14 ./FATFS/Target/bsp_driver_sd.o
                0x08002f5c                BSP_SD_GetCardState
 .text.BSP_SD_GetCardInfo
                0x08002f70        0xc ./FATFS/Target/bsp_driver_sd.o
                0x08002f70                BSP_SD_GetCardInfo
 .text.BSP_SD_AbortCallback
                0x08002f7c        0x2 ./FATFS/Target/bsp_driver_sd.o
                0x08002f7c                BSP_SD_AbortCallback
 .text.HAL_SD_AbortCallback
                0x08002f7e        0x8 ./FATFS/Target/bsp_driver_sd.o
                0x08002f7e                HAL_SD_AbortCallback
 .text.HAL_SD_TxCpltCallback
                0x08002f86        0x8 ./FATFS/Target/bsp_driver_sd.o
                0x08002f86                HAL_SD_TxCpltCallback
 .text.HAL_SD_RxCpltCallback
                0x08002f8e        0x8 ./FATFS/Target/bsp_driver_sd.o
                0x08002f8e                HAL_SD_RxCpltCallback
 .text.BSP_SD_IsDetected
                0x08002f96       0x1c ./FATFS/Target/bsp_driver_sd.o
                0x08002f96                BSP_SD_IsDetected
 *fill*         0x08002fb2        0x2 
 .text.BSP_SD_Init
                0x08002fb4       0x2c ./FATFS/Target/bsp_driver_sd.o
                0x08002fb4                BSP_SD_Init
 .text.BSP_PlatformIsDetected
                0x08002fe0       0x18 ./FATFS/Target/fatfs_platform.o
                0x08002fe0                BSP_PlatformIsDetected
 .text.SD_ioctl
                0x08002ff8       0x50 ./FATFS/Target/sd_diskio.o
                0x08002ff8                SD_ioctl
 .text.SD_status
                0x08003048       0x20 ./FATFS/Target/sd_diskio.o
                0x08003048                SD_status
 .text.SD_CheckStatusWithTimeout.constprop.0
                0x08003068       0x26 ./FATFS/Target/sd_diskio.o
 *fill*         0x0800308e        0x2 
 .text.SD_write
                0x08003090       0x6c ./FATFS/Target/sd_diskio.o
                0x08003090                SD_write
 .text.SD_read  0x080030fc       0x6c ./FATFS/Target/sd_diskio.o
                0x080030fc                SD_read
 .text.SD_initialize
                0x08003168       0x2c ./FATFS/Target/sd_diskio.o
                0x08003168                SD_initialize
 .text.BSP_SD_WriteCpltCallback
                0x08003194        0xc ./FATFS/Target/sd_diskio.o
                0x08003194                BSP_SD_WriteCpltCallback
 .text.BSP_SD_ReadCpltCallback
                0x080031a0        0xc ./FATFS/Target/sd_diskio.o
                0x080031a0                BSP_SD_ReadCpltCallback
 .text.disk_status
                0x080031ac       0x14 ./Middlewares/Third_Party/FatFs/src/diskio.o
                0x080031ac                disk_status
 .text.disk_initialize
                0x080031c0       0x28 ./Middlewares/Third_Party/FatFs/src/diskio.o
                0x080031c0                disk_initialize
 .text.disk_read
                0x080031e8       0x1c ./Middlewares/Third_Party/FatFs/src/diskio.o
                0x080031e8                disk_read
 .text.disk_write
                0x08003204       0x1c ./Middlewares/Third_Party/FatFs/src/diskio.o
                0x08003204                disk_write
 .text.disk_ioctl
                0x08003220       0x1c ./Middlewares/Third_Party/FatFs/src/diskio.o
                0x08003220                disk_ioctl
 .text.ld_dword
                0x0800323c        0x4 ./Middlewares/Third_Party/FatFs/src/ff.o
 .text.st_dword
                0x08003240       0x10 ./Middlewares/Third_Party/FatFs/src/ff.o
 .text.mem_set  0x08003250        0xc ./Middlewares/Third_Party/FatFs/src/ff.o
 .text.chk_lock
                0x0800325c       0x74 ./Middlewares/Third_Party/FatFs/src/ff.o
 .text.inc_lock
                0x080032d0       0x84 ./Middlewares/Third_Party/FatFs/src/ff.o
 .text.dec_lock
                0x08003354       0x3c ./Middlewares/Third_Party/FatFs/src/ff.o
 .text.clear_lock
                0x08003390       0x1c ./Middlewares/Third_Party/FatFs/src/ff.o
 .text.clust2sect
                0x080033ac       0x16 ./Middlewares/Third_Party/FatFs/src/ff.o
 .text.clmt_clust
                0x080033c2       0x26 ./Middlewares/Third_Party/FatFs/src/ff.o
 .text.sum_sfn  0x080033e8       0x1e ./Middlewares/Third_Party/FatFs/src/ff.o
 .text.get_ldnumber
                0x08003406       0x30 ./Middlewares/Third_Party/FatFs/src/ff.o
 .text.validate
                0x08003436       0x34 ./Middlewares/Third_Party/FatFs/src/ff.o
 .text.sync_window
                0x0800346a       0x4a ./Middlewares/Third_Party/FatFs/src/ff.o
 .text.mem_cpy.part.0
                0x080034b4       0x12 ./Middlewares/Third_Party/FatFs/src/ff.o
 .text.st_clust
                0x080034c6       0x18 ./Middlewares/Third_Party/FatFs/src/ff.o
 .text.move_window
                0x080034de       0x32 ./Middlewares/Third_Party/FatFs/src/ff.o
 .text.check_fs
                0x08003510       0x78 ./Middlewares/Third_Party/FatFs/src/ff.o
 .text.find_volume
                0x08003588      0x290 ./Middlewares/Third_Party/FatFs/src/ff.o
 .text.put_fat  0x08003818      0x120 ./Middlewares/Third_Party/FatFs/src/ff.o
 .text.sync_fs  0x08003938       0x94 ./Middlewares/Third_Party/FatFs/src/ff.o
 .text.ld_clust.isra.0
                0x080039cc       0x10 ./Middlewares/Third_Party/FatFs/src/ff.o
 .text.get_fat.isra.0
                0x080039dc       0xd6 ./Middlewares/Third_Party/FatFs/src/ff.o
 .text.remove_chain
                0x08003ab2       0x6e ./Middlewares/Third_Party/FatFs/src/ff.o
 .text.create_chain
                0x08003b20       0xb0 ./Middlewares/Third_Party/FatFs/src/ff.o
 .text.dir_next
                0x08003bd0       0xf8 ./Middlewares/Third_Party/FatFs/src/ff.o
 .text.dir_read.constprop.0
                0x08003cc8       0xf8 ./Middlewares/Third_Party/FatFs/src/ff.o
 .text.dir_sdi  0x08003dc0       0x86 ./Middlewares/Third_Party/FatFs/src/ff.o
 .text.dir_remove
                0x08003e46       0x4e ./Middlewares/Third_Party/FatFs/src/ff.o
 .text.dir_find
                0x08003e94      0x15c ./Middlewares/Third_Party/FatFs/src/ff.o
 .text.dir_register
                0x08003ff0      0x28c ./Middlewares/Third_Party/FatFs/src/ff.o
 .text.follow_path
                0x0800427c      0x270 ./Middlewares/Third_Party/FatFs/src/ff.o
 .text.f_mount  0x080044ec       0x54 ./Middlewares/Third_Party/FatFs/src/ff.o
                0x080044ec                f_mount
 .text.f_open   0x08004540      0x200 ./Middlewares/Third_Party/FatFs/src/ff.o
                0x08004540                f_open
 .text.f_read   0x08004740      0x178 ./Middlewares/Third_Party/FatFs/src/ff.o
                0x08004740                f_read
 .text.f_sync   0x080048b8       0x96 ./Middlewares/Third_Party/FatFs/src/ff.o
                0x080048b8                f_sync
 .text.f_close  0x0800494e       0x22 ./Middlewares/Third_Party/FatFs/src/ff.o
                0x0800494e                f_close
 .text.f_unlink
                0x08004970       0xa8 ./Middlewares/Third_Party/FatFs/src/ff.o
                0x08004970                f_unlink
 .text.FATFS_LinkDriverEx
                0x08004a18       0x40 ./Middlewares/Third_Party/FatFs/src/ff_gen_drv.o
                0x08004a18                FATFS_LinkDriverEx
 .text.FATFS_LinkDriver
                0x08004a58        0x6 ./Middlewares/Third_Party/FatFs/src/ff_gen_drv.o
                0x08004a58                FATFS_LinkDriver
 *fill*         0x08004a5e        0x2 
 .text.ff_convert
                0x08004a60       0x38 ./Middlewares/Third_Party/FatFs/src/option/ccsbcs.o
                0x08004a60                ff_convert
 .text.ff_wtoupper
                0x08004a98       0x84 ./Middlewares/Third_Party/FatFs/src/option/ccsbcs.o
                0x08004a98                ff_wtoupper
 .text.memset   0x08004b1c       0x10 /Applications/STM32CubeIDE.app/Contents/Eclipse/plugins/com.st.stm32cube.ide.mcu.externaltools.gnu-tools-for-stm32.12.3.rel1.macos64_1.0.200.202406191456/tools/bin/../lib/gcc/arm-none-eabi/12.3.1/../../../../arm-none-eabi/lib/thumb/v7e-m+fp/hard/libc_nano.a(libc_a-memset.o)
                0x08004b1c                memset
 .text.__libc_init_array
                0x08004b2c       0x48 /Applications/STM32CubeIDE.app/Contents/Eclipse/plugins/com.st.stm32cube.ide.mcu.externaltools.gnu-tools-for-stm32.12.3.rel1.macos64_1.0.200.202406191456/tools/bin/../lib/gcc/arm-none-eabi/12.3.1/../../../../arm-none-eabi/lib/thumb/v7e-m+fp/hard/libc_nano.a(libc_a-init.o)
                0x08004b2c                __libc_init_array
 *(.glue_7)
 .glue_7        0x08004b74        0x0 linker stubs
 *(.glue_7t)
 .glue_7t       0x08004b74        0x0 linker stubs
 *(.eh_frame)
 .eh_frame      0x08004b74        0x0 /Applications/STM32CubeIDE.app/Contents/Eclipse/plugins/com.st.stm32cube.ide.mcu.externaltools.gnu-tools-for-stm32.12.3.rel1.macos64_1.0.200.202406191456/tools/bin/../lib/gcc/arm-none-eabi/12.3.1/thumb/v7e-m+fp/hard/crtbegin.o
 *(.init)
 .init          0x08004b74        0x4 /Applications/STM32CubeIDE.app/Contents/Eclipse/plugins/com.st.stm32cube.ide.mcu.externaltools.gnu-tools-for-stm32.12.3.rel1.macos64_1.0.200.202406191456/tools/bin/../lib/gcc/arm-none-eabi/12.3.1/thumb/v7e-m+fp/hard/crti.o
                0x08004b74                _init
 .init          0x08004b78        0x8 /Applications/STM32CubeIDE.app/Contents/Eclipse/plugins/com.st.stm32cube.ide.mcu.externaltools.gnu-tools-for-stm32.12.3.rel1.macos64_1.0.200.202406191456/tools/bin/../lib/gcc/arm-none-eabi/12.3.1/thumb/v7e-m+fp/hard/crtn.o
 *(.fini)
 .fini          0x08004b80        0x4 /Applications/STM32CubeIDE.app/Contents/Eclipse/plugins/com.st.stm32cube.ide.mcu.externaltools.gnu-tools-for-stm32.12.3.rel1.macos64_1.0.200.202406191456/tools/bin/../lib/gcc/arm-none-eabi/12.3.1/thumb/v7e-m+fp/hard/crti.o
                0x08004b80                _fini
 .fini          0x08004b84        0x8 /Applications/STM32CubeIDE.app/Contents/Eclipse/plugins/com.st.stm32cube.ide.mcu.externaltools.gnu-tools-for-stm32.12.3.rel1.macos64_1.0.200.202406191456/tools/bin/../lib/gcc/arm-none-eabi/12.3.1/thumb/v7e-m+fp/hard/crtn.o
                0x08004b8c                        . = ALIGN (0x4)
                0x08004b8c                        _etext = .

.vfp11_veneer   0x08004b8c        0x0
 .vfp11_veneer  0x08004b8c        0x0 linker stubs

.v4_bx          0x08004b8c        0x0
 .v4_bx         0x08004b8c        0x0 linker stubs

.iplt           0x08004b8c        0x0
 .iplt          0x08004b8c        0x0 /Applications/STM32CubeIDE.app/Contents/Eclipse/plugins/com.st.stm32cube.ide.mcu.externaltools.gnu-tools-for-stm32.12.3.rel1.macos64_1.0.200.202406191456/tools/bin/../lib/gcc/arm-none-eabi/12.3.1/thumb/v7e-m+fp/hard/crtbegin.o

.rodata         0x08004b8c      0x488
                0x08004b8c                        . = ALIGN (0x4)
 *(.rodata)
 *(.rodata*)
 .rodata.main.str1.1
                0x08004b8c        0xd ./Core/Src/main.o
 .rodata.CSWTCH.11
                0x08004b99        0x3 ./Core/Src/main.o
 .rodata.AHBPrescTable
                0x08004b9c       0x10 ./Core/Src/system_stm32f4xx.o
                0x08004b9c                AHBPrescTable
 .rodata.flagBitshiftOffset.0
                0x08004bac        0x8 ./Drivers/STM32F4xx_HAL_Driver/Src/stm32f4xx_hal_dma.o
 .rodata.SD_Driver
                0x08004bb4       0x14 ./FATFS/Target/sd_diskio.o
                0x08004bb4                SD_Driver
 .rodata.follow_path.str1.1
                0x08004bc8       0x10 ./Middlewares/Third_Party/FatFs/src/ff.o
 .rodata.LfnOfs
                0x08004bd8        0xd ./Middlewares/Third_Party/FatFs/src/ff.o
 .rodata.ExCvt  0x08004be5       0x80 ./Middlewares/Third_Party/FatFs/src/ff.o
 *fill*         0x08004c65        0x1 
 .rodata.cvt2.0
                0x08004c66       0xbc ./Middlewares/Third_Party/FatFs/src/option/ccsbcs.o
 .rodata.cvt1.1
                0x08004d22      0x1f2 ./Middlewares/Third_Party/FatFs/src/option/ccsbcs.o
 .rodata.Tbl    0x08004f14      0x100 ./Middlewares/Third_Party/FatFs/src/option/ccsbcs.o
                0x08005014                        . = ALIGN (0x4)

.ARM.extab      0x08005014        0x0
                0x08005014                        . = ALIGN (0x4)
 *(.ARM.extab* .gnu.linkonce.armextab.*)
                0x08005014                        . = ALIGN (0x4)

.ARM            0x08005014        0x8
                0x08005014                        . = ALIGN (0x4)
                0x08005014                        __exidx_start = .
 *(.ARM.exidx*)
 .ARM.exidx     0x08005014        0x8 /Applications/STM32CubeIDE.app/Contents/Eclipse/plugins/com.st.stm32cube.ide.mcu.externaltools.gnu-tools-for-stm32.12.3.rel1.macos64_1.0.200.202406191456/tools/bin/../lib/gcc/arm-none-eabi/12.3.1/thumb/v7e-m+fp/hard/libgcc.a(_udivmoddi4.o)
                0x0800501c                        __exidx_end = .
                0x0800501c                        . = ALIGN (0x4)

.preinit_array  0x0800501c        0x0
                0x0800501c                        . = ALIGN (0x4)
                0x0800501c                        PROVIDE (__preinit_array_start = .)
 *(.preinit_array*)
                0x0800501c                        PROVIDE (__preinit_array_end = .)
                0x0800501c                        . = ALIGN (0x4)

.init_array     0x0800501c        0x4
                0x0800501c                        . = ALIGN (0x4)
                0x0800501c                        PROVIDE (__init_array_start = .)
 *(SORT_BY_NAME(.init_array.*))
 *(.init_array*)
 .init_array    0x0800501c        0x4 /Applications/STM32CubeIDE.app/Contents/Eclipse/plugins/com.st.stm32cube.ide.mcu.externaltools.gnu-tools-for-stm32.12.3.rel1.macos64_1.0.200.202406191456/tools/bin/../lib/gcc/arm-none-eabi/12.3.1/thumb/v7e-m+fp/hard/crtbegin.o
                0x08005020                        PROVIDE (__init_array_end = .)
                0x08005020                        . = ALIGN (0x4)

.fini_array     0x08005020        0x4
                0x08005020                        . = ALIGN (0x4)
                [!provide]                        PROVIDE (__fini_array_start = .)
 *(SORT_BY_NAME(.fini_array.*))
 *(.fini_array*)
 .fini_array    0x08005020        0x4 /Applications/STM32CubeIDE.app/Contents/Eclipse/plugins/com.st.stm32cube.ide.mcu.externaltools.gnu-tools-for-stm32.12.3.rel1.macos64_1.0.200.202406191456/tools/bin/../lib/gcc/arm-none-eabi/12.3.1/thumb/v7e-m+fp/hard/crtbegin.o
                [!provide]                        PROVIDE (__fini_array_end = .)
                0x08005024                        . = ALIGN (0x4)
                0x08005024                        _sidata = LOADADDR (.data)

.rel.dyn        0x08005024        0x0
 .rel.iplt      0x08005024        0x0 /Applications/STM32CubeIDE.app/Contents/Eclipse/plugins/com.st.stm32cube.ide.mcu.externaltools.gnu-tools-for-stm32.12.3.rel1.macos64_1.0.200.202406191456/tools/bin/../lib/gcc/arm-none-eabi/12.3.1/thumb/v7e-m+fp/hard/crtbegin.o

.data           0x20000000       0x10 load address 0x08005024
                0x20000000                        . = ALIGN (0x4)
                0x20000000                        _sdata = .
 *(.data)
 *(.data*)
 .data.SystemCoreClock
                0x20000000        0x4 ./Core/Src/system_stm32f4xx.o
                0x20000000                SystemCoreClock
 .data.uwTickFreq
                0x20000004        0x1 ./Drivers/STM32F4xx_HAL_Driver/Src/stm32f4xx_hal.o
                0x20000004                uwTickFreq
 *fill*         0x20000005        0x3 
 .data.uwTickPrio
                0x20000008        0x4 ./Drivers/STM32F4xx_HAL_Driver/Src/stm32f4xx_hal.o
                0x20000008                uwTickPrio
 .data.Stat     0x2000000c        0x1 ./FATFS/Target/sd_diskio.o
 *(.RamFunc)
 *(.RamFunc*)
                0x20000010                        . = ALIGN (0x4)
 *fill*         0x2000000d        0x3 
                0x20000010                        _edata = .

.igot.plt       0x20000010        0x0 load address 0x08005034
 .igot.plt      0x20000010        0x0 /Applications/STM32CubeIDE.app/Contents/Eclipse/plugins/com.st.stm32cube.ide.mcu.externaltools.gnu-tools-for-stm32.12.3.rel1.macos64_1.0.200.202406191456/tools/bin/../lib/gcc/arm-none-eabi/12.3.1/thumb/v7e-m+fp/hard/crtbegin.o
                0x20000010                        . = ALIGN (0x4)

.bss            0x20000010      0x3e8 load address 0x08005034
                0x20000010                        _sbss = .
                0x20000010                        __bss_start__ = _sbss
 *(.bss)
 .bss           0x20000010       0x1c /Applications/STM32CubeIDE.app/Contents/Eclipse/plugins/com.st.stm32cube.ide.mcu.externaltools.gnu-tools-for-stm32.12.3.rel1.macos64_1.0.200.202406191456/tools/bin/../lib/gcc/arm-none-eabi/12.3.1/thumb/v7e-m+fp/hard/crtbegin.o
 *(.bss*)
 .bss.hrtc      0x2000002c       0x20 ./Core/Src/rtc.o
                0x2000002c                hrtc
 .bss.hdma_sdio_tx
                0x2000004c       0x60 ./Core/Src/sdio.o
                0x2000004c                hdma_sdio_tx
 .bss.hdma_sdio_rx
                0x200000ac       0x60 ./Core/Src/sdio.o
                0x200000ac                hdma_sdio_rx
 .bss.hsd       0x2000010c       0x84 ./Core/Src/sdio.o
                0x2000010c                hsd
 .bss.uwTick    0x20000190        0x4 ./Drivers/STM32F4xx_HAL_Driver/Src/stm32f4xx_hal.o
                0x20000190                uwTick
 .bss.pFlash    0x20000194       0x20 ./Drivers/STM32F4xx_HAL_Driver/Src/stm32f4xx_hal_flash.o
                0x20000194                pFlash
 .bss.SDPath    0x200001b4        0x4 ./FATFS/App/fatfs.o
                0x200001b4                SDPath
 .bss.retSD     0x200001b8        0x1 ./FATFS/App/fatfs.o
                0x200001b8                retSD
 *fill*         0x200001b9        0x3 
 .bss.ReadStatus
                0x200001bc        0x4 ./FATFS/Target/sd_diskio.o
 .bss.WriteStatus
                0x200001c0        0x4 ./FATFS/Target/sd_diskio.o
 .bss.LfnBuf    0x200001c4      0x200 ./Middlewares/Third_Party/FatFs/src/ff.o
 .bss.Files     0x200003c4       0x20 ./Middlewares/Third_Party/FatFs/src/ff.o
 .bss.Fsid      0x200003e4        0x2 ./Middlewares/Third_Party/FatFs/src/ff.o
 *fill*         0x200003e6        0x2 
 .bss.FatFs     0x200003e8        0x4 ./Middlewares/Third_Party/FatFs/src/ff.o
 .bss.disk      0x200003ec        0xc ./Middlewares/Third_Party/FatFs/src/ff_gen_drv.o
                0x200003ec                disk
 *(COMMON)
                0x200003f8                        . = ALIGN (0x4)
                0x200003f8                        _ebss = .
                0x200003f8                        __bss_end__ = _ebss

._user_heap_stack
                0x200003f8      0xc00 load address 0x08005034
                0x200003f8                        . = ALIGN (0x8)
                [!provide]                        PROVIDE (end = .)
                0x200003f8                        PROVIDE (_end = .)
                0x200007f8                        . = (. + _Min_Heap_Size)
 *fill*         0x200003f8      0x400 
                0x20000ff8                        . = (. + _Min_Stack_Size)
 *fill*         0x200007f8      0x800 
                0x20000ff8                        . = ALIGN (0x8)

/DISCARD/
 libc.a(*)
 libm.a(*)
 libgcc.a(*)

.ARM.attributes
                0x00000000       0x30
 *(.ARM.attributes)
 .ARM.attributes
                0x00000000       0x22 /Applications/STM32CubeIDE.app/Contents/Eclipse/plugins/com.st.stm32cube.ide.mcu.externaltools.gnu-tools-for-stm32.12.3.rel1.macos64_1.0.200.202406191456/tools/bin/../lib/gcc/arm-none-eabi/12.3.1/thumb/v7e-m+fp/hard/crti.o
 .ARM.attributes
                0x00000022       0x34 /Applications/STM32CubeIDE.app/Contents/Eclipse/plugins/com.st.stm32cube.ide.mcu.externaltools.gnu-tools-for-stm32.12.3.rel1.macos64_1.0.200.202406191456/tools/bin/../lib/gcc/arm-none-eabi/12.3.1/thumb/v7e-m+fp/hard/crtbegin.o
 .ARM.attributes
                0x00000056       0x34 ./Core/Src/dma.o
 .ARM.attributes
                0x0000008a       0x34 ./Core/Src/gpio.o
 .ARM.attributes
                0x000000be       0x34 ./Core/Src/main.o
 .ARM.attributes
                0x000000f2       0x34 ./Core/Src/rtc.o
 .ARM.attributes
                0x00000126       0x34 ./Core/Src/sdio.o
 .ARM.attributes
                0x0000015a       0x34 ./Core/Src/stm32f4xx_hal_msp.o
 .ARM.attributes
                0x0000018e       0x34 ./Core/Src/stm32f4xx_it.o
 .ARM.attributes
                0x000001c2       0x34 ./Core/Src/system_stm32f4xx.o
 .ARM.attributes
                0x000001f6       0x21 ./Core/Startup/startup_stm32f401rctx.o
 .ARM.attributes
                0x00000217       0x34 ./Drivers/STM32F4xx_HAL_Driver/Src/stm32f4xx_hal.o
 .ARM.attributes
                0x0000024b       0x34 ./Drivers/STM32F4xx_HAL_Driver/Src/stm32f4xx_hal_cortex.o
 .ARM.attributes
                0x0000027f       0x34 ./Drivers/STM32F4xx_HAL_Driver/Src/stm32f4xx_hal_dma.o
 .ARM.attributes
                0x000002b3       0x34 ./Drivers/STM32F4xx_HAL_Driver/Src/stm32f4xx_hal_flash.o
 .ARM.attributes
                0x000002e7       0x34 ./Drivers/STM32F4xx_HAL_Driver/Src/stm32f4xx_hal_flash_ex.o
 .ARM.attributes
                0x0000031b       0x34 ./Drivers/STM32F4xx_HAL_Driver/Src/stm32f4xx_hal_gpio.o
 .ARM.attributes
                0x0000034f       0x34 ./Drivers/STM32F4xx_HAL_Driver/Src/stm32f4xx_hal_rcc.o
 .ARM.attributes
                0x00000383       0x34 ./Drivers/STM32F4xx_HAL_Driver/Src/stm32f4xx_hal_rcc_ex.o
 .ARM.attributes
                0x000003b7       0x34 ./Drivers/STM32F4xx_HAL_Driver/Src/stm32f4xx_hal_rtc.o
 .ARM.attributes
                0x000003eb       0x34 ./Drivers/STM32F4xx_HAL_Driver/Src/stm32f4xx_hal_sd.o
 .ARM.attributes
                0x0000041f       0x34 ./Drivers/STM32F4xx_HAL_Driver/Src/stm32f4xx_ll_sdmmc.o
 .ARM.attributes
                0x00000453       0x34 ./FATFS/App/fatfs.o
 .ARM.attributes
                0x00000487       0x34 ./FATFS/Target/bsp_driver_sd.o
 .ARM.attributes
                0x000004bb       0x34 ./FATFS/Target/fatfs_platform.o
 .ARM.attributes
                0x000004ef       0x34 ./FATFS/Target/sd_diskio.o
 .ARM.attributes
                0x00000523       0x34 ./Middlewares/Third_Party/FatFs/src/diskio.o
 .ARM.attributes
                0x00000557       0x34 ./Middlewares/Third_Party/FatFs/src/ff.o
 .ARM.attributes
                0x0000058b       0x34 ./Middlewares/Third_Party/FatFs/src/ff_gen_drv.o
 .ARM.attributes
                0x000005bf       0x34 ./Middlewares/Third_Party/FatFs/src/option/ccsbcs.o
 .ARM.attributes
                0x000005f3       0x34 /Applications/STM32CubeIDE.app/Contents/Eclipse/plugins/com.st.stm32cube.ide.mcu.externaltools.gnu-tools-for-stm32.12.3.rel1.macos64_1.0.200.202406191456/tools/bin/../lib/gcc/arm-none-eabi/12.3.1/../../../../arm-none-eabi/lib/thumb/v7e-m+fp/hard/libc_nano.a(libc_a-memset.o)
 .ARM.attributes
                0x00000627       0x34 /Applications/STM32CubeIDE.app/Contents/Eclipse/plugins/com.st.stm32cube.ide.mcu.externaltools.gnu-tools-for-stm32.12.3.rel1.macos64_1.0.200.202406191456/tools/bin/../lib/gcc/arm-none-eabi/12.3.1/../../../../arm-none-eabi/lib/thumb/v7e-m+fp/hard/libc_nano.a(libc_a-init.o)
 .ARM.attributes
                0x0000065b       0x22 /Applications/STM32CubeIDE.app/Contents/Eclipse/plugins/com.st.stm32cube.ide.mcu.externaltools.gnu-tools-for-stm32.12.3.rel1.macos64_1.0.200.202406191456/tools/bin/../lib/gcc/arm-none-eabi/12.3.1/thumb/v7e-m+fp/hard/libgcc.a(_aeabi_uldivmod.o)
 .ARM.attributes
                0x0000067d       0x34 /Applications/STM32CubeIDE.app/Contents/Eclipse/plugins/com.st.stm32cube.ide.mcu.externaltools.gnu-tools-for-stm32.12.3.rel1.macos64_1.0.200.202406191456/tools/bin/../lib/gcc/arm-none-eabi/12.3.1/thumb/v7e-m+fp/hard/libgcc.a(_udivmoddi4.o)
 .ARM.attributes
                0x000006b1       0x22 /Applications/STM32CubeIDE.app/Contents/Eclipse/plugins/com.st.stm32cube.ide.mcu.externaltools.gnu-tools-for-stm32.12.3.rel1.macos64_1.0.200.202406191456/tools/bin/../lib/gcc/arm-none-eabi/12.3.1/thumb/v7e-m+fp/hard/libgcc.a(_dvmd_tls.o)
 .ARM.attributes
                0x000006d3       0x22 /Applications/STM32CubeIDE.app/Contents/Eclipse/plugins/com.st.stm32cube.ide.mcu.externaltools.gnu-tools-for-stm32.12.3.rel1.macos64_1.0.200.202406191456/tools/bin/../lib/gcc/arm-none-eabi/12.3.1/thumb/v7e-m+fp/hard/crtn.o
OUTPUT(Vexuf1-bootloader.elf elf32-littlearm)
LOAD linker stubs
LOAD /Applications/STM32CubeIDE.app/Contents/Eclipse/plugins/com.st.stm32cube.ide.mcu.externaltools.gnu-tools-for-stm32.12.3.rel1.macos64_1.0.200.202406191456/tools/bin/../lib/gcc/arm-none-eabi/12.3.1/../../../../arm-none-eabi/lib/thumb/v7e-m+fp/hard/libc.a
LOAD /Applications/STM32CubeIDE.app/Contents/Eclipse/plugins/com.st.stm32cube.ide.mcu.externaltools.gnu-tools-for-stm32.12.3.rel1.macos64_1.0.200.202406191456/tools/bin/../lib/gcc/arm-none-eabi/12.3.1/../../../../arm-none-eabi/lib/thumb/v7e-m+fp/hard/libm.a
LOAD /Applications/STM32CubeIDE.app/Contents/Eclipse/plugins/com.st.stm32cube.ide.mcu.externaltools.gnu-tools-for-stm32.12.3.rel1.macos64_1.0.200.202406191456/tools/bin/../lib/gcc/arm-none-eabi/12.3.1/thumb/v7e-m+fp/hard/libgcc.a

.comment        0x00000000       0x43
 .comment       0x00000000       0x43 ./Core/Src/dma.o
                                 0x44 (size before relaxing)
 .comment       0x00000043       0x44 ./Core/Src/gpio.o
 .comment       0x00000043       0x44 ./Core/Src/main.o
 .comment       0x00000043       0x44 ./Core/Src/rtc.o
 .comment       0x00000043       0x44 ./Core/Src/sdio.o
 .comment       0x00000043       0x44 ./Core/Src/stm32f4xx_hal_msp.o
 .comment       0x00000043       0x44 ./Core/Src/stm32f4xx_it.o
 .comment       0x00000043       0x44 ./Core/Src/system_stm32f4xx.o
 .comment       0x00000043       0x44 ./Drivers/STM32F4xx_HAL_Driver/Src/stm32f4xx_hal.o
 .comment       0x00000043       0x44 ./Drivers/STM32F4xx_HAL_Driver/Src/stm32f4xx_hal_cortex.o
 .comment       0x00000043       0x44 ./Drivers/STM32F4xx_HAL_Driver/Src/stm32f4xx_hal_dma.o
 .comment       0x00000043       0x44 ./Drivers/STM32F4xx_HAL_Driver/Src/stm32f4xx_hal_flash.o
 .comment       0x00000043       0x44 ./Drivers/STM32F4xx_HAL_Driver/Src/stm32f4xx_hal_flash_ex.o
 .comment       0x00000043       0x44 ./Drivers/STM32F4xx_HAL_Driver/Src/stm32f4xx_hal_gpio.o
 .comment       0x00000043       0x44 ./Drivers/STM32F4xx_HAL_Driver/Src/stm32f4xx_hal_rcc.o
 .comment       0x00000043       0x44 ./Drivers/STM32F4xx_HAL_Driver/Src/stm32f4xx_hal_rcc_ex.o
 .comment       0x00000043       0x44 ./Drivers/STM32F4xx_HAL_Driver/Src/stm32f4xx_hal_rtc.o
 .comment       0x00000043       0x44 ./Drivers/STM32F4xx_HAL_Driver/Src/stm32f4xx_hal_sd.o
 .comment       0x00000043       0x44 ./Drivers/STM32F4xx_HAL_Driver/Src/stm32f4xx_ll_sdmmc.o
 .comment       0x00000043       0x44 ./FATFS/App/fatfs.o
 .comment       0x00000043       0x44 ./FATFS/Target/bsp_driver_sd.o
 .comment       0x00000043       0x44 ./FATFS/Target/fatfs_platform.o
 .comment       0x00000043       0x44 ./FATFS/Target/sd_diskio.o
 .comment       0x00000043       0x44 ./Middlewares/Third_Party/FatFs/src/diskio.o
 .comment       0x00000043       0x44 ./Middlewares/Third_Party/FatFs/src/ff.o
 .comment       0x00000043       0x44 ./Middlewares/Third_Party/FatFs/src/ff_gen_drv.o
 .comment       0x00000043       0x44 ./Middlewares/Third_Party/FatFs/src/option/ccsbcs.o

.debug_frame    0x00000000       0xac
 .debug_frame   0x00000000       0x20 /Applications/STM32CubeIDE.app/Contents/Eclipse/plugins/com.st.stm32cube.ide.mcu.externaltools.gnu-tools-for-stm32.12.3.rel1.macos64_1.0.200.202406191456/tools/bin/../lib/gcc/arm-none-eabi/12.3.1/../../../../arm-none-eabi/lib/thumb/v7e-m+fp/hard/libc_nano.a(libc_a-memset.o)
 .debug_frame   0x00000020       0x2c /Applications/STM32CubeIDE.app/Contents/Eclipse/plugins/com.st.stm32cube.ide.mcu.externaltools.gnu-tools-for-stm32.12.3.rel1.macos64_1.0.200.202406191456/tools/bin/../lib/gcc/arm-none-eabi/12.3.1/../../../../arm-none-eabi/lib/thumb/v7e-m+fp/hard/libc_nano.a(libc_a-init.o)
 .debug_frame   0x0000004c       0x2c /Applications/STM32CubeIDE.app/Contents/Eclipse/plugins/com.st.stm32cube.ide.mcu.externaltools.gnu-tools-for-stm32.12.3.rel1.macos64_1.0.200.202406191456/tools/bin/../lib/gcc/arm-none-eabi/12.3.1/thumb/v7e-m+fp/hard/libgcc.a(_aeabi_uldivmod.o)
 .debug_frame   0x00000078       0x34 /Applications/STM32CubeIDE.app/Contents/Eclipse/plugins/com.st.stm32cube.ide.mcu.externaltools.gnu-tools-for-stm32.12.3.rel1.macos64_1.0.200.202406191456/tools/bin/../lib/gcc/arm-none-eabi/12.3.1/thumb/v7e-m+fp/hard/libgcc.a(_udivmoddi4.o)
